Component: ARM Compiler 5.06 (build 20) Tool: armlink [4d35a3]

==============================================================================

Section Cross References

    main.o(i.main) refers to _printf_pad.o(.text) for _printf_pre_padding
    main.o(i.main) refers to _printf_percent.o(.ARM.Collect$$_printf_percent$$00000000) for _printf_percent
    main.o(i.main) refers to _printf_f.o(.ARM.Collect$$_printf_percent$$00000003) for _printf_f
    main.o(i.main) refers to printf1.o(x$fpl$printf1) for _printf_fp_dec
    main.o(i.main) refers to kd1602.o(i.lcd_init) for lcd_init
    main.o(i.main) refers to my_systick.o(i.init_systick) for init_systick
    main.o(i.main) refers to my_uart.o(i.init_UART1) for init_UART1
    main.o(i.main) refers to my_max30102.o(i.hr_spo2_init) for hr_spo2_init
    main.o(i.main) refers to kd1602.o(i.lcd_print) for lcd_print
    main.o(i.main) refers to gpio.o(i.GPIO_SetMode) for GPIO_SetMode
    main.o(i.main) refers to my_max30102.o(i.hr_spo2_wait_PR_ready) for hr_spo2_wait_PR_ready
    main.o(i.main) refers to my_max30102.o(i.hr_spo2_wait_WR_ready) for hr_spo2_wait_WR_ready
    main.o(i.main) refers to my_i2c.o(i.i2c_start) for i2c_start
    main.o(i.main) refers to my_i2c.o(i.i2c_write) for i2c_write
    main.o(i.main) refers to my_i2c.o(i.i2c_read) for i2c_read
    main.o(i.main) refers to my_i2c.o(i.i2c_stop) for i2c_stop
    main.o(i.main) refers to main.o(i.__ARM_common_switch8) for __ARM_common_switch8
    main.o(i.main) refers to aeabi_sdiv.o(.text) for __aeabi_idivmod
    main.o(i.main) refers to fflti.o(.text) for __aeabi_i2f
    main.o(i.main) refers to faddsub.o(x$fpl$fsub) for __aeabi_fsub
    main.o(i.main) refers to fdiv.o(.text) for __aeabi_fdiv
    main.o(i.main) refers to f2d.o(.text) for __aeabi_f2d
    main.o(i.main) refers to dmul.o(.text) for __aeabi_dmul
    main.o(i.main) refers to daddsub.o(.text) for __aeabi_drsub
    main.o(i.main) refers to d2f.o(.text) for __aeabi_d2f
    main.o(i.main) refers to noretval__2sprintf.o(.text) for __2sprintf
    kd1602.o(i.lcd_cmd) refers to kd1602.o(i.delay) for delay
    kd1602.o(i.lcd_init) refers to kd1602.o(i.delay) for delay
    kd1602.o(i.lcd_init) refers to kd1602.o(i.lcd_cmd) for lcd_cmd
    kd1602.o(i.lcd_init) refers to kd1602.o(i.lcd_print) for lcd_print
    kd1602.o(i.lcd_print) refers to kd1602.o(i.lcd_cmd) for lcd_cmd
    kd1602.o(i.lcd_print) refers to kd1602.o(i.lcd_put) for lcd_put
    kd1602.o(i.lcd_put) refers to kd1602.o(i.delay) for delay
    my_i2c.o(i.i2c_read) refers to my_i2c.o(i.delay) for delay
    my_i2c.o(i.i2c_start) refers to gpio.o(i.GPIO_SetMode) for GPIO_SetMode
    my_i2c.o(i.i2c_start) refers to my_i2c.o(i.delay) for delay
    my_i2c.o(i.i2c_stop) refers to my_i2c.o(i.delay) for delay
    my_i2c.o(i.i2c_write) refers to my_i2c.o(i.delay) for delay
    my_systick.o(i.SysTick_Handler) refers to my_systick.o(.data) for tick
    my_systick.o(i.delay_ms) refers to my_systick.o(.data) for tick
    my_systick.o(i.get_systick) refers to my_systick.o(.data) for tick
    my_systick.o(i.init_systick) refers to aeabi_sdiv.o(.text) for __aeabi_uidivmod
    my_systick.o(i.init_systick) refers to my_systick.o(i.NVIC_SetPriority) for NVIC_SetPriority
    my_systick.o(i.init_systick) refers to system_nano100series.o(.data) for SystemCoreClock
    my_uart.o(i.init_HCLK_HXT_32M) refers to my_uart.o(i.SYS_UnlockReg) for SYS_UnlockReg
    my_uart.o(i.init_HCLK_HXT_32M) refers to clk.o(i.CLK_SetHCLK) for CLK_SetHCLK
    my_uart.o(i.init_HCLK_HXT_32M) refers to clk.o(i.CLK_EnableXtalRC) for CLK_EnableXtalRC
    my_uart.o(i.init_HCLK_HXT_32M) refers to clk.o(i.CLK_WaitClockReady) for CLK_WaitClockReady
    my_uart.o(i.init_HCLK_HXT_32M) refers to clk.o(i.CLK_SetCoreClock) for CLK_SetCoreClock
    my_uart.o(i.init_UART1) refers to my_uart.o(i.SYS_UnlockReg) for SYS_UnlockReg
    my_uart.o(i.init_UART1) refers to clk.o(i.CLK_EnableModuleClock) for CLK_EnableModuleClock
    my_uart.o(i.init_UART1) refers to clk.o(i.CLK_SetModuleClock) for CLK_SetModuleClock
    my_uart.o(i.init_UART1) refers to uart.o(i.UART_Open) for UART_Open
    my_max30102_setwr.o(i.set_read_1) refers to my_i2c.o(i.i2c_start) for i2c_start
    my_max30102_setwr.o(i.set_read_1) refers to my_i2c.o(i.i2c_write) for i2c_write
    my_max30102_setwr.o(i.set_read_1) refers to my_i2c.o(i.i2c_read) for i2c_read
    my_max30102_setwr.o(i.set_read_1) refers to my_i2c.o(i.i2c_stop) for i2c_stop
    my_max30102_setwr.o(i.set_write_2) refers to my_i2c.o(i.i2c_start) for i2c_start
    my_max30102_setwr.o(i.set_write_2) refers to my_i2c.o(i.i2c_write) for i2c_write
    my_max30102_setwr.o(i.set_write_3) refers to my_i2c.o(i.i2c_start) for i2c_start
    my_max30102_setwr.o(i.set_write_3) refers to my_i2c.o(i.i2c_write) for i2c_write
    my_max30102.o(i.hr_spo2_adc_rge) refers to my_max30102_setwr.o(i.set_write_2) for set_write_2
    my_max30102.o(i.hr_spo2_adc_rge) refers to my_max30102_setwr.o(i.set_read_1) for set_read_1
[...]
    libinit.o(.ARM.Collect$$libinit$$00000000) refers (Special) to libinit2.o(.ARM.Collect$$libinit$$00000011) for __rt_lib_init_lc_collate_1
    libinit.o(.ARM.Collect$$libinit$$00000000) refers (Special) to libinit2.o(.ARM.Collect$$libinit$$00000013) for __rt_lib_init_lc_ctype_1
    libinit.o(.ARM.Collect$$libinit$$00000000) refers (Special) to libinit2.o(.ARM.Collect$$libinit$$00000015) for __rt_lib_init_lc_monetary_1
    libinit.o(.ARM.Collect$$libinit$$00000000) refers (Special) to libinit2.o(.ARM.Collect$$libinit$$00000017) for __rt_lib_init_lc_numeric_1
    libinit.o(.ARM.Collect$$libinit$$00000000) refers (Special) to libinit2.o(.ARM.Collect$$libinit$$00000019) for __rt_lib_init_lc_time_1
    libinit.o(.ARM.Collect$$libinit$$00000000) refers (Special) to libinit2.o(.ARM.Collect$$libinit$$00000004) for __rt_lib_init_preinit_1
    libinit.o(.ARM.Collect$$libinit$$00000000) refers (Special) to libinit2.o(.ARM.Collect$$libinit$$0000000E) for __rt_lib_init_rand_1
    libinit.o(.ARM.Collect$$libinit$$00000000) refers (Special) to libinit2.o(.ARM.Collect$$libinit$$00000033) for __rt_lib_init_return
    libinit.o(.ARM.Collect$$libinit$$00000000) refers (Special) to libinit2.o(.ARM.Collect$$libinit$$0000001D) for __rt_lib_init_signal_1
    libinit.o(.ARM.Collect$$libinit$$00000000) refers (Special) to libinit2.o(.ARM.Collect$$libinit$$00000025) for __rt_lib_init_stdio_1
    libinit.o(.ARM.Collect$$libinit$$00000000) refers (Special) to libinit2.o(.ARM.Collect$$libinit$$0000000C) for __rt_lib_init_user_alloc_1
    libinit2.o(.ARM.Collect$$libinit$$0000000F) refers (Weak) to rt_locale_intlibspace.o(.text) for __rt_locale
    libinit2.o(.ARM.Collect$$libinit$$00000010) refers to libinit2.o(.ARM.Collect$$libinit$$0000000F) for .ARM.Collect$$libinit$$0000000F
    libinit2.o(.ARM.Collect$$libinit$$00000012) refers to libinit2.o(.ARM.Collect$$libinit$$0000000F) for .ARM.Collect$$libinit$$0000000F
    libinit2.o(.ARM.Collect$$libinit$$00000014) refers to libinit2.o(.ARM.Collect$$libinit$$0000000F) for .ARM.Collect$$libinit$$0000000F
    libinit2.o(.ARM.Collect$$libinit$$00000016) refers to libinit2.o(.ARM.Collect$$libinit$$0000000F) for .ARM.Collect$$libinit$$0000000F
    libinit2.o(.ARM.Collect$$libinit$$00000016) refers (Weak) to lc_numeric_c.o(locale$$code) for _get_lc_numeric
    libinit2.o(.ARM.Collect$$libinit$$00000018) refers to libinit2.o(.ARM.Collect$$libinit$$0000000F) for .ARM.Collect$$libinit$$0000000F
    libinit2.o(.ARM.Collect$$libinit$$00000026) refers to argv_veneer.o(.text) for __ARM_argv_veneer
    libinit2.o(.ARM.Collect$$libinit$$00000027) refers to argv_veneer.o(.text) for __ARM_argv_veneer
    rtexit.o(.ARM.Collect$$rtexit$$00000000) refers (Special) to rtexit2.o(.ARM.Collect$$rtexit$$00000004) for __rt_exit_exit
    rtexit.o(.ARM.Collect$$rtexit$$00000000) refers (Special) to rtexit2.o(.ARM.Collect$$rtexit$$00000003) for __rt_exit_ls
    rtexit.o(.ARM.Collect$$rtexit$$00000000) refers (Special) to rtexit2.o(.ARM.Collect$$rtexit$$00000002) for __rt_exit_prels_1
    rtexit.o(.ARM.exidx) refers (Special) to rtexit2.o(.ARM.Collect$$rtexit$$00000004) for __rt_exit_exit
    rtexit.o(.ARM.exidx) refers (Special) to rtexit2.o(.ARM.Collect$$rtexit$$00000003) for __rt_exit_ls
    rtexit.o(.ARM.exidx) refers (Special) to rtexit2.o(.ARM.Collect$$rtexit$$00000002) for __rt_exit_prels_1
    rtexit.o(.ARM.exidx) refers to rtexit.o(.ARM.Collect$$rtexit$$00000000) for .ARM.Collect$$rtexit$$00000000
    rt_raise.o(.text) refers to __raise.o(.text) for __raise
    rt_raise.o(.text) refers to sys_exit.o(.text) for _sys_exit
    defsig_exit.o(.text) refers to sys_exit.o(.text) for _sys_exit
    defsig_fpe_inner.o(.text) refers to defsig_general.o(.text) for __default_signal_display
    sys_exit.o(.text) refers (Special) to use_no_semi.o(.text) for __I$use$semihosting
    sys_exit.o(.text) refers (Special) to indicate_semi.o(.text) for __semihosting_library_function
    rtexit2.o(.ARM.Collect$$rtexit$$00000003) refers to libshutdown.o(.ARM.Collect$$libshutdown$$00000000) for __rt_lib_shutdown
    rtexit2.o(.ARM.Collect$$rtexit$$00000004) refers to sys_exit.o(.text) for _sys_exit
    rtexit2.o(.ARM.exidx) refers to rtexit2.o(.ARM.Collect$$rtexit$$00000001) for .ARM.Collect$$rtexit$$00000001
    rtexit2.o(.ARM.exidx) refers to rtexit2.o(.ARM.Collect$$rtexit$$00000003) for .ARM.Collect$$rtexit$$00000003
    rtexit2.o(.ARM.exidx) refers to rtexit2.o(.ARM.Collect$$rtexit$$00000004) for .ARM.Collect$$rtexit$$00000004
    __raise.o(.text) refers to defsig.o(CL$$defsig) for __default_signal_handler
    defsig_general.o(.text) refers to retarget.o(i._ttywrch) for _ttywrch
    _get_argv_nomalloc.o(.text) refers (Special) to hrguard.o(.text) for __heap_region$guard
    _get_argv_nomalloc.o(.text) refers to defsig_rtmem_outer.o(.text) for __rt_SIGRTMEM
    _get_argv_nomalloc.o(.text) refers to sys_command.o(.text) for _sys_command_string
    sys_command.o(.text) refers (Special) to use_no_semi.o(.text) for __I$use$semihosting
    sys_command.o(.text) refers (Special) to indicate_semi.o(.text) for __semihosting_library_function
    defsig_rtmem_outer.o(.text) refers to defsig_rtmem_inner.o(.text) for __rt_SIGRTMEM_inner
    defsig_rtmem_outer.o(.text) refers to defsig_exit.o(.text) for __sig_exit
    defsig_rtmem_formal.o(.text) refers to rt_raise.o(.text) for __rt_raise
    defsig.o(CL$$defsig) refers to defsig_fpe_inner.o(.text) for __rt_SIGFPE_inner
    defsig.o(CL$$defsig) refers to defsig_rtmem_inner.o(.text) for __rt_SIGRTMEM_inner
    libshutdown.o(.ARM.Collect$$libshutdown$$00000000) refers (Special) to libshutdown2.o(.ARM.Collect$$libshutdown$$00000002) for __rt_lib_shutdown_cpp_1
    libshutdown.o(.ARM.Collect$$libshutdown$$00000000) refers (Special) to libshutdown2.o(.ARM.Collect$$libshutdown$$00000007) for __rt_lib_shutdown_fp_trap_1
    libshutdown.o(.ARM.Collect$$libshutdown$$00000000) refers (Special) to libshutdown2.o(.ARM.Collect$$libshutdown$$0000000F) for __rt_lib_shutdown_heap_1
    libshutdown.o(.ARM.Collect$$libshutdown$$00000000) refers (Special) to libshutdown2.o(.ARM.Collect$$libshutdown$$00000010) for __rt_lib_shutdown_return
    libshutdown.o(.ARM.Collect$$libshutdown$$00000000) refers (Special) to libshutdown2.o(.ARM.Collect$$libshutdown$$0000000A) for __rt_lib_shutdown_signal_1
    libshutdown.o(.ARM.Collect$$libshutdown$$00000000) refers (Special) to libshutdown2.o(.ARM.Collect$$libshutdown$$00000004) for __rt_lib_shutdown_stdio_1
    libshutdown.o(.ARM.Collect$$libshutdown$$00000000) refers (Special) to libshutdown2.o(.ARM.Collect$$libshutdown$$0000000C) for __rt_lib_shutdown_user_alloc_1
    defsig_abrt_inner.o(.text) refers to defsig_general.o(.text) for __default_signal_display
    defsig_rtred_inner.o(.text) refers to defsig_general.o(.text) for __default_signal_display
    defsig_rtmem_inner.o(.text) refers to defsig_general.o(.text) for __default_signal_display
    defsig_stak_inner.o(.text) refers to defsig_general.o(.text) for __default_signal_display
    defsig_pvfn_inner.o(.text) refers to defsig_general.o(.text) for __default_signal_display
    defsig_cppl_inner.o(.text) refers to defsig_general.o(.text) for __default_signal_display
    defsig_segv_inner.o(.text) refers to defsig_general.o(.text) for __default_signal_display
    defsig_other.o(.text) refers to defsig_general.o(.text) for __default_signal_display


==============================================================================

Removing Unused input sections from the image.

    Removing main.o(.rev16_text), (4 bytes).
    Removing main.o(.revsh_text), (4 bytes).
    Removing kd1602.o(.rev16_text), (4 bytes).
    Removing kd1602.o(.revsh_text), (4 bytes).
    Removing my_i2c.o(.rev16_text), (4 bytes).
    Removing my_i2c.o(.revsh_text), (4 bytes).
    Removing my_systick.o(.rev16_text), (4 bytes).
    Removing my_systick.o(.revsh_text), (4 bytes).
    Removing my_systick.o(i.delay_ms), (24 bytes).
    Removing my_systick.o(i.get_systick), (12 bytes).
    Removing my_uart.o(.rev16_text), (4 bytes).
    Removing my_uart.o(.revsh_text), (4 bytes).
    Removing my_uart.o(i.init_HCLK_HXT_32M), (52 bytes).
    Removing my_max30102_setwr.o(.rev16_text), (4 bytes).
    Removing my_max30102_setwr.o(.revsh_text), (4 bytes).
    Removing my_max30102.o(.rev16_text), (4 bytes).
    Removing my_max30102.o(.revsh_text), (4 bytes).
    Removing my_max30102.o(i.hr_spo2_get_data), (84 bytes).
    Removing my_max30102.o(i.hr_spo2_part_id), (24 bytes).
    Removing my_max30102.o(i.hr_spo2_revision_id), (24 bytes).
    Removing clk.o(.rev16_text), (4 bytes).
    Removing clk.o(.revsh_text), (4 bytes).
    Removing clk.o(i.CLK_DisableCKO), (20 bytes).
    Removing clk.o(i.CLK_DisableModuleClock), (36 bytes).
    Removing clk.o(i.CLK_DisablePLL), (20 bytes).
    Removing clk.o(i.CLK_DisableSysTick), (12 bytes).
    Removing clk.o(i.CLK_DisableXtalRC), (16 bytes).
    Removing clk.o(i.CLK_EnableCKO), (40 bytes).
    Removing clk.o(i.CLK_EnablePLL), (224 bytes).
    Removing clk.o(i.CLK_EnableSysTick), (64 bytes).
    Removing clk.o(i.CLK_EnableXtalRC), (76 bytes).
    Removing clk.o(i.CLK_GetCPUFreq), (16 bytes).
    Removing clk.o(i.CLK_GetHCLKFreq), (16 bytes).
    Removing clk.o(i.CLK_GetHXTFreq), (28 bytes).
    Removing clk.o(i.CLK_GetLXTFreq), (24 bytes).
    Removing clk.o(i.CLK_GetPLLClockFreq), (128 bytes).
    Removing clk.o(i.CLK_Idle), (20 bytes).
    Removing clk.o(i.CLK_PowerDown), (32 bytes).
    Removing clk.o(i.CLK_SetCoreClock), (148 bytes).
    Removing clk.o(i.CLK_SetHCLK), (100 bytes).
    Removing clk.o(i.CLK_SysTickDelay), (52 bytes).
    Removing clk.o(i.CLK_WaitClockReady), (40 bytes).
    Removing clk.o(.constdata), (16 bytes).
    Removing gpio.o(.rev16_text), (4 bytes).
    Removing gpio.o(.revsh_text), (4 bytes).
    Removing gpio.o(i.GPIO_DisableInt), (28 bytes).
    Removing gpio.o(i.GPIO_EnableInt), (26 bytes).
    Removing sys.o(.rev16_text), (4 bytes).
    Removing sys.o(.revsh_text), (4 bytes).
    Removing sys.o(i.SYS_ClearResetSrc), (16 bytes).
    Removing sys.o(i.SYS_DisableBOD), (20 bytes).
    Removing sys.o(i.SYS_DisableIRCTrim), (12 bytes).
    Removing sys.o(i.SYS_EnableBOD), (24 bytes).
    Removing sys.o(i.SYS_EnableIRCTrim), (32 bytes).
    Removing sys.o(i.SYS_GetBODStatus), (12 bytes).
    Removing sys.o(i.SYS_GetResetSrc), (8 bytes).
    Removing sys.o(i.SYS_IsRegLocked), (20 bytes).
    Removing sys.o(i.SYS_ReadPDID), (8 bytes).
    Removing sys.o(i.SYS_ResetCPU), (18 bytes).
    Removing sys.o(i.SYS_ResetChip), (18 bytes).
    Removing sys.o(i.SYS_ResetModule), (48 bytes).
    Removing timer.o(.rev16_text), (4 bytes).
    Removing timer.o(.revsh_text), (4 bytes).
    Removing timer.o(i.TIMER_Close), (8 bytes).
    Removing timer.o(i.TIMER_Delay), (180 bytes).
    Removing timer.o(i.TIMER_DisableCapture), (12 bytes).
    Removing timer.o(i.TIMER_DisableEventCounter), (12 bytes).
    Removing timer.o(i.TIMER_DisableFreqCounter), (12 bytes).
    Removing timer.o(i.TIMER_EnableCapture), (24 bytes).
    Removing timer.o(i.TIMER_EnableEventCounter), (22 bytes).
    Removing timer.o(i.TIMER_EnableFreqCounter), (60 bytes).
    Removing timer.o(i.TIMER_GetModuleClock), (128 bytes).
    Removing timer.o(i.TIMER_Open), (102 bytes).
    Removing timer.o(i.TIMER_SetTriggerSource), (14 bytes).
    Removing timer.o(i.TIMER_SetTriggerTarget), (14 bytes).
    Removing timer.o(.constdata), (16 bytes).
    Removing uart.o(.rev16_text), (4 bytes).
    Removing uart.o(.revsh_text), (4 bytes).
    Removing uart.o(i.UART_ClearIntFlag), (112 bytes).
    Removing uart.o(i.UART_Close), (6 bytes).
    Removing uart.o(i.UART_DisableFlowCtrl), (10 bytes).
    Removing uart.o(i.UART_DisableInt), (8 bytes).
    Removing uart.o(i.UART_EnableFlowCtrl), (24 bytes).
    Removing uart.o(i.UART_EnableInt), (8 bytes).
    Removing uart.o(i.UART_Read), (52 bytes).
    Removing uart.o(i.UART_SelectIrDAMode), (164 bytes).
    Removing uart.o(i.UART_SelectLINMode), (34 bytes).
    Removing uart.o(i.UART_SelectRS485Mode), (22 bytes).
    Removing uart.o(i.UART_SetLine_Config), (164 bytes).
    Removing uart.o(i.UART_SetTimeoutCnt), (20 bytes).
    Removing uart.o(i.UART_Write), (54 bytes).
    Removing retarget.o(.rev16_text), (4 bytes).
    Removing retarget.o(.revsh_text), (4 bytes).
    Removing retarget.o(i.GetChar), (28 bytes).
    Removing retarget.o(i.IsDebugFifoEmpty), (20 bytes).
    Removing retarget.o(i._ttywrch), (12 bytes).
    Removing retarget.o(i.fgetc), (10 bytes).
    Removing retarget.o(i.kbhit), (16 bytes).
    Removing system_nano100series.o(.rev16_text), (4 bytes).
    Removing system_nano100series.o(.revsh_text), (4 bytes).
    Removing system_nano100series.o(i.SysGet_HCLKFreq), (80 bytes).
    Removing system_nano100series.o(i.SystemCoreClockUpdate), (44 bytes).

102 unused section(s) (total 3242 bytes) removed from the image.

==============================================================================

Image Symbol Table

    Local Symbols

    Symbol Name                              Value     Ov Type        Size  Object(Section)

    RESET                                    0x00000000   Section      192  startup_nano100series.o(RESET)
    ../clib/angel/boardlib.s                 0x00000000   Number         0  boardshut.o ABSOLUTE
    ../clib/angel/boardlib.s                 0x00000000   Number         0  boardinit1.o ABSOLUTE
    ../clib/angel/boardlib.s                 0x00000000   Number         0  boardinit2.o ABSOLUTE
    ../clib/angel/boardlib.s                 0x00000000   Number         0  boardinit3.o ABSOLUTE
    ../clib/angel/handlers.s                 0x00000000   Number         0  __scatter_zi.o ABSOLUTE
    ../clib/angel/handlers.s                 0x00000000   Number         0  __scatter_copy.o ABSOLUTE
    ../clib/angel/kernel.s                   0x00000000   Number         0  __rtentry.o ABSOLUTE
    ../clib/angel/kernel.s                   0x00000000   Number         0  __rtentry2.o ABSOLUTE
    ../clib/angel/kernel.s                   0x00000000   Number         0  __rtentry4.o ABSOLUTE
    ../clib/angel/kernel.s                   0x00000000   Number         0  rtexit.o ABSOLUTE
    ../clib/angel/kernel.s                   0x00000000   Number         0  rtexit2.o ABSOLUTE
    ../clib/angel/rt.s                       0x00000000   Number         0  rt_div0.o ABSOLUTE
    ../clib/angel/rt.s                       0x00000000   Number         0  aeabi_ldiv0_sigfpe.o ABSOLUTE
    ../clib/angel/rt.s                       0x00000000   Number         0  aeabi_idiv0.o ABSOLUTE
    ../clib/angel/rt.s                       0x00000000   Number         0  rt_locale_intlibspace.o ABSOLUTE
    ../clib/angel/rt.s                       0x00000000   Number         0  aeabi_ldiv0.o ABSOLUTE
    ../clib/angel/rt.s                       0x00000000   Number         0  rt_locale.o ABSOLUTE
    ../clib/angel/rt.s                       0x00000000   Number         0  rt_raise.o ABSOLUTE
    ../clib/angel/rt.s                       0x00000000   Number         0  aeabi_idiv0_sigfpe.o ABSOLUTE
    ../clib/angel/scatterp.s                 0x00000000   Number         0  __scatter.o ABSOLUTE
    ../clib/angel/startup.s                  0x00000000   Number         0  __main.o ABSOLUTE
    ../clib/angel/sys.s                      0x00000000   Number         0  libspace.o ABSOLUTE
    ../clib/angel/sys.s                      0x00000000   Number         0  sys_stackheap_outer.o ABSOLUTE
    ../clib/angel/sys.s                      0x00000000   Number         0  tempstk.o ABSOLUTE
    ../clib/angel/sys.s                      0x00000000   Number         0  use_no_semi.o ABSOLUTE
    ../clib/angel/sys.s                      0x00000000   Number         0  indicate_semi.o ABSOLUTE
    ../clib/angel/sysapp.c                   0x00000000   Number         0  sys_command.o ABSOLUTE
    ../clib/angel/sysapp.c                   0x00000000   Number         0  sys_exit.o ABSOLUTE
    ../clib/armsys.c                         0x00000000   Number         0  no_argv.o ABSOLUTE
    ../clib/armsys.c                         0x00000000   Number         0  _get_argv_nomalloc.o ABSOLUTE
    ../clib/armsys.c                         0x00000000   Number         0  argv_veneer.o ABSOLUTE
    ../clib/bigflt.c                         0x00000000   Number         0  bigflt0.o ABSOLUTE
    ../clib/btod.c                           0x00000000   Number         0  btod.o ABSOLUTE
    ../clib/division.c                       0x00000000   Number         0  rtudiv10.o ABSOLUTE
    ../clib/division.c                       0x00000000   Number         0  lludiv10.o ABSOLUTE
    ../clib/division.c                       0x00000000   Number         0  llsdiv.o ABSOLUTE
    ../clib/division.c                       0x00000000   Number         0  lludiv.o ABSOLUTE
    ../clib/division.s                       0x00000000   Number         0  aeabi_sdiv.o ABSOLUTE
    ../clib/division.s                       0x00000000   Number         0  aeabi_sdiv_div0.o ABSOLUTE
    ../clib/heapalloc.c                      0x00000000   Number         0  hrguard.o ABSOLUTE
    ../clib/heapaux.c                        0x00000000   Number         0  heapauxi.o ABSOLUTE
    ../clib/libinit.s                        0x00000000   Number         0  libshutdown.o ABSOLUTE
    ../clib/libinit.s                        0x00000000   Number         0  libinit.o ABSOLUTE
    ../clib/libinit.s                        0x00000000   Number         0  libinit2.o ABSOLUTE
    ../clib/libinit.s                        0x00000000   Number         0  libshutdown2.o ABSOLUTE
    ../clib/locale.s                         0x00000000   Number         0  lc_numeric_c.o ABSOLUTE
    ../clib/misc.s                           0x00000000   Number         0  printf_stubs.o ABSOLUTE
    ../clib/printf.c                         0x00000000   Number         0  __2printf.o ABSOLUTE
    ../clib/printf.c                         0x00000000   Number         0  __printf.o ABSOLUTE
    ../clib/printf.c                         0x00000000   Number         0  __2sprintf.o ABSOLUTE
    ../clib/printf.c                         0x00000000   Number         0  _printf_pad.o ABSOLUTE
    ../clib/printf.c                         0x00000000   Number         0  _printf_hex_ll.o ABSOLUTE
    ../clib/printf.c                         0x00000000   Number         0  _printf_hex_int.o ABSOLUTE
    ../clib/printf.c                         0x00000000   Number         0  _printf_hex_int_ptr.o ABSOLUTE
    ../clib/printf.c                         0x00000000   Number         0  __printf_nopercent.o ABSOLUTE
    ../clib/printf.c                         0x00000000   Number         0  _printf_fp_infnan.o ABSOLUTE
    ../clib/printf.c                         0x00000000   Number         0  _printf_hex_int_ll.o ABSOLUTE
    ../clib/printf.c                         0x00000000   Number         0  _printf_hex_ptr.o ABSOLUTE
    ../clib/printf.c                         0x00000000   Number         0  __printf_wp.o ABSOLUTE
    ../clib/printf.c                         0x00000000   Number         0  _printf_intcommon.o ABSOLUTE
    ../clib/printf.c                         0x00000000   Number         0  _printf_fp_dec.o ABSOLUTE
    ../clib/printf.c                         0x00000000   Number         0  __printf_flags_wp.o ABSOLUTE
    ../clib/printf.c                         0x00000000   Number         0  __printf_ss_wp.o ABSOLUTE
    ../clib/printf.c                         0x00000000   Number         0  __printf_flags_ss_wp.o ABSOLUTE
    ../clib/printf.c                         0x00000000   Number         0  _printf_char_common.o ABSOLUTE
    ../clib/printf.c                         0x00000000   Number         0  __printf_flags_ss.o ABSOLUTE
    ../clib/printf.c                         0x00000000   Number         0  _printf_char_file.o ABSOLUTE
    ../clib/printf.c                         0x00000000   Number         0  _printf_hex_ll_ptr.o ABSOLUTE
    ../clib/printf.c                         0x00000000   Number         0  __printf_ss.o ABSOLUTE
    ../clib/printf.c                         0x00000000   Number         0  noretval__2printf.o ABSOLUTE
    ../clib/printf.c                         0x00000000   Number         0  _sputc.o ABSOLUTE
    ../clib/printf.c                         0x00000000   Number         0  _printf_hex_int_ll_ptr.o ABSOLUTE
    ../clib/printf.c                         0x00000000   Number         0  noretval__2sprintf.o ABSOLUTE
    ../clib/printf.c                         0x00000000   Number         0  __printf_flags.o ABSOLUTE
    ../clib/printf_percent.s                 0x00000000   Number         0  _printf_f.o ABSOLUTE
    ../clib/printf_percent.s                 0x00000000   Number         0  _printf_x.o ABSOLUTE
    ../clib/printf_percent.s                 0x00000000   Number         0  _printf_percent.o ABSOLUTE
    ../clib/printf_percent.s                 0x00000000   Number         0  _printf_percent_end.o ABSOLUTE
    ../clib/signal.c                         0x00000000   Number         0  defsig_stak_inner.o ABSOLUTE
    ../clib/signal.c                         0x00000000   Number         0  defsig_rtmem_inner.o ABSOLUTE
    ../clib/signal.c                         0x00000000   Number         0  defsig_rtred_inner.o ABSOLUTE
    ../clib/signal.c                         0x00000000   Number         0  defsig_abrt_inner.o ABSOLUTE
    ../clib/signal.c                         0x00000000   Number         0  defsig_rtmem_formal.o ABSOLUTE
    ../clib/signal.c                         0x00000000   Number         0  defsig_rtmem_outer.o ABSOLUTE
    ../clib/signal.c                         0x00000000   Number         0  defsig_general.o ABSOLUTE
    ../clib/signal.c                         0x00000000   Number         0  __raise.o ABSOLUTE
    ../clib/signal.c                         0x00000000   Number         0  defsig_fpe_inner.o ABSOLUTE
    ../clib/signal.c                         0x00000000   Number         0  defsig_exit.o ABSOLUTE
    ../clib/signal.c                         0x00000000   Number         0  defsig_fpe_formal.o ABSOLUTE
    ../clib/signal.c                         0x00000000   Number         0  defsig_fpe_outer.o ABSOLUTE
    ../clib/signal.c                         0x00000000   Number         0  defsig_other.o ABSOLUTE
    ../clib/signal.c                         0x00000000   Number         0  defsig_segv_inner.o ABSOLUTE
    ../clib/signal.c                         0x00000000   Number         0  defsig_cppl_inner.o ABSOLUTE
    ../clib/signal.c                         0x00000000   Number         0  defsig_pvfn_inner.o ABSOLUTE
    ../clib/signal.s                         0x00000000   Number         0  defsig.o ABSOLUTE
    ../clib/stdlib.c                         0x00000000   Number         0  exit.o ABSOLUTE
    ../clib/string.c                         0x00000000   Number         0  strcmp.o ABSOLUTE
    ../fplib/cfplib/d2f.c                    0x00000000   Number         0  d2f.o ABSOLUTE
    ../fplib/cfplib/daddsub.c                0x00000000   Number         0  daddsub.o ABSOLUTE
    ../fplib/cfplib/dmul.c                   0x00000000   Number         0  dmul.o ABSOLUTE
    ../fplib/cfplib/f2d.c                    0x00000000   Number         0  f2d.o ABSOLUTE
    ../fplib/cfplib/fdiv.c                   0x00000000   Number         0  fdiv.o ABSOLUTE
    ../fplib/cfplib/fflt.c                   0x00000000   Number         0  fflti.o ABSOLUTE
    ../fplib/cfplib/fpinit.c                 0x00000000   Number         0  fpinit.o ABSOLUTE
    ../fplib/cfplib/ieee_status.c            0x00000000   Number         0  ieee_status.o ABSOLUTE
    ../fplib/faddsub6m.s                     0x00000000   Number         0  faddsub.o ABSOLUTE
    ../fplib/printf1.s                       0x00000000   Number         0  printf1.o ABSOLUTE
    ../fplib/usenofp.s                       0x00000000   Number         0  usenofp.o ABSOLUTE
    ../mathlib/fpclassify.c                  0x00000000   Number         0  fpclassify.o ABSOLUTE
    D:\ARM\PACK\Nuvoton\NuMicro_DFP\1.0.7\Device\NANO100BN\Driver\clk.c 0x00000000   Number         0  clk.o ABSOLUTE
    D:\ARM\PACK\Nuvoton\NuMicro_DFP\1.0.7\Device\NANO100BN\Driver\gpio.c 0x00000000   Number         0  gpio.o ABSOLUTE
    D:\ARM\PACK\Nuvoton\NuMicro_DFP\1.0.7\Device\NANO100BN\Driver\sys.c 0x00000000   Number         0  sys.o ABSOLUTE
    D:\ARM\PACK\Nuvoton\NuMicro_DFP\1.0.7\Device\NANO100BN\Driver\timer.c 0x00000000   Number         0  timer.o ABSOLUTE
    D:\ARM\PACK\Nuvoton\NuMicro_DFP\1.0.7\Device\NANO100BN\Driver\uart.c 0x00000000   Number         0  uart.o ABSOLUTE
    D:\\ARM\\PACK\\Nuvoton\\NuMicro_DFP\\1.0.7\\Device\\NANO100BN\\Driver\\clk.c 0x00000000   Number         0  clk.o ABSOLUTE
    D:\\ARM\\PACK\\Nuvoton\\NuMicro_DFP\\1.0.7\\Device\\NANO100BN\\Driver\\gpio.c 0x00000000   Number         0  gpio.o ABSOLUTE
    D:\\ARM\\PACK\\Nuvoton\\NuMicro_DFP\\1.0.7\\Device\\NANO100BN\\Driver\\sys.c 0x00000000   Number         0  sys.o ABSOLUTE
    D:\\ARM\\PACK\\Nuvoton\\NuMicro_DFP\\1.0.7\\Device\\NANO100BN\\Driver\\timer.c 0x00000000   Number         0  timer.o ABSOLUTE
    D:\\ARM\\PACK\\Nuvoton\\NuMicro_DFP\\1.0.7\\Device\\NANO100BN\\Driver\\uart.c 0x00000000   Number         0  uart.o ABSOLUTE
    RTE\Device\NANO130KE3BN\retarget.c       0x00000000   Number         0  retarget.o ABSOLUTE
    RTE\Device\NANO130KE3BN\startup_Nano100Series.s 0x00000000   Number         0  startup_nano100series.o ABSOLUTE
    RTE\Device\NANO130KE3BN\system_Nano100Series.c 0x00000000   Number         0  system_nano100series.o ABSOLUTE
    RTE\\Device\\NANO130KE3BN\\retarget.c    0x00000000   Number         0  retarget.o ABSOLUTE
    RTE\\Device\\NANO130KE3BN\\system_Nano100Series.c 0x00000000   Number         0  system_nano100series.o ABSOLUTE
    dc.s                                     0x00000000   Number         0  dc.o ABSOLUTE
    kd1602.c                                 0x00000000   Number         0  kd1602.o ABSOLUTE
    kd1602.c                                 0x00000000   Number         0  kd1602.o ABSOLUTE
    main.c                                   0x00000000   Number         0  main.o ABSOLUTE
    main.c                                   0x00000000   Number         0  main.o ABSOLUTE
    my_i2c.c                                 0x00000000   Number         0  my_i2c.o ABSOLUTE
    my_i2c.c                                 0x00000000   Number         0  my_i2c.o ABSOLUTE
    my_max30102.c                            0x00000000   Number         0  my_max30102.o ABSOLUTE
    my_max30102.c                            0x00000000   Number         0  my_max30102.o ABSOLUTE
    my_max30102_setWR.c                      0x00000000   Number         0  my_max30102_setwr.o ABSOLUTE
    my_max30102_setWR.c                      0x00000000   Number         0  my_max30102_setwr.o ABSOLUTE
    my_systick.c                             0x00000000   Number         0  my_systick.o ABSOLUTE
    my_systick.c                             0x00000000   Number         0  my_systick.o ABSOLUTE
    my_uart.c                                0x00000000   Number         0  my_uart.o ABSOLUTE
    my_uart.c                                0x00000000   Number         0  my_uart.o ABSOLUTE
    !!!main                                  0x000000c0   Section        8  __main.o(!!!main)
    !!!scatter                               0x000000c8   Section       60  __scatter.o(!!!scatter)
    !!handler_copy                           0x00000104   Section       26  __scatter_copy.o(!!handler_copy)
    !!handler_zi                             0x00000120   Section       28  __scatter_zi.o(!!handler_zi)
    .ARM.Collect$$_printf_percent$$00000000  0x0000013c   Section        2  _printf_percent.o(.ARM.Collect$$_printf_percent$$00000000)
    .ARM.Collect$$_printf_percent$$00000003  0x0000013e   Section       10  _printf_f.o(.ARM.Collect$$_printf_percent$$00000003)
    .ARM.Collect$$_printf_percent$$0000000C  0x00000148   Section       10  _printf_x.o(.ARM.Collect$$_printf_percent$$0000000C)
    .ARM.Collect$$_printf_percent$$00000017  0x00000152   Section        4  _printf_percent_end.o(.ARM.Collect$$_printf_percent$$00000017)
    .ARM.Collect$$libinit$$00000000          0x00000156   Section        2  libinit.o(.ARM.Collect$$libinit$$00000000)
    .ARM.Collect$$libinit$$00000002          0x00000158   Section        0  libinit2.o(.ARM.Collect$$libinit$$00000002)
    .ARM.Collect$$libinit$$00000004          0x00000158   Section        0  libinit2.o(.ARM.Collect$$libinit$$00000004)
    .ARM.Collect$$libinit$$0000000A          0x00000158   Section        0  libinit2.o(.ARM.Collect$$libinit$$0000000A)
    .ARM.Collect$$libinit$$0000000C          0x00000158   Section        0  libinit2.o(.ARM.Collect$$libinit$$0000000C)
    .ARM.Collect$$libinit$$0000000E          0x00000158   Section        0  libinit2.o(.ARM.Collect$$libinit$$0000000E)
    .ARM.Collect$$libinit$$0000000F          0x00000158   Section        6  libinit2.o(.ARM.Collect$$libinit$$0000000F)
    .ARM.Collect$$libinit$$00000011          0x0000015e   Section        0  libinit2.o(.ARM.Collect$$libinit$$00000011)
    .ARM.Collect$$libinit$$00000013          0x0000015e   Section        0  libinit2.o(.ARM.Collect$$libinit$$00000013)
    .ARM.Collect$$libinit$$00000015          0x0000015e   Section        0  libinit2.o(.ARM.Collect$$libinit$$00000015)
    .ARM.Collect$$libinit$$00000016          0x0000015e   Section       10  libinit2.o(.ARM.Collect$$libinit$$00000016)
    .ARM.Collect$$libinit$$00000017          0x00000168   Section        0  libinit2.o(.ARM.Collect$$libinit$$00000017)
    .ARM.Collect$$libinit$$00000019          0x00000168   Section        0  libinit2.o(.ARM.Collect$$libinit$$00000019)
    .ARM.Collect$$libinit$$0000001B          0x00000168   Section        0  libinit2.o(.ARM.Collect$$libinit$$0000001B)
    .ARM.Collect$$libinit$$0000001D          0x00000168   Section        0  libinit2.o(.ARM.Collect$$libinit$$0000001D)
    .ARM.Collect$$libinit$$0000001F          0x00000168   Section        0  libinit2.o(.ARM.Collect$$libinit$$0000001F)
    .ARM.Collect$$libinit$$00000021          0x00000168   Section        0  libinit2.o(.ARM.Collect$$libinit$$00000021)
    .ARM.Collect$$libinit$$00000023          0x00000168   Section        0  libinit2.o(.ARM.Collect$$libinit$$00000023)
    .ARM.Collect$$libinit$$00000025          0x00000168   Section        0  libinit2.o(.ARM.Collect$$libinit$$00000025)
    .ARM.Collect$$libinit$$0000002C          0x00000168   Section        0  libinit2.o(.ARM.Collect$$libinit$$0000002C)
    .ARM.Collect$$libinit$$0000002E          0x00000168   Section        0  libinit2.o(.ARM.Collect$$libinit$$0000002E)
    .ARM.Collect$$libinit$$00000030          0x00000168   Section        0  libinit2.o(.ARM.Collect$$libinit$$00000030)
    .ARM.Collect$$libinit$$00000032          0x00000168   Section        0  libinit2.o(.ARM.Collect$$libinit$$00000032)
    .ARM.Collect$$libinit$$00000033          0x00000168   Section        2  libinit2.o(.ARM.Collect$$libinit$$00000033)
    .ARM.Collect$$libshutdown$$00000000      0x0000016a   Section        2  libshutdown.o(.ARM.Collect$$libshutdown$$00000000)
    .ARM.Collect$$libshutdown$$00000002      0x0000016c   Section        0  libshutdown2.o(.ARM.Collect$$libshutdown$$00000002)
    .ARM.Collect$$libshutdown$$00000004      0x0000016c   Section        0  libshutdown2.o(.ARM.Collect$$libshutdown$$00000004)
    .ARM.Collect$$libshutdown$$00000007      0x0000016c   Section        0  libshutdown2.o(.ARM.Collect$$libshutdown$$00000007)
    .ARM.Collect$$libshutdown$$0000000A      0x0000016c   Section        0  libshutdown2.o(.ARM.Collect$$libshutdown$$0000000A)
    .ARM.Collect$$libshutdown$$0000000C      0x0000016c   Section        0  libshutdown2.o(.ARM.Collect$$libshutdown$$0000000C)
    .ARM.Collect$$libshutdown$$0000000F      0x0000016c   Section        0  libshutdown2.o(.ARM.Collect$$libshutdown$$0000000F)
    .ARM.Collect$$libshutdown$$00000010      0x0000016c   Section        2  libshutdown2.o(.ARM.Collect$$libshutdown$$00000010)
    .ARM.Collect$$rtentry$$00000000          0x0000016e   Section        0  __rtentry.o(.ARM.Collect$$rtentry$$00000000)
    .ARM.Collect$$rtentry$$00000002          0x0000016e   Section        0  __rtentry2.o(.ARM.Collect$$rtentry$$00000002)
    .ARM.Collect$$rtentry$$00000004          0x0000016e   Section        6  __rtentry4.o(.ARM.Collect$$rtentry$$00000004)
    .ARM.Collect$$rtentry$$00000009          0x00000174   Section        0  __rtentry2.o(.ARM.Collect$$rtentry$$00000009)
    .ARM.Collect$$rtentry$$0000000A          0x00000174   Section        4  __rtentry2.o(.ARM.Collect$$rtentry$$0000000A)
    .ARM.Collect$$rtentry$$0000000C          0x00000178   Section        0  __rtentry2.o(.ARM.Collect$$rtentry$$0000000C)
    .ARM.Collect$$rtentry$$0000000D          0x00000178   Section        8  __rtentry2.o(.ARM.Collect$$rtentry$$0000000D)
    .ARM.Collect$$rtexit$$00000000           0x00000180   Section        2  rtexit.o(.ARM.Collect$$rtexit$$00000000)
    .ARM.Collect$$rtexit$$00000002           0x00000182   Section        0  rtexit2.o(.ARM.Collect$$rtexit$$00000002)
    .ARM.Collect$$rtexit$$00000003           0x00000182   Section        4  rtexit2.o(.ARM.Collect$$rtexit$$00000003)
    .ARM.Collect$$rtexit$$00000004           0x00000186   Section        6  rtexit2.o(.ARM.Collect$$rtexit$$00000004)
    .emb_text                                0x0000018c   Section       28  retarget.o(.emb_text)
    .text                                    0x000001a8   Section       96  startup_nano100series.o(.text)
    .text                                    0x00000208   Section        0  noretval__2printf.o(.text)
    .text                                    0x00000224   Section        0  noretval__2sprintf.o(.text)
    .text                                    0x0000024c   Section        0  _printf_pad.o(.text)
    .text                                    0x0000029c   Section        0  _printf_hex_int.o(.text)
    .text                                    0x000002f4   Section        0  __printf_wp.o(.text)
    .text                                    0x00000402   Section      346  aeabi_sdiv.o(.text)
    .text                                    0x0000055c   Section        0  heapauxi.o(.text)
    .text                                    0x00000564   Section        0  d2f.o(.text)
    .text                                    0x000005e0   Section        0  daddsub.o(.text)
    _dadd1                                   0x000005e1   Thumb Code   290  daddsub.o(.text)
    _dsub1                                   0x00000703   Thumb Code   470  daddsub.o(.text)
    .text                                    0x00000938   Section        0  dmul.o(.text)
    .text                                    0x00000b80   Section        0  f2d.o(.text)
    .text                                    0x00000bd4   Section        0  fdiv.o(.text)
    .text                                    0x00000d34   Section        0  fflti.o(.text)
    .text                                    0x00000d92   Section        0  _printf_intcommon.o(.text)
    .text                                    0x00000e44   Section        0  _printf_fp_dec.o(.text)
    _fp_digits                               0x00000e47   Thumb Code   408  _printf_fp_dec.o(.text)
    .text                                    0x00001258   Section        0  _printf_char_common.o(.text)
    _printf_input_char                       0x00001259   Thumb Code    10  _printf_char_common.o(.text)
    .text                                    0x00001288   Section        0  _sputc.o(.text)
    .text                                    0x00001294   Section        0  _printf_char_file.o(.text)
    .text                                    0x000012bc   Section        8  rt_locale_intlibspace.o(.text)
    .text                                    0x000012c4   Section        0  lludiv10.o(.text)
    .text                                    0x00001340   Section        0  _printf_fp_infnan.o(.text)
    .text                                    0x000013c8   Section        0  bigflt0.o(.text)
    .text                                    0x00001490   Section        0  btod.o(.text)
    btod_internal_mul                        0x000014d1   Thumb Code   456  btod.o(.text)
    btod_internal_div                        0x00001699   Thumb Code   494  btod.o(.text)
    .text                                    0x00001938   Section        0  rtudiv10.o(.text)
    .text                                    0x00001960   Section        8  libspace.o(.text)
    .text                                    0x00001968   Section       62  sys_stackheap_outer.o(.text)
    .text                                    0x000019a6   Section        0  exit.o(.text)
    .text                                    0x000019b8   Section        0  strcmp.o(.text)
    .text                                    0x00001a40   Section        0  sys_exit.o(.text)
    .text                                    0x00001a4c   Section        2  use_no_semi.o(.text)
    .text                                    0x00001a4e   Section        0  indicate_semi.o(.text)
    i.CLK_EnableModuleClock                  0x00001a50   Section        0  clk.o(i.CLK_EnableModuleClock)
    i.CLK_SetModuleClock                     0x00001a74   Section        0  clk.o(i.CLK_SetModuleClock)
    i.GPIO_SetMode                           0x00001ad8   Section        0  gpio.o(i.GPIO_SetMode)
    i.Hard_Fault_Handler                     0x00001b08   Section        0  retarget.o(i.Hard_Fault_Handler)
    __tagsym$$used                           0x00001b09   Number         0  retarget.o(i.Hard_Fault_Handler)
    i.NVIC_SetPriority                       0x00001b34   Section        0  my_systick.o(i.NVIC_SetPriority)
    NVIC_SetPriority                         0x00001b35   Thumb Code   110  my_systick.o(i.NVIC_SetPriority)
    i.SYS_UnlockReg                          0x00001bac   Section        0  my_uart.o(i.SYS_UnlockReg)
    SYS_UnlockReg                            0x00001bad   Thumb Code    26  my_uart.o(i.SYS_UnlockReg)
    i.SendChar                               0x00001bcc   Section        0  retarget.o(i.SendChar)
    i.SendChar_ToUART                        0x00001bd8   Section        0  retarget.o(i.SendChar_ToUART)
    i.SysGet_PLLClockFreq                    0x00001bf4   Section        0  system_nano100series.o(i.SysGet_PLLClockFreq)
    i.SysTick_Handler                        0x00001c74   Section        0  my_systick.o(i.SysTick_Handler)
    i.UART1_IRQHandler                       0x00001c84   Section        0  my_uart.o(i.UART1_IRQHandler)
    i.UART_Open                              0x00001c94   Section        0  uart.o(i.UART_Open)
    i.__ARM_common_ll_muluu                  0x00001d34   Section        0  timer.o(i.__ARM_common_ll_muluu)
    i.__ARM_common_switch8                   0x00001d64   Section        0  main.o(i.__ARM_common_switch8)
    i.__ARM_fpclassify                       0x00001d80   Section        0  fpclassify.o(i.__ARM_fpclassify)
    i._is_digit                              0x00001dac   Section        0  __printf_wp.o(i._is_digit)
    i.delay                                  0x00001dba   Section        0  kd1602.o(i.delay)
    delay                                    0x00001dbb   Thumb Code    16  kd1602.o(i.delay)
    i.delay                                  0x00001dca   Section        0  my_i2c.o(i.delay)
    delay                                    0x00001dcb   Thumb Code    12  my_i2c.o(i.delay)
    i.ferror                                 0x00001dd6   Section        0  retarget.o(i.ferror)
    i.fputc                                  0x00001dde   Section        0  retarget.o(i.fputc)
    i.hr_spo2_adc_rge                        0x00001dee   Section        0  my_max30102.o(i.hr_spo2_adc_rge)
    i.hr_spo2_avg                            0x00001e2e   Section        0  my_max30102.o(i.hr_spo2_avg)
    i.hr_spo2_fifo_roll                      0x00001e6e   Section        0  my_max30102.o(i.hr_spo2_fifo_roll)
    i.hr_spo2_init                           0x00001eae   Section        0  my_max30102.o(i.hr_spo2_init)
    i.hr_spo2_init_ptr                       0x00001ede   Section        0  my_max30102.o(i.hr_spo2_init_ptr)
    i.hr_spo2_led_fifo_slot1                 0x00001f00   Section        0  my_max30102.o(i.hr_spo2_led_fifo_slot1)
    i.hr_spo2_led_fifo_slot2                 0x00001f40   Section        0  my_max30102.o(i.hr_spo2_led_fifo_slot2)
    i.hr_spo2_led_pa                         0x00001f80   Section        0  my_max30102.o(i.hr_spo2_led_pa)
    i.hr_spo2_led_pw                         0x00001fb0   Section        0  my_max30102.o(i.hr_spo2_led_pw)
    i.hr_spo2_mode_set                       0x00001ff0   Section        0  my_max30102.o(i.hr_spo2_mode_set)
    i.hr_spo2_reset                          0x00002030   Section        0  my_max30102.o(i.hr_spo2_reset)
    i.hr_spo2_sr                             0x00002070   Section        0  my_max30102.o(i.hr_spo2_sr)
    i.hr_spo2_wait_PR_ready                  0x000020b0   Section        0  my_max30102.o(i.hr_spo2_wait_PR_ready)
    i.hr_spo2_wait_WR_ready                  0x000020dc   Section        0  my_max30102.o(i.hr_spo2_wait_WR_ready)
    i.i2c_read                               0x00002108   Section        0  my_i2c.o(i.i2c_read)
    i.i2c_start                              0x0000228c   Section        0  my_i2c.o(i.i2c_start)
    i.i2c_stop                               0x000022ec   Section        0  my_i2c.o(i.i2c_stop)
    i.i2c_write                              0x00002318   Section        0  my_i2c.o(i.i2c_write)
    i.init_UART1                             0x00002454   Section        0  my_uart.o(i.init_UART1)
    i.init_systick                           0x000024c8   Section        0  my_systick.o(i.init_systick)
    i.lcd_cmd                                0x0000250c   Section        0  kd1602.o(i.lcd_cmd)
    i.lcd_init                               0x00002548   Section        0  kd1602.o(i.lcd_init)
    i.lcd_print                              0x000025ec   Section        0  kd1602.o(i.lcd_print)
    i.lcd_put                                0x00002610   Section        0  kd1602.o(i.lcd_put)
    i.main                                   0x00002650   Section        0  main.o(i.main)
    i.set_read_1                             0x00002a24   Section        0  my_max30102_setwr.o(i.set_read_1)
    i.set_write_2                            0x00002a44   Section        0  my_max30102_setwr.o(i.set_write_2)
    i.set_write_3                            0x00002a5c   Section        0  my_max30102_setwr.o(i.set_write_3)
    i.stackDump                              0x00002a7c   Section        0  retarget.o(i.stackDump)
    locale$$code                             0x00002b24   Section       44  lc_numeric_c.o(locale$$code)
    x$fpl$fadd                               0x00002b50   Section      140  faddsub.o(x$fpl$fadd)
    _fadd1                                   0x00002b5d   Thumb Code     0  faddsub.o(x$fpl$fadd)
    x$fpl$fsub                               0x00002bdc   Section      208  faddsub.o(x$fpl$fsub)
    _fsub1                                   0x00002be9   Thumb Code     0  faddsub.o(x$fpl$fsub)
    x$fpl$printf1                            0x00002cac   Section       16  printf1.o(x$fpl$printf1)
    .constdata                               0x00002cbc   Section       48  uart.o(.constdata)
    x$fpl$usenofp                            0x00002cbc   Section        0  usenofp.o(x$fpl$usenofp)
    .constdata                               0x00002cec   Section       40  _printf_hex_int.o(.constdata)
    uc_hextab                                0x00002cec   Data          20  _printf_hex_int.o(.constdata)
    lc_hextab                                0x00002d00   Data          20  _printf_hex_int.o(.constdata)
    .constdata                               0x00002d14   Section       64  fdiv.o(.constdata)
    fdiv_tab                                 0x00002d14   Data          64  fdiv.o(.constdata)
    .constdata                               0x00002d54   Section      148  bigflt0.o(.constdata)
    tenpwrs_x                                0x00002d54   Data          60  bigflt0.o(.constdata)
    tenpwrs_i                                0x00002d90   Data          64  bigflt0.o(.constdata)
    locale$$data                             0x00002e08   Section       28  lc_numeric_c.o(locale$$data)
    __lcnum_c_name                           0x00002e0c   Data           2  lc_numeric_c.o(locale$$data)
    __lcnum_c_start                          0x00002e14   Data           0  lc_numeric_c.o(locale$$data)
    __lcnum_c_point                          0x00002e20   Data           0  lc_numeric_c.o(locale$$data)
    __lcnum_c_thousands                      0x00002e22   Data           0  lc_numeric_c.o(locale$$data)
    __lcnum_c_grouping                       0x00002e23   Data           0  lc_numeric_c.o(locale$$data)
    __lcnum_c_end                            0x00002e24   Data           0  lc_numeric_c.o(locale$$data)
    .data                                    0x20000000   Section        4  my_systick.o(.data)
    .data                                    0x20000004   Section        8  retarget.o(.data)
    .data                                    0x2000000c   Section        8  system_nano100series.o(.data)
    .bss                                     0x20000014   Section       96  libspace.o(.bss)
    HEAP                                     0x20000078   Section     1280  startup_nano100series.o(HEAP)
    Heap_Mem                                 0x20000078   Data        1280  startup_nano100series.o(HEAP)
    STACK                                    0x20000578   Section     1280  startup_nano100series.o(STACK)
    Stack_Mem                                0x20000578   Data        1280  startup_nano100series.o(STACK)
    __initial_sp                             0x20000a78   Data           0  startup_nano100series.o(STACK)

    Global Symbols

    Symbol Name                              Value     Ov Type        Size  Object(Section)

    BuildAttributes$$THM_ISAv3M$S$PE$A:L22$X:L11$S22$IEEE1$IW$USESV6$~STKCKD$USESV7$~SHL$OTIME$ROPI$IEEEJ$EBA8$UX$STANDARDLIB$REQ8$PRES8$EABIv2 0x00000000   Number         0  anon$$obj.o ABSOLUTE
    __ARM_use_no_argv                        0x00000000   Number         0  main.o ABSOLUTE
    __Vectors                                0x00000000   Data           4  startup_nano100series.o(RESET)
    _printf_flags                            0x00000000   Number         0  printf_stubs.o ABSOLUTE
    _printf_return_value                     0x00000000   Number         0  printf_stubs.o ABSOLUTE
    _printf_sizespec                         0x00000000   Number         0  printf_stubs.o ABSOLUTE
    _printf_widthprec                        0x00000000   Number         0  printf_stubs.o ABSOLUTE
    __ARM_exceptions_init                     - Undefined Weak Reference
    __alloca_initialize                       - Undefined Weak Reference
    __arm_preinit_                            - Undefined Weak Reference
    __cpp_initialize__aeabi_                  - Undefined Weak Reference
    __cxa_finalize                            - Undefined Weak Reference
    __sigvec_lookup                           - Undefined Weak Reference
    _atexit_init                              - Undefined Weak Reference
    _call_atexit_fns                          - Undefined Weak Reference
    _clock_init                               - Undefined Weak Reference
    _fp_trap_init                             - Undefined Weak Reference
    _fp_trap_shutdown                         - Undefined Weak Reference
    _get_lc_collate                           - Undefined Weak Reference
    _get_lc_ctype                             - Undefined Weak Reference
    _get_lc_monetary                          - Undefined Weak Reference
    _get_lc_time                              - Undefined Weak Reference
    _getenv_init                              - Undefined Weak Reference
    _handle_redirection                       - Undefined Weak Reference
    _init_alloc                               - Undefined Weak Reference
    _init_user_alloc                          - Undefined Weak Reference
    _initio                                   - Undefined Weak Reference
    _printf_truncate_unsigned                 - Undefined Weak Reference
    _rand_init                                - Undefined Weak Reference
    _signal_finish                            - Undefined Weak Reference
    _signal_init                              - Undefined Weak Reference
    _terminate_alloc                          - Undefined Weak Reference
    _terminate_user_alloc                     - Undefined Weak Reference
    _terminateio                              - Undefined Weak Reference
    __main                                   0x000000c1   Thumb Code     8  __main.o(!!!main)
    __scatterload                            0x000000c9   Thumb Code     0  __scatter.o(!!!scatter)
    __scatterload_rt2                        0x000000c9   Thumb Code    52  __scatter.o(!!!scatter)
    __scatterload_rt2_thumb_only             0x000000c9   Thumb Code     0  __scatter.o(!!!scatter)
    __scatterload_null                       0x000000d9   Thumb Code     0  __scatter.o(!!!scatter)
    __scatterload_copy                       0x00000105   Thumb Code    26  __scatter_copy.o(!!handler_copy)
    __scatterload_zeroinit                   0x00000121   Thumb Code    28  __scatter_zi.o(!!handler_zi)
    _printf_percent                          0x0000013d   Thumb Code     0  _printf_percent.o(.ARM.Collect$$_printf_percent$$00000000)
    _printf_f                                0x0000013f   Thumb Code     0  _printf_f.o(.ARM.Collect$$_printf_percent$$00000003)
    _printf_x                                0x00000149   Thumb Code     0  _printf_x.o(.ARM.Collect$$_printf_percent$$0000000C)
    _printf_percent_end                      0x00000153   Thumb Code     0  _printf_percent_end.o(.ARM.Collect$$_printf_percent$$00000017)
    __rt_lib_init                            0x00000157   Thumb Code     0  libinit.o(.ARM.Collect$$libinit$$00000000)
    __rt_lib_init_fp_1                       0x00000159   Thumb Code     0  libinit2.o(.ARM.Collect$$libinit$$00000002)
    __rt_lib_init_heap_1                     0x00000159   Thumb Code     0  libinit2.o(.ARM.Collect$$libinit$$0000000A)
    __rt_lib_init_lc_common                  0x00000159   Thumb Code     0  libinit2.o(.ARM.Collect$$libinit$$0000000F)
    __rt_lib_init_preinit_1                  0x00000159   Thumb Code     0  libinit2.o(.ARM.Collect$$libinit$$00000004)
    __rt_lib_init_rand_1                     0x00000159   Thumb Code     0  libinit2.o(.ARM.Collect$$libinit$$0000000E)
    __rt_lib_init_user_alloc_1               0x00000159   Thumb Code     0  libinit2.o(.ARM.Collect$$libinit$$0000000C)
    __rt_lib_init_lc_collate_1               0x0000015f   Thumb Code     0  libinit2.o(.ARM.Collect$$libinit$$00000011)
    __rt_lib_init_lc_ctype_1                 0x0000015f   Thumb Code     0  libinit2.o(.ARM.Collect$$libinit$$00000013)
    __rt_lib_init_lc_monetary_1              0x0000015f   Thumb Code     0  libinit2.o(.ARM.Collect$$libinit$$00000015)
    __rt_lib_init_lc_numeric_2               0x0000015f   Thumb Code     0  libinit2.o(.ARM.Collect$$libinit$$00000016)
    __rt_lib_init_alloca_1                   0x00000169   Thumb Code     0  libinit2.o(.ARM.Collect$$libinit$$0000002E)
    __rt_lib_init_argv_1                     0x00000169   Thumb Code     0  libinit2.o(.ARM.Collect$$libinit$$0000002C)
    __rt_lib_init_atexit_1                   0x00000169   Thumb Code     0  libinit2.o(.ARM.Collect$$libinit$$0000001B)
    __rt_lib_init_clock_1                    0x00000169   Thumb Code     0  libinit2.o(.ARM.Collect$$libinit$$00000021)
    __rt_lib_init_cpp_1                      0x00000169   Thumb Code     0  libinit2.o(.ARM.Collect$$libinit$$00000032)
    __rt_lib_init_exceptions_1               0x00000169   Thumb Code     0  libinit2.o(.ARM.Collect$$libinit$$00000030)
    __rt_lib_init_fp_trap_1                  0x00000169   Thumb Code     0  libinit2.o(.ARM.Collect$$libinit$$0000001F)
    __rt_lib_init_getenv_1                   0x00000169   Thumb Code     0  libinit2.o(.ARM.Collect$$libinit$$00000023)
    __rt_lib_init_lc_numeric_1               0x00000169   Thumb Code     0  libinit2.o(.ARM.Collect$$libinit$$00000017)
    __rt_lib_init_lc_time_1                  0x00000169   Thumb Code     0  libinit2.o(.ARM.Collect$$libinit$$00000019)
    __rt_lib_init_return                     0x00000169   Thumb Code     0  libinit2.o(.ARM.Collect$$libinit$$00000033)
    __rt_lib_init_signal_1                   0x00000169   Thumb Code     0  libinit2.o(.ARM.Collect$$libinit$$0000001D)
    __rt_lib_init_stdio_1                    0x00000169   Thumb Code     0  libinit2.o(.ARM.Collect$$libinit$$00000025)
    __rt_lib_shutdown                        0x0000016b   Thumb Code     0  libshutdown.o(.ARM.Collect$$libshutdown$$00000000)
    __rt_lib_shutdown_cpp_1                  0x0000016d   Thumb Code     0  libshutdown2.o(.ARM.Collect$$libshutdown$$00000002)
    __rt_lib_shutdown_fp_trap_1              0x0000016d   Thumb Code     0  libshutdown2.o(.ARM.Collect$$libshutdown$$00000007)
    __rt_lib_shutdown_heap_1                 0x0000016d   Thumb Code     0  libshutdown2.o(.ARM.Collect$$libshutdown$$0000000F)
    __rt_lib_shutdown_return                 0x0000016d   Thumb Code     0  libshutdown2.o(.ARM.Collect$$libshutdown$$00000010)
    __rt_lib_shutdown_signal_1               0x0000016d   Thumb Code     0  libshutdown2.o(.ARM.Collect$$libshutdown$$0000000A)
    __rt_lib_shutdown_stdio_1                0x0000016d   Thumb Code     0  libshutdown2.o(.ARM.Collect$$libshutdown$$00000004)
    __rt_lib_shutdown_user_alloc_1           0x0000016d   Thumb Code     0  libshutdown2.o(.ARM.Collect$$libshutdown$$0000000C)
    __rt_entry                               0x0000016f   Thumb Code     0  __rtentry.o(.ARM.Collect$$rtentry$$00000000)
    __rt_entry_presh_1                       0x0000016f   Thumb Code     0  __rtentry2.o(.ARM.Collect$$rtentry$$00000002)
    __rt_entry_sh                            0x0000016f   Thumb Code     0  __rtentry4.o(.ARM.Collect$$rtentry$$00000004)
    __rt_entry_li                            0x00000175   Thumb Code     0  __rtentry2.o(.ARM.Collect$$rtentry$$0000000A)
    __rt_entry_postsh_1                      0x00000175   Thumb Code     0  __rtentry2.o(.ARM.Collect$$rtentry$$00000009)
    __rt_entry_main                          0x00000179   Thumb Code     0  __rtentry2.o(.ARM.Collect$$rtentry$$0000000D)
    __rt_entry_postli_1                      0x00000179   Thumb Code     0  __rtentry2.o(.ARM.Collect$$rtentry$$0000000C)
    __rt_exit                                0x00000181   Thumb Code     0  rtexit.o(.ARM.Collect$$rtexit$$00000000)
    __rt_exit_ls                             0x00000183   Thumb Code     0  rtexit2.o(.ARM.Collect$$rtexit$$00000003)
    __rt_exit_prels_1                        0x00000183   Thumb Code     0  rtexit2.o(.ARM.Collect$$rtexit$$00000002)
    __rt_exit_exit                           0x00000187   Thumb Code     0  rtexit2.o(.ARM.Collect$$rtexit$$00000004)
    HardFault_Handler                        0x0000018d   Thumb Code    24  retarget.o(.emb_text)
    Reset_Handler                            0x000001a9   Thumb Code    28  startup_nano100series.o(.text)
    NMI_Handler                              0x000001c5   Thumb Code     2  startup_nano100series.o(.text)
    SVC_Handler                              0x000001c9   Thumb Code     2  startup_nano100series.o(.text)
    PendSV_Handler                           0x000001cb   Thumb Code     2  startup_nano100series.o(.text)
    ADC_IRQHandler                           0x000001cf   Thumb Code     0  startup_nano100series.o(.text)
    BOD_IRQHandler                           0x000001cf   Thumb Code     0  startup_nano100series.o(.text)
    DAC_IRQHandler                           0x000001cf   Thumb Code     0  startup_nano100series.o(.text)
    EINT0_IRQHandler                         0x000001cf   Thumb Code     0  startup_nano100series.o(.text)
    EINT1_IRQHandler                         0x000001cf   Thumb Code     0  startup_nano100series.o(.text)
    GPABC_IRQHandler                         0x000001cf   Thumb Code     0  startup_nano100series.o(.text)
    GPDEF_IRQHandler                         0x000001cf   Thumb Code     0  startup_nano100series.o(.text)
    HIRC_IRQHandler                          0x000001cf   Thumb Code     0  startup_nano100series.o(.text)
    I2C0_IRQHandler                          0x000001cf   Thumb Code     0  startup_nano100series.o(.text)
    I2C1_IRQHandler                          0x000001cf   Thumb Code     0  startup_nano100series.o(.text)
    I2S_IRQHandler                           0x000001cf   Thumb Code     0  startup_nano100series.o(.text)
    LCD_IRQHandler                           0x000001cf   Thumb Code     0  startup_nano100series.o(.text)
    PDMA_IRQHandler                          0x000001cf   Thumb Code     0  startup_nano100series.o(.text)
    PDWU_IRQHandler                          0x000001cf   Thumb Code     0  startup_nano100series.o(.text)
    PWM0_IRQHandler                          0x000001cf   Thumb Code     0  startup_nano100series.o(.text)
    PWM1_IRQHandler                          0x000001cf   Thumb Code     0  startup_nano100series.o(.text)
    RTC_IRQHandler                           0x000001cf   Thumb Code     0  startup_nano100series.o(.text)
    SC0_IRQHandler                           0x000001cf   Thumb Code     0  startup_nano100series.o(.text)
    SC1_IRQHandler                           0x000001cf   Thumb Code     0  startup_nano100series.o(.text)
    SC2_IRQHandler                           0x000001cf   Thumb Code     0  startup_nano100series.o(.text)
    SPI0_IRQHandler                          0x000001cf   Thumb Code     0  startup_nano100series.o(.text)
    SPI1_IRQHandler                          0x000001cf   Thumb Code     0  startup_nano100series.o(.text)
    SPI2_IRQHandler                          0x000001cf   Thumb Code     0  startup_nano100series.o(.text)
    TMR0_IRQHandler                          0x000001cf   Thumb Code     0  startup_nano100series.o(.text)
    TMR1_IRQHandler                          0x000001cf   Thumb Code     0  startup_nano100series.o(.text)
    TMR2_IRQHandler                          0x000001cf   Thumb Code     0  startup_nano100series.o(.text)
    TMR3_IRQHandler                          0x000001cf   Thumb Code     0  startup_nano100series.o(.text)
    UART0_IRQHandler                         0x000001cf   Thumb Code     0  startup_nano100series.o(.text)
    USBD_IRQHandler                          0x000001cf   Thumb Code     0  startup_nano100series.o(.text)
    WDT_IRQHandler                           0x000001cf   Thumb Code     0  startup_nano100series.o(.text)
    __user_initial_stackheap                 0x000001d1   Thumb Code     0  startup_nano100series.o(.text)
    __2printf                                0x00000209   Thumb Code    22  noretval__2printf.o(.text)
    __2sprintf                               0x00000225   Thumb Code    36  noretval__2sprintf.o(.text)
    _printf_pre_padding                      0x0000024d   Thumb Code    44  _printf_pad.o(.text)
    _printf_post_padding                     0x00000279   Thumb Code    34  _printf_pad.o(.text)
    _printf_int_hex                          0x0000029d   Thumb Code    84  _printf_hex_int.o(.text)
    _printf_longlong_hex                     0x0000029d   Thumb Code     0  _printf_hex_int.o(.text)
    __printf                                 0x000002f5   Thumb Code   270  __printf_wp.o(.text)
    __aeabi_uidiv                            0x00000403   Thumb Code     0  aeabi_sdiv.o(.text)
    __aeabi_uidivmod                         0x00000403   Thumb Code    20  aeabi_sdiv.o(.text)
    __aeabi_idiv                             0x00000417   Thumb Code     0  aeabi_sdiv.o(.text)
    __aeabi_idivmod                          0x00000417   Thumb Code   326  aeabi_sdiv.o(.text)
    __use_two_region_memory                  0x0000055d   Thumb Code     2  heapauxi.o(.text)
    __rt_heap_escrow$2region                 0x0000055f   Thumb Code     2  heapauxi.o(.text)
    __rt_heap_expand$2region                 0x00000561   Thumb Code     2  heapauxi.o(.text)
    __aeabi_d2f                              0x00000565   Thumb Code     0  d2f.o(.text)
    _d2f                                     0x00000565   Thumb Code   120  d2f.o(.text)
    __aeabi_dadd                             0x000008d9   Thumb Code     0  daddsub.o(.text)
    _dadd                                    0x000008d9   Thumb Code    26  daddsub.o(.text)
    __aeabi_dsub                             0x000008f3   Thumb Code     0  daddsub.o(.text)
    _dsub                                    0x000008f3   Thumb Code    22  daddsub.o(.text)
    __aeabi_drsub                            0x00000909   Thumb Code     0  daddsub.o(.text)
    _drsb                                    0x00000909   Thumb Code    28  daddsub.o(.text)
    __aeabi_dmul                             0x00000939   Thumb Code     0  dmul.o(.text)
    _dmul                                    0x00000939   Thumb Code   558  dmul.o(.text)
    __aeabi_f2d                              0x00000b81   Thumb Code     0  f2d.o(.text)
    _f2d                                     0x00000b81   Thumb Code    80  f2d.o(.text)
    __aeabi_fdiv                             0x00000bd5   Thumb Code     0  fdiv.o(.text)
    _fdiv                                    0x00000bd5   Thumb Code   334  fdiv.o(.text)
    _frdiv                                   0x00000d23   Thumb Code     8  fdiv.o(.text)
    __aeabi_i2f_normalise                    0x00000d35   Thumb Code    72  fflti.o(.text)
    __aeabi_i2f                              0x00000d7d   Thumb Code    16  fflti.o(.text)
    _fflt                                    0x00000d7d   Thumb Code     0  fflti.o(.text)
    __aeabi_ui2f                             0x00000d8d   Thumb Code     6  fflti.o(.text)
    _ffltu                                   0x00000d8d   Thumb Code     0  fflti.o(.text)
    _printf_int_common                       0x00000d93   Thumb Code   176  _printf_intcommon.o(.text)
    __lib_sel_fp_printf                      0x00000e45   Thumb Code     2  _printf_fp_dec.o(.text)
    _printf_fp_dec_real                      0x00000fdf   Thumb Code   620  _printf_fp_dec.o(.text)
    _printf_char_common                      0x00001263   Thumb Code    32  _printf_char_common.o(.text)
    _sputc                                   0x00001289   Thumb Code    10  _sputc.o(.text)
    _printf_char_file                        0x00001295   Thumb Code    34  _printf_char_file.o(.text)
    __rt_locale                              0x000012bd   Thumb Code     8  rt_locale_intlibspace.o(.text)
    _ll_udiv10                               0x000012c5   Thumb Code   122  lludiv10.o(.text)
    _printf_fp_infnan                        0x00001341   Thumb Code   120  _printf_fp_infnan.o(.text)
    _btod_etento                             0x000013c9   Thumb Code   196  bigflt0.o(.text)
    _btod_d2e                                0x00001491   Thumb Code    64  btod.o(.text)
    _btod_emul                               0x00001887   Thumb Code    24  btod.o(.text)
    _btod_emuld                              0x0000189f   Thumb Code    60  btod.o(.text)
    _btod_ediv                               0x000018db   Thumb Code    22  btod.o(.text)
    _btod_edivd                              0x000018f1   Thumb Code    60  btod.o(.text)
    __rt_udiv10                              0x00001939   Thumb Code    40  rtudiv10.o(.text)
    __user_libspace                          0x00001961   Thumb Code     8  libspace.o(.text)
    __user_perproc_libspace                  0x00001961   Thumb Code     0  libspace.o(.text)
    __user_perthread_libspace                0x00001961   Thumb Code     0  libspace.o(.text)
    __user_setup_stackheap                   0x00001969   Thumb Code    62  sys_stackheap_outer.o(.text)
    exit                                     0x000019a7   Thumb Code    16  exit.o(.text)
    strcmp                                   0x000019b9   Thumb Code   132  strcmp.o(.text)
    _sys_exit                                0x00001a41   Thumb Code     8  sys_exit.o(.text)
    __I$use$semihosting                      0x00001a4d   Thumb Code     0  use_no_semi.o(.text)
    __use_no_semihosting_swi                 0x00001a4d   Thumb Code     2  use_no_semi.o(.text)
    __semihosting_library_function           0x00001a4f   Thumb Code     0  indicate_semi.o(.text)
    CLK_EnableModuleClock                    0x00001a51   Thumb Code    32  clk.o(i.CLK_EnableModuleClock)
    CLK_SetModuleClock                       0x00001a75   Thumb Code    94  clk.o(i.CLK_SetModuleClock)
    GPIO_SetMode                             0x00001ad9   Thumb Code    46  gpio.o(i.GPIO_SetMode)
    Hard_Fault_Handler                       0x00001b09   Thumb Code    18  retarget.o(i.Hard_Fault_Handler)
    SendChar                                 0x00001bcd   Thumb Code    12  retarget.o(i.SendChar)
    SendChar_ToUART                          0x00001bd9   Thumb Code    22  retarget.o(i.SendChar_ToUART)
    SysGet_PLLClockFreq                      0x00001bf5   Thumb Code   120  system_nano100series.o(i.SysGet_PLLClockFreq)
    SysTick_Handler                          0x00001c75   Thumb Code    12  my_systick.o(i.SysTick_Handler)
    UART1_IRQHandler                         0x00001c85   Thumb Code    12  my_uart.o(i.UART1_IRQHandler)
    UART_Open                                0x00001c95   Thumb Code   146  uart.o(i.UART_Open)
    __ARM_common_ll_muluu                    0x00001d35   Thumb Code    48  timer.o(i.__ARM_common_ll_muluu)
    __ARM_common_switch8                     0x00001d65   Thumb Code    28  main.o(i.__ARM_common_switch8)
    __ARM_fpclassify                         0x00001d81   Thumb Code    40  fpclassify.o(i.__ARM_fpclassify)
    _is_digit                                0x00001dad   Thumb Code    14  __printf_wp.o(i._is_digit)
    ferror                                   0x00001dd7   Thumb Code     8  retarget.o(i.ferror)
    fputc                                    0x00001ddf   Thumb Code    16  retarget.o(i.fputc)
    hr_spo2_adc_rge                          0x00001def   Thumb Code    64  my_max30102.o(i.hr_spo2_adc_rge)
    hr_spo2_avg                              0x00001e2f   Thumb Code    64  my_max30102.o(i.hr_spo2_avg)
    hr_spo2_fifo_roll                        0x00001e6f   Thumb Code    64  my_max30102.o(i.hr_spo2_fifo_roll)
    hr_spo2_init                             0x00001eaf   Thumb Code    48  my_max30102.o(i.hr_spo2_init)
    hr_spo2_init_ptr                         0x00001edf   Thumb Code    34  my_max30102.o(i.hr_spo2_init_ptr)
    hr_spo2_led_fifo_slot1                   0x00001f01   Thumb Code    64  my_max30102.o(i.hr_spo2_led_fifo_slot1)
    hr_spo2_led_fifo_slot2                   0x00001f41   Thumb Code    64  my_max30102.o(i.hr_spo2_led_fifo_slot2)
    hr_spo2_led_pa                           0x00001f81   Thumb Code    48  my_max30102.o(i.hr_spo2_led_pa)
    hr_spo2_led_pw                           0x00001fb1   Thumb Code    64  my_max30102.o(i.hr_spo2_led_pw)
    hr_spo2_mode_set                         0x00001ff1   Thumb Code    64  my_max30102.o(i.hr_spo2_mode_set)
    hr_spo2_reset                            0x00002031   Thumb Code    64  my_max30102.o(i.hr_spo2_reset)
    hr_spo2_sr                               0x00002071   Thumb Code    64  my_max30102.o(i.hr_spo2_sr)
    hr_spo2_wait_PR_ready                    0x000020b1   Thumb Code    44  my_max30102.o(i.hr_spo2_wait_PR_ready)
    hr_spo2_wait_WR_ready                    0x000020dd   Thumb Code    44  my_max30102.o(i.hr_spo2_wait_WR_ready)
    i2c_read                                 0x00002109   Thumb Code   384  my_i2c.o(i.i2c_read)
    i2c_start                                0x0000228d   Thumb Code    86  my_i2c.o(i.i2c_start)
    i2c_stop                                 0x000022ed   Thumb Code    38  my_i2c.o(i.i2c_stop)
    i2c_write                                0x00002319   Thumb Code   310  my_i2c.o(i.i2c_write)
    init_UART1                               0x00002455   Thumb Code   100  my_uart.o(i.init_UART1)
    init_systick                             0x000024c9   Thumb Code    54  my_systick.o(i.init_systick)
    lcd_cmd                                  0x0000250d   Thumb Code    52  kd1602.o(i.lcd_cmd)
    lcd_init                                 0x00002549   Thumb Code   128  kd1602.o(i.lcd_init)
    lcd_print                                0x000025ed   Thumb Code    34  kd1602.o(i.lcd_print)
    lcd_put                                  0x00002611   Thumb Code    54  kd1602.o(i.lcd_put)
    main                                     0x00002651   Thumb Code   880  main.o(i.main)
    set_read_1                               0x00002a25   Thumb Code    32  my_max30102_setwr.o(i.set_read_1)
    set_write_2                              0x00002a45   Thumb Code    24  my_max30102_setwr.o(i.set_write_2)
    set_write_3                              0x00002a5d   Thumb Code    32  my_max30102_setwr.o(i.set_write_3)
    stackDump                                0x00002a7d   Thumb Code    70  retarget.o(i.stackDump)
    _get_lc_numeric                          0x00002b25   Thumb Code    44  lc_numeric_c.o(locale$$code)
    __aeabi_fadd                             0x00002b51   Thumb Code     0  faddsub.o(x$fpl$fadd)
    _fadd                                    0x00002b51   Thumb Code   134  faddsub.o(x$fpl$fadd)
    __aeabi_fsub                             0x00002bdd   Thumb Code     0  faddsub.o(x$fpl$fsub)
    _fsub                                    0x00002bdd   Thumb Code   204  faddsub.o(x$fpl$fsub)
    _printf_fp_dec                           0x00002cad   Thumb Code    16  printf1.o(x$fpl$printf1)
    __I$use$fp                               0x00002cbc   Number         0  usenofp.o(x$fpl$usenofp)
    Region$$Table$$Base                      0x00002de8   Number         0  anon$$obj.o(Region$$Table)
    Region$$Table$$Limit                     0x00002e08   Number         0  anon$$obj.o(Region$$Table)
    tick                                     0x20000000   Data           4  my_systick.o(.data)
    __stdout                                 0x20000004   Data           4  retarget.o(.data)
    __stdin                                  0x20000008   Data           4  retarget.o(.data)
    SystemCoreClock                          0x2000000c   Data           4  system_nano100series.o(.data)
    CyclesPerUs                              0x20000010   Data           4  system_nano100series.o(.data)
    __libspace_start                         0x20000014   Data          96  libspace.o(.bss)
    __temporary_stack_top$libspace           0x20000074   Data           0  libspace.o(.bss)



==============================================================================

Memory Map of the image

  Image Entry point : 0x000001a9

  Load Region LR_1 (Base: 0x00000000, Size: 0x00002e38, Max: 0xffffffff, ABSOLUTE)

    Execution Region ER_RO (Base: 0x00000000, Size: 0x00002e24, Max: 0xffffffff, ABSOLUTE)

    Base Addr    Size         Type   Attr      Idx    E Section Name        Object

    0x00000000   0x000000c0   Data   RO         1020    RESET               startup_nano100series.o
    0x000000c0   0x00000008   Code   RO         1129  * !!!main             c_p.l(__main.o)
    0x000000c8   0x0000003c   Code   RO         1362    !!!scatter          c_p.l(__scatter.o)
    0x00000104   0x0000001a   Code   RO         1364    !!handler_copy      c_p.l(__scatter_copy.o)
    0x0000011e   0x00000002   PAD
    0x00000120   0x0000001c   Code   RO         1366    !!handler_zi        c_p.l(__scatter_zi.o)
    0x0000013c   0x00000002   Code   RO         1122    .ARM.Collect$$_printf_percent$$00000000  c_p.l(_printf_percent.o)
    0x0000013e   0x0000000a   Code   RO         1121    .ARM.Collect$$_printf_percent$$00000003  c_p.l(_printf_f.o)
    0x00000148   0x0000000a   Code   RO         1120    .ARM.Collect$$_printf_percent$$0000000C  c_p.l(_printf_x.o)
    0x00000152   0x00000004   Code   RO         1169    .ARM.Collect$$_printf_percent$$00000017  c_p.l(_printf_percent_end.o)
    0x00000156   0x00000002   Code   RO         1236    .ARM.Collect$$libinit$$00000000  c_p.l(libinit.o)
    0x00000158   0x00000000   Code   RO         1238    .ARM.Collect$$libinit$$00000002  c_p.l(libinit2.o)
    0x00000158   0x00000000   Code   RO         1240    .ARM.Collect$$libinit$$00000004  c_p.l(libinit2.o)
    0x00000158   0x00000000   Code   RO         1243    .ARM.Collect$$libinit$$0000000A  c_p.l(libinit2.o)
    0x00000158   0x00000000   Code   RO         1245    .ARM.Collect$$libinit$$0000000C  c_p.l(libinit2.o)
    0x00000158   0x00000000   Code   RO         1247    .ARM.Collect$$libinit$$0000000E  c_p.l(libinit2.o)
    0x00000158   0x00000006   Code   RO         1248    .ARM.Collect$$libinit$$0000000F  c_p.l(libinit2.o)
    0x0000015e   0x00000000   Code   RO         1250    .ARM.Collect$$libinit$$00000011  c_p.l(libinit2.o)
    0x0000015e   0x00000000   Code   RO         1252    .ARM.Collect$$libinit$$00000013  c_p.l(libinit2.o)
    0x0000015e   0x00000000   Code   RO         1254    .ARM.Collect$$libinit$$00000015  c_p.l(libinit2.o)
    0x0000015e   0x0000000a   Code   RO         1255    .ARM.Collect$$libinit$$00000016  c_p.l(libinit2.o)
    0x00000168   0x00000000   Code   RO         1256    .ARM.Collect$$libinit$$00000017  c_p.l(libinit2.o)
    0x00000168   0x00000000   Code   RO         1258    .ARM.Collect$$libinit$$00000019  c_p.l(libinit2.o)
    0x00000168   0x00000000   Code   RO         1260    .ARM.Collect$$libinit$$0000001B  c_p.l(libinit2.o)
    0x00000168   0x00000000   Code   RO         1262    .ARM.Collect$$libinit$$0000001D  c_p.l(libinit2.o)
    0x00000168   0x00000000   Code   RO         1264    .ARM.Collect$$libinit$$0000001F  c_p.l(libinit2.o)
    0x00000168   0x00000000   Code   RO         1266    .ARM.Collect$$libinit$$00000021  c_p.l(libinit2.o)
    0x00000168   0x00000000   Code   RO         1268    .ARM.Collect$$libinit$$00000023  c_p.l(libinit2.o)
    0x00000168   0x00000000   Code   RO         1270    .ARM.Collect$$libinit$$00000025  c_p.l(libinit2.o)
    0x00000168   0x00000000   Code   RO         1274    .ARM.Collect$$libinit$$0000002C  c_p.l(libinit2.o)
    0x00000168   0x00000000   Code   RO         1276    .ARM.Collect$$libinit$$0000002E  c_p.l(libinit2.o)
    0x00000168   0x00000000   Code   RO         1278    .ARM.Collect$$libinit$$00000030  c_p.l(libinit2.o)
    0x00000168   0x00000000   Code   RO         1280    .ARM.Collect$$libinit$$00000032  c_p.l(libinit2.o)
    0x00000168   0x00000002   Code   RO         1281    .ARM.Collect$$libinit$$00000033  c_p.l(libinit2.o)
    0x0000016a   0x00000002   Code   RO         1327    .ARM.Collect$$libshutdown$$00000000  c_p.l(libshutdown.o)
    0x0000016c   0x00000000   Code   RO         1345    .ARM.Collect$$libshutdown$$00000002  c_p.l(libshutdown2.o)
    0x0000016c   0x00000000   Code   RO         1347    .ARM.Collect$$libshutdown$$00000004  c_p.l(libshutdown2.o)
    0x0000016c   0x00000000   Code   RO         1350    .ARM.Collect$$libshutdown$$00000007  c_p.l(libshutdown2.o)
    0x0000016c   0x00000000   Code   RO         1353    .ARM.Collect$$libshutdown$$0000000A  c_p.l(libshutdown2.o)
    0x0000016c   0x00000000   Code   RO         1355    .ARM.Collect$$libshutdown$$0000000C  c_p.l(libshutdown2.o)
    0x0000016c   0x00000000   Code   RO         1358    .ARM.Collect$$libshutdown$$0000000F  c_p.l(libshutdown2.o)
    0x0000016c   0x00000002   Code   RO         1359    .ARM.Collect$$libshutdown$$00000010  c_p.l(libshutdown2.o)
    0x0000016e   0x00000000   Code   RO         1152    .ARM.Collect$$rtentry$$00000000  c_p.l(__rtentry.o)
    0x0000016e   0x00000000   Code   RO         1172    .ARM.Collect$$rtentry$$00000002  c_p.l(__rtentry2.o)
    0x0000016e   0x00000006   Code   RO         1184    .ARM.Collect$$rtentry$$00000004  c_p.l(__rtentry4.o)
    0x00000174   0x00000000   Code   RO         1174    .ARM.Collect$$rtentry$$00000009  c_p.l(__rtentry2.o)
    0x00000174   0x00000004   Code   RO         1175    .ARM.Collect$$rtentry$$0000000A  c_p.l(__rtentry2.o)
    0x00000178   0x00000000   Code   RO         1177    .ARM.Collect$$rtentry$$0000000C  c_p.l(__rtentry2.o)
    0x00000178   0x00000008   Code   RO         1178    .ARM.Collect$$rtentry$$0000000D  c_p.l(__rtentry2.o)
    0x00000180   0x00000002   Code   RO         1283    .ARM.Collect$$rtexit$$00000000  c_p.l(rtexit.o)
    0x00000182   0x00000000   Code   RO         1298    .ARM.Collect$$rtexit$$00000002  c_p.l(rtexit2.o)
    0x00000182   0x00000004   Code   RO         1299    .ARM.Collect$$rtexit$$00000003  c_p.l(rtexit2.o)
    0x00000186   0x00000006   Code   RO         1300    .ARM.Collect$$rtexit$$00000004  c_p.l(rtexit2.o)
    0x0000018c   0x0000001c   Code   RO          929    .emb_text           retarget.o
    0x000001a8   0x00000060   Code   RO         1021  * .text               startup_nano100series.o
    0x00000208   0x0000001c   Code   RO         1071    .text               c_p.l(noretval__2printf.o)
    0x00000224   0x00000028   Code   RO         1073    .text               c_p.l(noretval__2sprintf.o)
    0x0000024c   0x0000004e   Code   RO         1077    .text               c_p.l(_printf_pad.o)
    0x0000029a   0x00000002   PAD
    0x0000029c   0x00000058   Code   RO         1082    .text               c_p.l(_printf_hex_int.o)
    0x000002f4   0x0000010e   Code   RO         1108    .text               c_p.l(__printf_wp.o)
    0x00000402   0x0000015a   Code   RO         1123    .text               c_p.l(aeabi_sdiv.o)
    0x0000055c   0x00000006   Code   RO         1127    .text               c_p.l(heapauxi.o)
    0x00000562   0x00000002   PAD
    0x00000564   0x0000007c   Code   RO         1131    .text               fz_ps.l(d2f.o)
    0x000005e0   0x00000358   Code   RO         1133    .text               fz_ps.l(daddsub.o)
    0x00000938   0x00000248   Code   RO         1135    .text               fz_ps.l(dmul.o)
    0x00000b80   0x00000054   Code   RO         1137    .text               fz_ps.l(f2d.o)
    0x00000bd4   0x00000160   Code   RO         1145    .text               fz_ps.l(fdiv.o)
    0x00000d34   0x0000005e   Code   RO         1148    .text               fz_ps.l(fflti.o)
    0x00000d92   0x000000b0   Code   RO         1159    .text               c_p.l(_printf_intcommon.o)
    0x00000e42   0x00000002   PAD
    0x00000e44   0x00000414   Code   RO         1161    .text               c_p.l(_printf_fp_dec.o)
    0x00001258   0x00000030   Code   RO         1163    .text               c_p.l(_printf_char_common.o)
    0x00001288   0x0000000a   Code   RO         1165    .text               c_p.l(_sputc.o)
    0x00001292   0x00000002   PAD
    0x00001294   0x00000028   Code   RO         1167    .text               c_p.l(_printf_char_file.o)
    0x000012bc   0x00000008   Code   RO         1195    .text               c_p.l(rt_locale_intlibspace.o)
    0x000012c4   0x0000007a   Code   RO         1197    .text               c_p.l(lludiv10.o)
    0x0000133e   0x00000002   PAD
    0x00001340   0x00000088   Code   RO         1199    .text               c_p.l(_printf_fp_infnan.o)
    0x000013c8   0x000000c8   Code   RO         1203    .text               c_p.l(bigflt0.o)
    0x00001490   0x000004a8   Code   RO         1206    .text               c_p.l(btod.o)
    0x00001938   0x00000028   Code   RO         1211    .text               c_p.l(rtudiv10.o)
    0x00001960   0x00000008   Code   RO         1217    .text               c_p.l(libspace.o)
    0x00001968   0x0000003e   Code   RO         1220    .text               c_p.l(sys_stackheap_outer.o)
    0x000019a6   0x00000010   Code   RO         1223    .text               c_p.l(exit.o)
    0x000019b6   0x00000002   PAD
    0x000019b8   0x00000088   Code   RO         1229    .text               c_p.l(strcmp.o)
    0x00001a40   0x0000000c   Code   RO         1295    .text               c_p.l(sys_exit.o)
    0x00001a4c   0x00000002   Code   RO         1314    .text               c_p.l(use_no_semi.o)
    0x00001a4e   0x00000000   Code   RO         1316    .text               c_p.l(indicate_semi.o)
    0x00001a4e   0x00000002   PAD
    0x00001a50   0x00000024   Code   RO          457    i.CLK_EnableModuleClock  clk.o
    0x00001a74   0x00000064   Code   RO          470    i.CLK_SetModuleClock  clk.o
    0x00001ad8   0x0000002e   Code   RO          600    i.GPIO_SetMode      gpio.o
    0x00001b06   0x00000002   PAD
    0x00001b08   0x0000002c   Code   RO          931    i.Hard_Fault_Handler  retarget.o
    0x00001b34   0x00000078   Code   RO          211    i.NVIC_SetPriority  my_systick.o
    0x00001bac   0x00000020   Code   RO          260    i.SYS_UnlockReg     my_uart.o
    0x00001bcc   0x0000000c   Code   RO          933    i.SendChar          retarget.o
    0x00001bd8   0x0000001c   Code   RO          934    i.SendChar_ToUART   retarget.o
    0x00001bf4   0x00000080   Code   RO         1028    i.SysGet_PLLClockFreq  system_nano100series.o
    0x00001c74   0x00000010   Code   RO          212    i.SysTick_Handler   my_systick.o
    0x00001c84   0x00000010   Code   RO          261    i.UART1_IRQHandler  my_uart.o
    0x00001c94   0x000000a0   Code   RO          811    i.UART_Open         uart.o
    0x00001d34   0x00000030   Code   RO          798    i.__ARM_common_ll_muluu  timer.o
    0x00001d64   0x0000001c   Code   RO           19    i.__ARM_common_switch8  main.o
    0x00001d80   0x0000002c   Code   RO         1215    i.__ARM_fpclassify  m_ps.l(fpclassify.o)
    0x00001dac   0x0000000e   Code   RO         1110    i._is_digit         c_p.l(__printf_wp.o)
    0x00001dba   0x00000010   Code   RO          125    i.delay             kd1602.o
    0x00001dca   0x0000000c   Code   RO          168    i.delay             my_i2c.o
    0x00001dd6   0x00000008   Code   RO          936    i.ferror            retarget.o
    0x00001dde   0x00000010   Code   RO          938    i.fputc             retarget.o
    0x00001dee   0x00000040   Code   RO          335    i.hr_spo2_adc_rge   my_max30102.o
    0x00001e2e   0x00000040   Code   RO          336    i.hr_spo2_avg       my_max30102.o
    0x00001e6e   0x00000040   Code   RO          337    i.hr_spo2_fifo_roll  my_max30102.o
    0x00001eae   0x00000030   Code   RO          339    i.hr_spo2_init      my_max30102.o
    0x00001ede   0x00000022   Code   RO          340    i.hr_spo2_init_ptr  my_max30102.o
    0x00001f00   0x00000040   Code   RO          341    i.hr_spo2_led_fifo_slot1  my_max30102.o
    0x00001f40   0x00000040   Code   RO          342    i.hr_spo2_led_fifo_slot2  my_max30102.o
    0x00001f80   0x00000030   Code   RO          343    i.hr_spo2_led_pa    my_max30102.o
    0x00001fb0   0x00000040   Code   RO          344    i.hr_spo2_led_pw    my_max30102.o
    0x00001ff0   0x00000040   Code   RO          345    i.hr_spo2_mode_set  my_max30102.o
    0x00002030   0x00000040   Code   RO          347    i.hr_spo2_reset     my_max30102.o
    0x00002070   0x00000040   Code   RO          349    i.hr_spo2_sr        my_max30102.o
    0x000020b0   0x0000002c   Code   RO          350    i.hr_spo2_wait_PR_ready  my_max30102.o
    0x000020dc   0x0000002c   Code   RO          351    i.hr_spo2_wait_WR_ready  my_max30102.o
    0x00002108   0x00000184   Code   RO          169    i.i2c_read          my_i2c.o
    0x0000228c   0x00000060   Code   RO          170    i.i2c_start         my_i2c.o
    0x000022ec   0x0000002c   Code   RO          171    i.i2c_stop          my_i2c.o
    0x00002318   0x0000013c   Code   RO          172    i.i2c_write         my_i2c.o
    0x00002454   0x00000074   Code   RO          263    i.init_UART1        my_uart.o
    0x000024c8   0x00000044   Code   RO          215    i.init_systick      my_systick.o
    0x0000250c   0x0000003c   Code   RO          126    i.lcd_cmd           kd1602.o
    0x00002548   0x000000a4   Code   RO          127    i.lcd_init          kd1602.o
    0x000025ec   0x00000022   Code   RO          128    i.lcd_print         kd1602.o
    0x0000260e   0x00000002   PAD
    0x00002610   0x00000040   Code   RO          129    i.lcd_put           kd1602.o
    0x00002650   0x000003d4   Code   RO            3    i.main              main.o
    0x00002a24   0x00000020   Code   RO          303    i.set_read_1        my_max30102_setwr.o
    0x00002a44   0x00000018   Code   RO          304    i.set_write_2       my_max30102_setwr.o
    0x00002a5c   0x00000020   Code   RO          305    i.set_write_3       my_max30102_setwr.o
    0x00002a7c   0x000000a8   Code   RO          940    i.stackDump         retarget.o
    0x00002b24   0x0000002c   Code   RO         1209    locale$$code        c_p.l(lc_numeric_c.o)
    0x00002b50   0x0000008c   Code   RO         1139    x$fpl$fadd          fz_ps.l(faddsub.o)
    0x00002bdc   0x000000d0   Code   RO         1141    x$fpl$fsub          fz_ps.l(faddsub.o)
    0x00002cac   0x00000010   Code   RO         1150    x$fpl$printf1       fz_ps.l(printf1.o)
    0x00002cbc   0x00000000   Code   RO         1170    x$fpl$usenofp       fz_ps.l(usenofp.o)
    0x00002cbc   0x00000030   Data   RO          819    .constdata          uart.o
    0x00002cec   0x00000028   Data   RO         1083    .constdata          c_p.l(_printf_hex_int.o)
    0x00002d14   0x00000040   Data   RO         1146    .constdata          fz_ps.l(fdiv.o)
    0x00002d54   0x00000094   Data   RO         1204    .constdata          c_p.l(bigflt0.o)
    0x00002de8   0x00000020   Data   RO         1360    Region$$Table       anon$$obj.o
    0x00002e08   0x0000001c   Data   RO         1208    locale$$data        c_p.l(lc_numeric_c.o)


    Execution Region ER_RW (Base: 0x20000000, Size: 0x00000014, Max: 0xffffffff, ABSOLUTE)

    Base Addr    Size         Type   Attr      Idx    E Section Name        Object

    0x20000000   0x00000004   Data   RW          216    .data               my_systick.o
    0x20000004   0x00000008   Data   RW          941    .data               retarget.o
    0x2000000c   0x00000008   Data   RW         1030    .data               system_nano100series.o


    Execution Region ER_ZI (Base: 0x20000014, Size: 0x00000a64, Max: 0xffffffff, ABSOLUTE)

    Base Addr    Size         Type   Attr      Idx    E Section Name        Object

    0x20000014   0x00000060   Zero   RW         1218    .bss                c_p.l(libspace.o)
    0x20000074   0x00000004   PAD
    0x20000078   0x00000500   Zero   RW         1019    HEAP                startup_nano100series.o
    0x20000578   0x00000500   Zero   RW         1018    STACK               startup_nano100series.o


==============================================================================

Image component sizes


      Code (inc. data)   RO Data    RW Data    ZI Data      Debug   Object Name

       136         10          0          0          0       1257   clk.o
        46          0          0          0          0        979   gpio.o
       338         54          0          0          0       2207   kd1602.o
      1008        110          0          0          0     117739   main.o
       856         26          0          0          0       3186   my_i2c.o
       794          0          0          0          0       6530   my_max30102.o
        88          0          0          0          0       1597   my_max30102_setwr.o
       204         28          0          4          0       7668   my_systick.o
       164         26          0          0          0      35992   my_uart.o
       304        134          0          8          0       5193   retarget.o
        96         46        192          0       2560        636   startup_nano100series.o
       128          8          0          8          0       1124   system_nano100series.o
        48          0          0          0          0         76   timer.o
       160         14         48          0          0     112572   uart.o

    ----------------------------------------------------------------------
      4374        456        272         20       2560     296756   Object Totals
         0          0         32          0          0          0   (incl. Generated)
         4          0          0          0          0          0   (incl. Padding)

    ----------------------------------------------------------------------

      Code (inc. data)   RO Data    RW Data    ZI Data      Debug   Library Member Name

         8          0          0          0          0         68   __main.o
       284          0          0          0          0        136   __printf_wp.o
         0          0          0          0          0          0   __rtentry.o
        12          0          0          0          0          0   __rtentry2.o
         6          0          0          0          0          0   __rtentry4.o
        60          8          0          0          0          0   __scatter.o
        26          0          0          0          0          0   __scatter_copy.o
        28          0          0          0          0          0   __scatter_zi.o
        48          6          0          0          0         88   _printf_char_common.o
        40          6          0          0          0         72   _printf_char_file.o
        10          0          0          0          0          0   _printf_f.o
      1044         14          0          0          0        176   _printf_fp_dec.o
       136         16          0          0          0         76   _printf_fp_infnan.o
        88          4         40          0          0         72   _printf_hex_int.o
       176          0          0          0          0         84   _printf_intcommon.o
        78          0          0          0          0        100   _printf_pad.o
         2          0          0          0          0          0   _printf_percent.o
         4          0          0          0          0          0   _printf_percent_end.o
        10          0          0          0          0          0   _printf_x.o
        10          0          0          0          0         60   _sputc.o
       346          0          0          0          0         92   aeabi_sdiv.o
       200          4        148          0          0         80   bigflt0.o
      1192         12          0          0          0        240   btod.o
        16          0          0          0          0         68   exit.o
         6          0          0          0          0        136   heapauxi.o
         0          0          0          0          0          0   indicate_semi.o
        44         10         28          0          0         76   lc_numeric_c.o
         2          0          0          0          0          0   libinit.o
        18          0          0          0          0          0   libinit2.o
         2          0          0          0          0          0   libshutdown.o
         2          0          0          0          0          0   libshutdown2.o
         8          4          0          0         96         68   libspace.o
       122          0          0          0          0         72   lludiv10.o
        28          6          0          0          0         84   noretval__2printf.o
        40          4          0          0          0         84   noretval__2sprintf.o
         8          4          0          0          0         68   rt_locale_intlibspace.o
         2          0          0          0          0          0   rtexit.o
        10          0          0          0          0          0   rtexit2.o
        40          0          0          0          0         60   rtudiv10.o
       136          4          0          0          0         72   strcmp.o
        12          4          0          0          0         60   sys_exit.o
        62          0          0          0          0         80   sys_stackheap_outer.o
         2          0          0          0          0         68   use_no_semi.o
       124          4          0          0          0         72   d2f.o
       856         20          0          0          0        208   daddsub.o
       584         26          0          0          0         84   dmul.o
        84          4          0          0          0         60   f2d.o
       348          8          0          0          0        160   faddsub.o
       352         10         64          0          0         92   fdiv.o
        94          0          0          0          0         92   fflti.o
        16          4          0          0          0         76   printf1.o
         0          0          0          0          0          0   usenofp.o
        44          4          0          0          0         60   fpclassify.o

    ----------------------------------------------------------------------
      6886        186        280          0        100       3244   Library Totals
        16          0          0          0          4          0   (incl. Padding)

    ----------------------------------------------------------------------

      Code (inc. data)   RO Data    RW Data    ZI Data      Debug   Library Name

      4368        106        216          0         96       2340   c_p.l
      2458         76         64          0          0        844   fz_ps.l
        44          4          0          0          0         60   m_ps.l

    ----------------------------------------------------------------------
      6886        186        280          0        100       3244   Library Totals

    ----------------------------------------------------------------------

==============================================================================


      Code (inc. data)   RO Data    RW Data    ZI Data      Debug   

     11260        642        552         20       2660     296464   Grand Totals
     11260        642        552         20       2660     296464   ELF Image Totals
     11260        642        552         20          0          0   ROM Totals

==============================================================================

    Total RO  Size (Code + RO Data)                11812 (  11.54kB)
    Total RW  Size (RW Data + ZI Data)              2680 (   2.62kB)
    Total ROM Size (Code + RO Data + RW Data)      11832 (  11.55kB)

==============================================================================

