Component: ARM Compiler 5.06 (build 20) Tool: armlink [4d35a3]

==============================================================================

Section Cross References

    main.o(i.main) refers to _printf_pad.o(.text) for _printf_pre_padding
    main.o(i.main) refers to _printf_percent.o(.ARM.Collect$$_printf_percent$$00000000) for _printf_percent
    main.o(i.main) refers to _printf_d.o(.ARM.Collect$$_printf_percent$$00000009) for _printf_d
    main.o(i.main) refers to _printf_dec.o(.text) for _printf_int_dec
    main.o(i.main) refers to kd1602.o(i.lcd_init) for lcd_init
    main.o(i.main) refers to my_systick.o(i.init_systick) for init_systick
    main.o(i.main) refers to my_timer.o(i.init_timer0) for init_timer0
    main.o(i.main) refers to my_max30102.o(i.hr_spo2_id1) for hr_spo2_id1
    main.o(i.main) refers to noretval__2sprintf.o(.text) for __2sprintf
    main.o(i.main) refers to kd1602.o(i.lcd_print) for lcd_print
    main.o(i.main) refers to my_max30102.o(i.hr_spo2_id2) for hr_spo2_id2
    main.o(i.main) refers to timer.o(i.TIMER_Delay) for TIMER_Delay
    kd1602.o(i.lcd_cmd) refers to kd1602.o(i.delay) for delay
    kd1602.o(i.lcd_init) refers to kd1602.o(i.delay) for delay
    kd1602.o(i.lcd_init) refers to kd1602.o(i.lcd_cmd) for lcd_cmd
    kd1602.o(i.lcd_init) refers to kd1602.o(i.lcd_print) for lcd_print
    kd1602.o(i.lcd_print) refers to kd1602.o(i.lcd_cmd) for lcd_cmd
    kd1602.o(i.lcd_print) refers to kd1602.o(i.lcd_put) for lcd_put
    kd1602.o(i.lcd_put) refers to kd1602.o(i.delay) for delay
    my_i2c.o(i.i2c_read) refers to my_i2c.o(i.delay) for delay
    my_i2c.o(i.i2c_start) refers to gpio.o(i.GPIO_SetMode) for GPIO_SetMode
    my_i2c.o(i.i2c_start) refers to my_i2c.o(i.delay) for delay
    my_i2c.o(i.i2c_stop) refers to my_i2c.o(i.delay) for delay
    my_i2c.o(i.i2c_write) refers to my_i2c.o(i.delay) for delay
    my_systick.o(i.SysTick_Handler) refers to my_systick.o(.data) for tick
    my_systick.o(i.delay_ms) refers to my_systick.o(.data) for tick
    my_systick.o(i.init_systick) refers to aeabi_sdiv.o(.text) for __aeabi_uidivmod
    my_systick.o(i.init_systick) refers to my_systick.o(i.NVIC_SetPriority) for NVIC_SetPriority
    my_systick.o(i.init_systick) refers to system_nano100series.o(.data) for SystemCoreClock
    my_uart.o(i.init_HCLK_HXT_32M) refers to my_uart.o(i.SYS_UnlockReg) for SYS_UnlockReg
    my_uart.o(i.init_HCLK_HXT_32M) refers to clk.o(i.CLK_SetHCLK) for CLK_SetHCLK
    my_uart.o(i.init_HCLK_HXT_32M) refers to clk.o(i.CLK_EnableXtalRC) for CLK_EnableXtalRC
    my_uart.o(i.init_HCLK_HXT_32M) refers to clk.o(i.CLK_WaitClockReady) for CLK_WaitClockReady
    my_uart.o(i.init_HCLK_HXT_32M) refers to clk.o(i.CLK_SetCoreClock) for CLK_SetCoreClock
    my_uart.o(i.init_UART0) refers to my_uart.o(i.SYS_UnlockReg) for SYS_UnlockReg
    my_uart.o(i.init_UART0) refers to clk.o(i.CLK_EnableModuleClock) for CLK_EnableModuleClock
    my_uart.o(i.init_UART0) refers to clk.o(i.CLK_SetModuleClock) for CLK_SetModuleClock
    my_uart.o(i.init_UART0) refers to uart.o(i.UART_Open) for UART_Open
    my_bh1750.o(i.bh1750) refers to my_i2c.o(i.i2c_start) for i2c_start
    my_bh1750.o(i.bh1750) refers to my_i2c.o(i.i2c_write) for i2c_write
    my_bh1750.o(i.bh1750) refers to my_i2c.o(i.i2c_stop) for i2c_stop
    my_bh1750.o(i.bh1750) refers to my_systick.o(i.delay_ms) for delay_ms
    my_bh1750.o(i.bh1750) refers to my_i2c.o(i.i2c_read) for i2c_read
    my_bh1750.o(i.bh1750_test) refers to my_i2c.o(i.i2c_start) for i2c_start
    my_bh1750.o(i.bh1750_test) refers to my_i2c.o(i.i2c_write) for i2c_write
    my_bh1750.o(i.bh1750_test) refers to my_i2c.o(i.i2c_stop) for i2c_stop
    my_timer.o(i.init_timer0) refers to clk.o(i.CLK_EnableModuleClock) for CLK_EnableModuleClock
    my_timer.o(i.init_timer0) refers to clk.o(i.CLK_SetModuleClock) for CLK_SetModuleClock
    my_timer.o(i.init_timer0) refers to timer.o(i.TIMER_Open) for TIMER_Open
    my_max30102_setwr.o(i.set_read_1) refers to my_i2c.o(i.i2c_start) for i2c_start
    my_max30102_setwr.o(i.set_read_1) refers to my_i2c.o(i.i2c_write) for i2c_write
    my_max30102_setwr.o(i.set_read_1) refers to my_i2c.o(i.i2c_read) for i2c_read
    my_max30102_setwr.o(i.set_read_1) refers to my_i2c.o(i.i2c_stop) for i2c_stop
    my_max30102_setwr.o(i.set_write_2) refers to my_i2c.o(i.i2c_start) for i2c_start
    my_max30102_setwr.o(i.set_write_2) refers to my_i2c.o(i.i2c_write) for i2c_write
    my_max30102.o(i.hr_spo2_id1) refers to my_max30102_setwr.o(i.set_write_2) for set_write_2
    my_max30102.o(i.hr_spo2_id1) refers to my_max30102_setwr.o(i.set_read_1) for set_read_1
    my_max30102.o(i.hr_spo2_id2) refers to my_max30102_setwr.o(i.set_write_2) for set_write_2
    my_max30102.o(i.hr_spo2_id2) refers to my_max30102_setwr.o(i.set_read_1) for set_read_1
    clk.o(i.CLK_EnablePLL) refers to aeabi_sdiv.o(.text) for __aeabi_uidivmod
    clk.o(i.CLK_EnablePLL) refers to clk.o(i.CLK_WaitClockReady) for CLK_WaitClockReady
    clk.o(i.CLK_EnablePLL) refers to clk.o(i.CLK_GetPLLClockFreq) for CLK_GetPLLClockFreq
    clk.o(i.CLK_EnablePLL) refers to clk.o(.constdata) for .constdata
    clk.o(i.CLK_EnableXtalRC) refers to clk.o(i.CLK_WaitClockReady) for CLK_WaitClockReady
    clk.o(i.CLK_GetCPUFreq) refers to system_nano100series.o(i.SystemCoreClockUpdate) for SystemCoreClockUpdate
    clk.o(i.CLK_GetCPUFreq) refers to system_nano100series.o(.data) for SystemCoreClock
    clk.o(i.CLK_GetHCLKFreq) refers to system_nano100series.o(i.SystemCoreClockUpdate) for SystemCoreClockUpdate
    clk.o(i.CLK_GetHCLKFreq) refers to system_nano100series.o(.data) for SystemCoreClock
    clk.o(i.CLK_GetPLLClockFreq) refers to aeabi_sdiv.o(.text) for __aeabi_uidivmod
    clk.o(i.CLK_SetCoreClock) refers to clk.o(i.CLK_EnableXtalRC) for CLK_EnableXtalRC
    clk.o(i.CLK_SetCoreClock) refers to clk.o(i.CLK_SetHCLK) for CLK_SetHCLK
    clk.o(i.CLK_SetCoreClock) refers to clk.o(i.CLK_EnablePLL) for CLK_EnablePLL
    clk.o(i.CLK_SetCoreClock) refers to system_nano100series.o(.data) for SystemCoreClock
    clk.o(i.CLK_SetHCLK) refers to clk.o(i.CLK_WaitClockReady) for CLK_WaitClockReady
    clk.o(i.CLK_SetHCLK) refers to system_nano100series.o(i.SystemCoreClockUpdate) for SystemCoreClockUpdate
    clk.o(i.CLK_SysTickDelay) refers to system_nano100series.o(.data) for CyclesPerUs
    timer.o(i.TIMER_Delay) refers to timer.o(i.TIMER_GetModuleClock) for TIMER_GetModuleClock
    timer.o(i.TIMER_Delay) refers to aeabi_sdiv.o(.text) for __aeabi_uidivmod
    timer.o(i.TIMER_Delay) refers to timer.o(i.__ARM_common_ll_muluu) for __ARM_common_ll_muluu
    timer.o(i.TIMER_Delay) refers to llsdiv.o(.text) for __aeabi_ldivmod
    timer.o(i.TIMER_Delay) refers to system_nano100series.o(.data) for SystemCoreClock
    timer.o(i.TIMER_GetModuleClock) refers to timer.o(.constdata) for .constdata
    timer.o(i.TIMER_Open) refers to timer.o(i.TIMER_GetModuleClock) for TIMER_GetModuleClock
    timer.o(i.TIMER_Open) refers to aeabi_sdiv.o(.text) for __aeabi_uidivmod
    uart.o(i.UART_Open) refers to system_nano100series.o(i.SysGet_PLLClockFreq) for SysGet_PLLClockFreq
    uart.o(i.UART_Open) refers to aeabi_sdiv.o(.text) for __aeabi_uidivmod
    uart.o(i.UART_Open) refers to uart.o(.constdata) for .constdata
    uart.o(i.UART_SelectIrDAMode) refers to system_nano100series.o(i.SysGet_PLLClockFreq) for SysGet_PLLClockFreq
    uart.o(i.UART_SelectIrDAMode) refers to aeabi_sdiv.o(.text) for __aeabi_uidivmod
    uart.o(i.UART_SelectIrDAMode) refers to uart.o(.constdata) for .constdata
    uart.o(i.UART_SetLine_Config) refers to system_nano100series.o(i.SysGet_PLLClockFreq) for SysGet_PLLClockFreq
    uart.o(i.UART_SetLine_Config) refers to aeabi_sdiv.o(.text) for __aeabi_uidivmod
    uart.o(i.UART_SetLine_Config) refers to uart.o(.constdata) for .constdata
    retarget.o(.emb_text) refers to retarget.o(i.Hard_Fault_Handler) for Hard_Fault_Handler
    retarget.o(i.Hard_Fault_Handler) refers to noretval__2printf.o(.text) for __2printf
    retarget.o(i.Hard_Fault_Handler) refers to retarget.o(i.stackDump) for stackDump
    retarget.o(i.SendChar) refers to retarget.o(i.SendChar_ToUART) for SendChar_ToUART
    retarget.o(i._ttywrch) refers to retarget.o(i.SendChar) for SendChar
    retarget.o(i.fgetc) refers to retarget.o(i.GetChar) for GetChar
    retarget.o(i.fputc) refers to retarget.o(i.SendChar) for SendChar
    retarget.o(i.stackDump) refers to _printf_percent.o(.ARM.Collect$$_printf_percent$$00000000) for _printf_percent
    retarget.o(i.stackDump) refers to _printf_x.o(.ARM.Collect$$_printf_percent$$0000000C) for _printf_x
    retarget.o(i.stackDump) refers to _printf_hex_int.o(.text) for _printf_longlong_hex
    retarget.o(i.stackDump) refers to noretval__2printf.o(.text) for __2printf
    startup_nano100series.o(STACK) refers (Special) to heapauxi.o(.text) for __use_two_region_memory
    startup_nano100series.o(HEAP) refers (Special) to heapauxi.o(.text) for __use_two_region_memory
    startup_nano100series.o(RESET) refers (Special) to heapauxi.o(.text) for __use_two_region_memory
    startup_nano100series.o(RESET) refers to startup_nano100series.o(STACK) for __initial_sp
    startup_nano100series.o(RESET) refers to startup_nano100series.o(.text) for Reset_Handler
    startup_nano100series.o(RESET) refers to retarget.o(.emb_text) for HardFault_Handler
    startup_nano100series.o(RESET) refers to my_systick.o(i.SysTick_Handler) for SysTick_Handler
    startup_nano100series.o(RESET) refers to my_timer.o(i.TMR0_IRQHandler) for TMR0_IRQHandler
    startup_nano100series.o(RESET) refers to my_uart.o(i.UART0_IRQHandler) for UART0_IRQHandler
    startup_nano100series.o(.text) refers (Special) to heapauxi.o(.text) for __use_two_region_memory
    startup_nano100series.o(.text) refers to __main.o(!!!main) for __main
    startup_nano100series.o(.text) refers to startup_nano100series.o(HEAP) for Heap_Mem
    startup_nano100series.o(.text) refers to startup_nano100series.o(STACK) for Stack_Mem
    system_nano100series.o(i.SysGet_HCLKFreq) refers to system_nano100series.o(i.SysGet_PLLClockFreq) for SysGet_PLLClockFreq
    system_nano100series.o(i.SysGet_HCLKFreq) refers to aeabi_sdiv.o(.text) for __aeabi_uidivmod
    system_nano100series.o(i.SysGet_PLLClockFreq) refers to aeabi_sdiv.o(.text) for __aeabi_uidivmod
    system_nano100series.o(i.SystemCoreClockUpdate) refers to system_nano100series.o(i.SysGet_HCLKFreq) for SysGet_HCLKFreq
    system_nano100series.o(i.SystemCoreClockUpdate) refers to aeabi_sdiv.o(.text) for __aeabi_uidivmod
    system_nano100series.o(i.SystemCoreClockUpdate) refers to system_nano100series.o(.data) for SystemCoreClock
    llsdiv.o(.text) refers to lludiv.o(.text) for __aeabi_uldivmod
    __2printf.o(.text) refers to _printf_char_file.o(.text) for _printf_char_file
    __2printf.o(.text) refers to retarget.o(.data) for __stdout
    __2sprintf.o(.text) refers to _printf_char_common.o(.text) for _printf_char_common
    __2sprintf.o(.text) refers to _sputc.o(.text) for _sputc
    noretval__2printf.o(.text) refers to _printf_char_file.o(.text) for _printf_char_file
    noretval__2printf.o(.text) refers to retarget.o(.data) for __stdout
    noretval__2sprintf.o(.text) refers to _printf_char_common.o(.text) for _printf_char_common
    noretval__2sprintf.o(.text) refers to _sputc.o(.text) for _sputc
    __printf.o(.text) refers to _printf_percent.o(.ARM.Collect$$_printf_percent$$00000000) for _printf_percent
    _printf_dec.o(.text) refers to rtudiv10.o(.text) for __rt_udiv10
    _printf_dec.o(.text) refers to _printf_intcommon.o(.text) for _printf_int_common
    _printf_hex_ll.o(.text) refers to _printf_intcommon.o(.text) for _printf_int_common
    _printf_hex_ll.o(.text) refers to _printf_hex_ll.o(.constdata) for .constdata
    _printf_hex_int.o(.text) refers to _printf_intcommon.o(.text) for _printf_int_common
    _printf_hex_int.o(.text) refers to _printf_hex_int.o(.constdata) for .constdata
    _printf_hex_int_ll.o(.text) refers to _printf_intcommon.o(.text) for _printf_int_common
    _printf_hex_int_ll.o(.text) refers to _printf_hex_int_ll.o(.constdata) for .constdata
    _printf_hex_ptr.o(.text) refers to _printf_intcommon.o(.text) for _printf_int_common
    _printf_hex_ptr.o(.text) refers to _printf_hex_ptr.o(.constdata) for .constdata
    _printf_hex_int_ptr.o(.text) refers to _printf_intcommon.o(.text) for _printf_int_common
    _printf_hex_int_ptr.o(.text) refers to _printf_hex_int_ptr.o(.constdata) for .constdata
    _printf_hex_ll_ptr.o(.text) refers to _printf_intcommon.o(.text) for _printf_int_common
    _printf_hex_ll_ptr.o(.text) refers to _printf_hex_ll_ptr.o(.constdata) for .constdata
    _printf_hex_int_ll_ptr.o(.text) refers to _printf_intcommon.o(.text) for _printf_int_common
    _printf_hex_int_ll_ptr.o(.text) refers to _printf_hex_int_ll_ptr.o(.constdata) for .constdata
    __printf_flags.o(.text) refers to _printf_percent.o(.ARM.Collect$$_printf_percent$$00000000) for _printf_percent
    __printf_flags.o(.text) refers to __printf_flags.o(.constdata) for .constdata
    __printf_ss.o(.text) refers to _printf_percent.o(.ARM.Collect$$_printf_percent$$00000000) for _printf_percent
    __printf_flags_ss.o(.text) refers to _printf_percent.o(.ARM.Collect$$_printf_percent$$00000000) for _printf_percent
    __printf_flags_ss.o(.text) refers to __printf_flags_ss.o(.constdata) for .constdata
    __printf_wp.o(.text) refers to __printf_wp.o(i._is_digit) for _is_digit
    __printf_wp.o(.text) refers to _printf_percent.o(.ARM.Collect$$_printf_percent$$00000000) for _printf_percent
    __printf_flags_wp.o(.text) refers to __printf_wp.o(i._is_digit) for _is_digit
    __printf_flags_wp.o(.text) refers to _printf_percent.o(.ARM.Collect$$_printf_percent$$00000000) for _printf_percent
    __printf_flags_wp.o(.text) refers to __printf_flags_wp.o(.constdata) for .constdata
    __printf_ss_wp.o(.text) refers to __printf_wp.o(i._is_digit) for _is_digit
    __printf_ss_wp.o(.text) refers to _printf_percent.o(.ARM.Collect$$_printf_percent$$00000000) for _printf_percent
    __printf_flags_ss_wp.o(.text) refers to __printf_wp.o(i._is_digit) for _is_digit
    __printf_flags_ss_wp.o(.text) refers to _printf_percent.o(.ARM.Collect$$_printf_percent$$00000000) for _printf_percent
    __printf_flags_ss_wp.o(.text) refers to __printf_flags_ss_wp.o(.constdata) for .constdata
    _printf_x.o(.ARM.Collect$$_printf_percent$$0000000C) refers (Weak) to _printf_hex_int.o(.text) for _printf_int_hex
    _printf_d.o(.ARM.Collect$$_printf_percent$$00000009) refers (Weak) to _printf_dec.o(.text) for _printf_int_dec
    _printf_percent.o(.ARM.Collect$$_printf_percent$$00000000) refers (Special) to _printf_percent_end.o(.ARM.Collect$$_printf_percent$$00000017) for _printf_percent_end
    __main.o(!!!main) refers to __rtentry.o(.ARM.Collect$$rtentry$$00000000) for __rt_entry
    __rtentry.o(.ARM.Collect$$rtentry$$00000000) refers (Special) to __rtentry2.o(.ARM.Collect$$rtentry$$0000000A) for __rt_entry_li
    __rtentry.o(.ARM.Collect$$rtentry$$00000000) refers (Special) to __rtentry2.o(.ARM.Collect$$rtentry$$0000000D) for __rt_entry_main
    __rtentry.o(.ARM.Collect$$rtentry$$00000000) refers (Special) to __rtentry2.o(.ARM.Collect$$rtentry$$0000000C) for __rt_entry_postli_1
    __rtentry.o(.ARM.Collect$$rtentry$$00000000) refers (Special) to __rtentry2.o(.ARM.Collect$$rtentry$$00000009) for __rt_entry_postsh_1
    __rtentry.o(.ARM.Collect$$rtentry$$00000000) refers (Special) to __rtentry2.o(.ARM.Collect$$rtentry$$00000002) for __rt_entry_presh_1
    __rtentry.o(.ARM.Collect$$rtentry$$00000000) refers (Special) to __rtentry4.o(.ARM.Collect$$rtentry$$00000004) for __rt_entry_sh
    aeabi_idiv0_sigfpe.o(.text) refers to rt_div0.o(.text) for __rt_div0
    _printf_intcommon.o(.text) refers (Weak) to _printf_pad.o(.text) for _printf_pre_padding
    _printf_intcommon.o(.text) refers (Weak) to _printf_pad.o(.text) for _printf_pre_padding
    _printf_intcommon.o(.text) refers (Weak) to _printf_pad.o(.text) for _printf_post_padding
    _printf_char_common.o(.text) refers to __printf_wp.o(.text) for __printf
    _printf_char_file.o(.text) refers to _printf_char_common.o(.text) for _printf_char_common
    _printf_char_file.o(.text) refers to retarget.o(i.ferror) for ferror
    _printf_char_file.o(.text) refers to retarget.o(i.fputc) for fputc
    __rtentry2.o(.ARM.Collect$$rtentry$$00000008) refers to boardinit2.o(.text) for _platform_post_stackheap_init
    __rtentry2.o(.ARM.Collect$$rtentry$$0000000A) refers to libinit.o(.ARM.Collect$$libinit$$00000000) for __rt_lib_init
    __rtentry2.o(.ARM.Collect$$rtentry$$0000000B) refers to boardinit3.o(.text) for _platform_post_lib_init
    __rtentry2.o(.ARM.Collect$$rtentry$$0000000D) refers to main.o(i.main) for main
    __rtentry2.o(.ARM.Collect$$rtentry$$0000000D) refers to exit.o(.text) for exit
    __rtentry2.o(.ARM.exidx) refers to __rtentry2.o(.ARM.Collect$$rtentry$$00000001) for .ARM.Collect$$rtentry$$00000001
    __rtentry2.o(.ARM.exidx) refers to __rtentry2.o(.ARM.Collect$$rtentry$$00000008) for .ARM.Collect$$rtentry$$00000008
    __rtentry2.o(.ARM.exidx) refers to __rtentry2.o(.ARM.Collect$$rtentry$$0000000A) for .ARM.Collect$$rtentry$$0000000A
    __rtentry2.o(.ARM.exidx) refers to __rtentry2.o(.ARM.Collect$$rtentry$$0000000B) for .ARM.Collect$$rtentry$$0000000B
    __rtentry2.o(.ARM.exidx) refers to __rtentry2.o(.ARM.Collect$$rtentry$$0000000D) for .ARM.Collect$$rtentry$$0000000D
    __rtentry4.o(.ARM.Collect$$rtentry$$00000004) refers to sys_stackheap_outer.o(.text) for __user_setup_stackheap
    __rtentry4.o(.ARM.exidx) refers to __rtentry4.o(.ARM.Collect$$rtentry$$00000004) for .ARM.Collect$$rtentry$$00000004
    rt_div0.o(.text) refers to defsig_fpe_outer.o(.text) for __rt_SIGFPE
    aeabi_ldiv0_sigfpe.o(.text) refers to rt_div0.o(.text) for __rt_div0
    sys_stackheap_outer.o(.text) refers to libspace.o(.text) for __user_perproc_libspace
    sys_stackheap_outer.o(.text) refers to startup_nano100series.o(.text) for __user_initial_stackheap
    sys_stackheap_outer.o(__vectab_stack_and_reset_area) refers to tempstk.o(.text) for __temporary_stack_top
    sys_stackheap_outer.o(__vectab_stack_and_reset_area) refers to __main.o(!!!main) for __main
    exit.o(.text) refers to rtexit.o(.ARM.Collect$$rtexit$$00000000) for __rt_exit
    defsig_fpe_outer.o(.text) refers to defsig_fpe_inner.o(.text) for __rt_SIGFPE_inner
    defsig_fpe_outer.o(.text) refers to defsig_exit.o(.text) for __sig_exit
    defsig_fpe_formal.o(.text) refers to rt_raise.o(.text) for __rt_raise
    libinit.o(.ARM.Collect$$libinit$$00000000) refers (Special) to libinit2.o(.ARM.Collect$$libinit$$0000002E) for __rt_lib_init_alloca_1
    libinit.o(.ARM.Collect$$libinit$$00000000) refers (Special) to libinit2.o(.ARM.Collect$$libinit$$0000002C) for __rt_lib_init_argv_1
    libinit.o(.ARM.Collect$$libinit$$00000000) refers (Special) to libinit2.o(.ARM.Collect$$libinit$$0000001B) for __rt_lib_init_atexit_1
    libinit.o(.ARM.Collect$$libinit$$00000000) refers (Special) to libinit2.o(.ARM.Collect$$libinit$$00000021) for __rt_lib_init_clock_1
    libinit.o(.ARM.Collect$$libinit$$00000000) refers (Special) to libinit2.o(.ARM.Collect$$libinit$$00000032) for __rt_lib_init_cpp_1
    libinit.o(.ARM.Collect$$libinit$$00000000) refers (Special) to libinit2.o(.ARM.Collect$$libinit$$00000030) for __rt_lib_init_exceptions_1
    libinit.o(.ARM.Collect$$libinit$$00000000) refers (Special) to libinit2.o(.ARM.Collect$$libinit$$00000002) for __rt_lib_init_fp_1
    libinit.o(.ARM.Collect$$libinit$$00000000) refers (Special) to libinit2.o(.ARM.Collect$$libinit$$0000001F) for __rt_lib_init_fp_trap_1
    libinit.o(.ARM.Collect$$libinit$$00000000) refers (Special) to libinit2.o(.ARM.Collect$$libinit$$00000023) for __rt_lib_init_getenv_1
    libinit.o(.ARM.Collect$$libinit$$00000000) refers (Special) to libinit2.o(.ARM.Collect$$libinit$$0000000A) for __rt_lib_init_heap_1
    libinit.o(.ARM.Collect$$libinit$$00000000) refers (Special) to libinit2.o(.ARM.Collect$$libinit$$00000011) for __rt_lib_init_lc_collate_1
    libinit.o(.ARM.Collect$$libinit$$00000000) refers (Special) to libinit2.o(.ARM.Collect$$libinit$$00000013) for __rt_lib_init_lc_ctype_1
    libinit.o(.ARM.Collect$$libinit$$00000000) refers (Special) to libinit2.o(.ARM.Collect$$libinit$$00000015) for __rt_lib_init_lc_monetary_1
    libinit.o(.ARM.Collect$$libinit$$00000000) refers (Special) to libinit2.o(.ARM.Collect$$libinit$$00000017) for __rt_lib_init_lc_numeric_1
    libinit.o(.ARM.Collect$$libinit$$00000000) refers (Special) to libinit2.o(.ARM.Collect$$libinit$$00000019) for __rt_lib_init_lc_time_1
    libinit.o(.ARM.Collect$$libinit$$00000000) refers (Special) to libinit2.o(.ARM.Collect$$libinit$$00000004) for __rt_lib_init_preinit_1
    libinit.o(.ARM.Collect$$libinit$$00000000) refers (Special) to libinit2.o(.ARM.Collect$$libinit$$0000000E) for __rt_lib_init_rand_1
    libinit.o(.ARM.Collect$$libinit$$00000000) refers (Special) to libinit2.o(.ARM.Collect$$libinit$$00000033) for __rt_lib_init_return
    libinit.o(.ARM.Collect$$libinit$$00000000) refers (Special) to libinit2.o(.ARM.Collect$$libinit$$0000001D) for __rt_lib_init_signal_1
    libinit.o(.ARM.Collect$$libinit$$00000000) refers (Special) to libinit2.o(.ARM.Collect$$libinit$$00000025) for __rt_lib_init_stdio_1
    libinit.o(.ARM.Collect$$libinit$$00000000) refers (Special) to libinit2.o(.ARM.Collect$$libinit$$0000000C) for __rt_lib_init_user_alloc_1
    libspace.o(.text) refers to libspace.o(.bss) for __libspace_start
    rtexit.o(.ARM.Collect$$rtexit$$00000000) refers (Special) to rtexit2.o(.ARM.Collect$$rtexit$$00000004) for __rt_exit_exit
    rtexit.o(.ARM.Collect$$rtexit$$00000000) refers (Special) to rtexit2.o(.ARM.Collect$$rtexit$$00000003) for __rt_exit_ls
    rtexit.o(.ARM.Collect$$rtexit$$00000000) refers (Special) to rtexit2.o(.ARM.Collect$$rtexit$$00000002) for __rt_exit_prels_1
    rtexit.o(.ARM.exidx) refers (Special) to rtexit2.o(.ARM.Collect$$rtexit$$00000004) for __rt_exit_exit
    rtexit.o(.ARM.exidx) refers (Special) to rtexit2.o(.ARM.Collect$$rtexit$$00000003) for __rt_exit_ls
    rtexit.o(.ARM.exidx) refers (Special) to rtexit2.o(.ARM.Collect$$rtexit$$00000002) for __rt_exit_prels_1
    rtexit.o(.ARM.exidx) refers to rtexit.o(.ARM.Collect$$rtexit$$00000000) for .ARM.Collect$$rtexit$$00000000
    rt_raise.o(.text) refers to __raise.o(.text) for __raise
    rt_raise.o(.text) refers to sys_exit.o(.text) for _sys_exit
    defsig_exit.o(.text) refers to sys_exit.o(.text) for _sys_exit
    defsig_fpe_inner.o(.text) refers to defsig_general.o(.text) for __default_signal_display
    libinit2.o(.ARM.Collect$$libinit$$00000010) refers to libinit2.o(.ARM.Collect$$libinit$$0000000F) for .ARM.Collect$$libinit$$0000000F
    libinit2.o(.ARM.Collect$$libinit$$00000012) refers to libinit2.o(.ARM.Collect$$libinit$$0000000F) for .ARM.Collect$$libinit$$0000000F
    libinit2.o(.ARM.Collect$$libinit$$00000014) refers to libinit2.o(.ARM.Collect$$libinit$$0000000F) for .ARM.Collect$$libinit$$0000000F
    libinit2.o(.ARM.Collect$$libinit$$00000016) refers to libinit2.o(.ARM.Collect$$libinit$$0000000F) for .ARM.Collect$$libinit$$0000000F
    libinit2.o(.ARM.Collect$$libinit$$00000018) refers to libinit2.o(.ARM.Collect$$libinit$$0000000F) for .ARM.Collect$$libinit$$0000000F
    libinit2.o(.ARM.Collect$$libinit$$00000026) refers to argv_veneer.o(.text) for __ARM_argv_veneer
    libinit2.o(.ARM.Collect$$libinit$$00000027) refers to argv_veneer.o(.text) for __ARM_argv_veneer
    sys_exit.o(.text) refers (Special) to use_no_semi.o(.text) for __I$use$semihosting
    sys_exit.o(.text) refers (Special) to indicate_semi.o(.text) for __semihosting_library_function
    rtexit2.o(.ARM.Collect$$rtexit$$00000003) refers to libshutdown.o(.ARM.Collect$$libshutdown$$00000000) for __rt_lib_shutdown
    rtexit2.o(.ARM.Collect$$rtexit$$00000004) refers to sys_exit.o(.text) for _sys_exit
    rtexit2.o(.ARM.exidx) refers to rtexit2.o(.ARM.Collect$$rtexit$$00000001) for .ARM.Collect$$rtexit$$00000001
    rtexit2.o(.ARM.exidx) refers to rtexit2.o(.ARM.Collect$$rtexit$$00000003) for .ARM.Collect$$rtexit$$00000003
    rtexit2.o(.ARM.exidx) refers to rtexit2.o(.ARM.Collect$$rtexit$$00000004) for .ARM.Collect$$rtexit$$00000004
    __raise.o(.text) refers to defsig.o(CL$$defsig) for __default_signal_handler
    defsig_general.o(.text) refers to retarget.o(i._ttywrch) for _ttywrch
    defsig.o(CL$$defsig) refers to defsig_fpe_inner.o(.text) for __rt_SIGFPE_inner
    defsig.o(CL$$defsig) refers to defsig_rtmem_inner.o(.text) for __rt_SIGRTMEM_inner
    _get_argv_nomalloc.o(.text) refers (Special) to hrguard.o(.text) for __heap_region$guard
    _get_argv_nomalloc.o(.text) refers to defsig_rtmem_outer.o(.text) for __rt_SIGRTMEM
    _get_argv_nomalloc.o(.text) refers to sys_command.o(.text) for _sys_command_string
    libshutdown.o(.ARM.Collect$$libshutdown$$00000000) refers (Special) to libshutdown2.o(.ARM.Collect$$libshutdown$$00000002) for __rt_lib_shutdown_cpp_1
    libshutdown.o(.ARM.Collect$$libshutdown$$00000000) refers (Special) to libshutdown2.o(.ARM.Collect$$libshutdown$$00000007) for __rt_lib_shutdown_fp_trap_1
    libshutdown.o(.ARM.Collect$$libshutdown$$00000000) refers (Special) to libshutdown2.o(.ARM.Collect$$libshutdown$$0000000F) for __rt_lib_shutdown_heap_1
    libshutdown.o(.ARM.Collect$$libshutdown$$00000000) refers (Special) to libshutdown2.o(.ARM.Collect$$libshutdown$$00000010) for __rt_lib_shutdown_return
    libshutdown.o(.ARM.Collect$$libshutdown$$00000000) refers (Special) to libshutdown2.o(.ARM.Collect$$libshutdown$$0000000A) for __rt_lib_shutdown_signal_1
    libshutdown.o(.ARM.Collect$$libshutdown$$00000000) refers (Special) to libshutdown2.o(.ARM.Collect$$libshutdown$$00000004) for __rt_lib_shutdown_stdio_1
    libshutdown.o(.ARM.Collect$$libshutdown$$00000000) refers (Special) to libshutdown2.o(.ARM.Collect$$libshutdown$$0000000C) for __rt_lib_shutdown_user_alloc_1
    sys_command.o(.text) refers (Special) to use_no_semi.o(.text) for __I$use$semihosting
    sys_command.o(.text) refers (Special) to indicate_semi.o(.text) for __semihosting_library_function
    defsig_abrt_inner.o(.text) refers to defsig_general.o(.text) for __default_signal_display
    defsig_rtred_inner.o(.text) refers to defsig_general.o(.text) for __default_signal_display
    defsig_rtmem_inner.o(.text) refers to defsig_general.o(.text) for __default_signal_display
    defsig_rtmem_outer.o(.text) refers to defsig_rtmem_inner.o(.text) for __rt_SIGRTMEM_inner
    defsig_rtmem_outer.o(.text) refers to defsig_exit.o(.text) for __sig_exit
    defsig_rtmem_formal.o(.text) refers to rt_raise.o(.text) for __rt_raise
    defsig_stak_inner.o(.text) refers to defsig_general.o(.text) for __default_signal_display
    defsig_pvfn_inner.o(.text) refers to defsig_general.o(.text) for __default_signal_display
    defsig_cppl_inner.o(.text) refers to defsig_general.o(.text) for __default_signal_display
    defsig_segv_inner.o(.text) refers to defsig_general.o(.text) for __default_signal_display
    defsig_other.o(.text) refers to defsig_general.o(.text) for __default_signal_display


==============================================================================

Removing Unused input sections from the image.

    Removing main.o(.rev16_text), (4 bytes).
    Removing main.o(.revsh_text), (4 bytes).
    Removing kd1602.o(.rev16_text), (4 bytes).
    Removing kd1602.o(.revsh_text), (4 bytes).
    Removing my_i2c.o(.rev16_text), (4 bytes).
    Removing my_i2c.o(.revsh_text), (4 bytes).
    Removing my_systick.o(.rev16_text), (4 bytes).
    Removing my_systick.o(.revsh_text), (4 bytes).
    Removing my_systick.o(i.delay_ms), (24 bytes).
    Removing my_uart.o(.rev16_text), (4 bytes).
    Removing my_uart.o(.revsh_text), (4 bytes).
    Removing my_uart.o(i.SYS_UnlockReg), (32 bytes).
    Removing my_uart.o(i.init_HCLK_HXT_32M), (52 bytes).
    Removing my_uart.o(i.init_UART0), (116 bytes).
    Removing my_bh1750.o(.rev16_text), (4 bytes).
    Removing my_bh1750.o(.revsh_text), (4 bytes).
    Removing my_bh1750.o(i.bh1750), (64 bytes).
    Removing my_bh1750.o(i.bh1750_test), (40 bytes).
    Removing my_timer.o(.rev16_text), (4 bytes).
    Removing my_timer.o(.revsh_text), (4 bytes).
    Removing my_max30102_setwr.o(.rev16_text), (4 bytes).
    Removing my_max30102_setwr.o(.revsh_text), (4 bytes).
    Removing my_max30102.o(.rev16_text), (4 bytes).
    Removing my_max30102.o(.revsh_text), (4 bytes).
    Removing clk.o(.rev16_text), (4 bytes).
    Removing clk.o(.revsh_text), (4 bytes).
    Removing clk.o(i.CLK_DisableCKO), (20 bytes).
    Removing clk.o(i.CLK_DisableModuleClock), (36 bytes).
    Removing clk.o(i.CLK_DisablePLL), (20 bytes).
    Removing clk.o(i.CLK_DisableSysTick), (12 bytes).
    Removing clk.o(i.CLK_DisableXtalRC), (16 bytes).
    Removing clk.o(i.CLK_EnableCKO), (40 bytes).
    Removing clk.o(i.CLK_EnablePLL), (224 bytes).
    Removing clk.o(i.CLK_EnableSysTick), (64 bytes).
    Removing clk.o(i.CLK_EnableXtalRC), (76 bytes).
    Removing clk.o(i.CLK_GetCPUFreq), (16 bytes).
    Removing clk.o(i.CLK_GetHCLKFreq), (16 bytes).
    Removing clk.o(i.CLK_GetHXTFreq), (28 bytes).
    Removing clk.o(i.CLK_GetLXTFreq), (24 bytes).
    Removing clk.o(i.CLK_GetPLLClockFreq), (128 bytes).
    Removing clk.o(i.CLK_Idle), (20 bytes).
    Removing clk.o(i.CLK_PowerDown), (32 bytes).
    Removing clk.o(i.CLK_SetCoreClock), (148 bytes).
    Removing clk.o(i.CLK_SetHCLK), (100 bytes).
    Removing clk.o(i.CLK_SysTickDelay), (52 bytes).
    Removing clk.o(i.CLK_WaitClockReady), (40 bytes).
    Removing clk.o(.constdata), (16 bytes).
    Removing gpio.o(.rev16_text), (4 bytes).
    Removing gpio.o(.revsh_text), (4 bytes).
    Removing gpio.o(i.GPIO_DisableInt), (28 bytes).
    Removing gpio.o(i.GPIO_EnableInt), (26 bytes).
    Removing sys.o(.rev16_text), (4 bytes).
    Removing sys.o(.revsh_text), (4 bytes).
    Removing sys.o(i.SYS_ClearResetSrc), (16 bytes).
    Removing sys.o(i.SYS_DisableBOD), (20 bytes).
    Removing sys.o(i.SYS_DisableIRCTrim), (12 bytes).
    Removing sys.o(i.SYS_EnableBOD), (24 bytes).
    Removing sys.o(i.SYS_EnableIRCTrim), (32 bytes).
    Removing sys.o(i.SYS_GetBODStatus), (12 bytes).
    Removing sys.o(i.SYS_GetResetSrc), (8 bytes).
    Removing sys.o(i.SYS_IsRegLocked), (20 bytes).
    Removing sys.o(i.SYS_ReadPDID), (8 bytes).
    Removing sys.o(i.SYS_ResetCPU), (18 bytes).
    Removing sys.o(i.SYS_ResetChip), (18 bytes).
    Removing sys.o(i.SYS_ResetModule), (48 bytes).
    Removing timer.o(.rev16_text), (4 bytes).
    Removing timer.o(.revsh_text), (4 bytes).
    Removing timer.o(i.TIMER_Close), (8 bytes).
    Removing timer.o(i.TIMER_DisableCapture), (12 bytes).
    Removing timer.o(i.TIMER_DisableEventCounter), (12 bytes).
    Removing timer.o(i.TIMER_DisableFreqCounter), (12 bytes).
    Removing timer.o(i.TIMER_EnableCapture), (24 bytes).
    Removing timer.o(i.TIMER_EnableEventCounter), (22 bytes).
    Removing timer.o(i.TIMER_EnableFreqCounter), (60 bytes).
    Removing timer.o(i.TIMER_SetTriggerSource), (14 bytes).
    Removing timer.o(i.TIMER_SetTriggerTarget), (14 bytes).
    Removing uart.o(.rev16_text), (4 bytes).
    Removing uart.o(.revsh_text), (4 bytes).
    Removing uart.o(i.UART_ClearIntFlag), (112 bytes).
    Removing uart.o(i.UART_Close), (6 bytes).
    Removing uart.o(i.UART_DisableFlowCtrl), (10 bytes).
    Removing uart.o(i.UART_DisableInt), (8 bytes).
    Removing uart.o(i.UART_EnableFlowCtrl), (24 bytes).
    Removing uart.o(i.UART_EnableInt), (8 bytes).
    Removing uart.o(i.UART_Open), (160 bytes).
    Removing uart.o(i.UART_Read), (52 bytes).
    Removing uart.o(i.UART_SelectIrDAMode), (164 bytes).
    Removing uart.o(i.UART_SelectLINMode), (34 bytes).
    Removing uart.o(i.UART_SelectRS485Mode), (22 bytes).
    Removing uart.o(i.UART_SetLine_Config), (164 bytes).
    Removing uart.o(i.UART_SetTimeoutCnt), (20 bytes).
    Removing uart.o(i.UART_Write), (54 bytes).
    Removing uart.o(.constdata), (48 bytes).
    Removing retarget.o(.rev16_text), (4 bytes).
    Removing retarget.o(.revsh_text), (4 bytes).
    Removing retarget.o(i.GetChar), (28 bytes).
    Removing retarget.o(i.IsDebugFifoEmpty), (20 bytes).
    Removing retarget.o(i._ttywrch), (12 bytes).
    Removing retarget.o(i.fgetc), (10 bytes).
    Removing retarget.o(i.kbhit), (16 bytes).
    Removing system_nano100series.o(.rev16_text), (4 bytes).
    Removing system_nano100series.o(.revsh_text), (4 bytes).
    Removing system_nano100series.o(i.SysGet_HCLKFreq), (80 bytes).
    Removing system_nano100series.o(i.SysGet_PLLClockFreq), (128 bytes).
    Removing system_nano100series.o(i.SystemCoreClockUpdate), (44 bytes).

105 unused section(s) (total 3276 bytes) removed from the image.

==============================================================================

Image Symbol Table

    Local Symbols

    Symbol Name                              Value     Ov Type        Size  Object(Section)

    RESET                                    0x00000000   Section      192  startup_nano100series.o(RESET)
    ../clib/angel/boardlib.s                 0x00000000   Number         0  boardinit1.o ABSOLUTE
    ../clib/angel/boardlib.s                 0x00000000   Number         0  boardshut.o ABSOLUTE
    ../clib/angel/boardlib.s                 0x00000000   Number         0  boardinit2.o ABSOLUTE
    ../clib/angel/boardlib.s                 0x00000000   Number         0  boardinit3.o ABSOLUTE
    ../clib/angel/handlers.s                 0x00000000   Number         0  __scatter_zi.o ABSOLUTE
    ../clib/angel/handlers.s                 0x00000000   Number         0  __scatter_copy.o ABSOLUTE
    ../clib/angel/kernel.s                   0x00000000   Number         0  __rtentry4.o ABSOLUTE
    ../clib/angel/kernel.s                   0x00000000   Number         0  __rtentry.o ABSOLUTE
    ../clib/angel/kernel.s                   0x00000000   Number         0  rtexit2.o ABSOLUTE
    ../clib/angel/kernel.s                   0x00000000   Number         0  __rtentry2.o ABSOLUTE
    ../clib/angel/kernel.s                   0x00000000   Number         0  rtexit.o ABSOLUTE
    ../clib/angel/rt.s                       0x00000000   Number         0  rt_div0.o ABSOLUTE
    ../clib/angel/rt.s                       0x00000000   Number         0  aeabi_idiv0.o ABSOLUTE
    ../clib/angel/rt.s                       0x00000000   Number         0  aeabi_idiv0_sigfpe.o ABSOLUTE
    ../clib/angel/rt.s                       0x00000000   Number         0  rt_raise.o ABSOLUTE
    ../clib/angel/rt.s                       0x00000000   Number         0  aeabi_ldiv0_sigfpe.o ABSOLUTE
    ../clib/angel/rt.s                       0x00000000   Number         0  aeabi_ldiv0.o ABSOLUTE
    ../clib/angel/scatterp.s                 0x00000000   Number         0  __scatter.o ABSOLUTE
    ../clib/angel/startup.s                  0x00000000   Number         0  __main.o ABSOLUTE
    ../clib/angel/sys.s                      0x00000000   Number         0  use_no_semi.o ABSOLUTE
    ../clib/angel/sys.s                      0x00000000   Number         0  indicate_semi.o ABSOLUTE
    ../clib/angel/sys.s                      0x00000000   Number         0  libspace.o ABSOLUTE
    ../clib/angel/sys.s                      0x00000000   Number         0  tempstk.o ABSOLUTE
    ../clib/angel/sys.s                      0x00000000   Number         0  sys_stackheap_outer.o ABSOLUTE
    ../clib/angel/sysapp.c                   0x00000000   Number         0  sys_exit.o ABSOLUTE
    ../clib/angel/sysapp.c                   0x00000000   Number         0  sys_command.o ABSOLUTE
    ../clib/armsys.c                         0x00000000   Number         0  _get_argv_nomalloc.o ABSOLUTE
    ../clib/armsys.c                         0x00000000   Number         0  argv_veneer.o ABSOLUTE
    ../clib/armsys.c                         0x00000000   Number         0  no_argv.o ABSOLUTE
    ../clib/division.c                       0x00000000   Number         0  llsdiv.o ABSOLUTE
    ../clib/division.c                       0x00000000   Number         0  lludiv.o ABSOLUTE
    ../clib/division.c                       0x00000000   Number         0  rtudiv10.o ABSOLUTE
    ../clib/division.s                       0x00000000   Number         0  aeabi_sdiv.o ABSOLUTE
    ../clib/division.s                       0x00000000   Number         0  aeabi_sdiv_div0.o ABSOLUTE
    ../clib/heapalloc.c                      0x00000000   Number         0  hrguard.o ABSOLUTE
    ../clib/heapaux.c                        0x00000000   Number         0  heapauxi.o ABSOLUTE
    ../clib/libinit.s                        0x00000000   Number         0  libinit.o ABSOLUTE
    ../clib/libinit.s                        0x00000000   Number         0  libinit2.o ABSOLUTE
    ../clib/libinit.s                        0x00000000   Number         0  libshutdown2.o ABSOLUTE
    ../clib/libinit.s                        0x00000000   Number         0  libshutdown.o ABSOLUTE
    ../clib/misc.s                           0x00000000   Number         0  printf_stubs.o ABSOLUTE
    ../clib/printf.c                         0x00000000   Number         0  __printf.o ABSOLUTE
    ../clib/printf.c                         0x00000000   Number         0  __2printf.o ABSOLUTE
    ../clib/printf.c                         0x00000000   Number         0  __2sprintf.o ABSOLUTE
    ../clib/printf.c                         0x00000000   Number         0  noretval__2printf.o ABSOLUTE
    ../clib/printf.c                         0x00000000   Number         0  __printf_nopercent.o ABSOLUTE
    ../clib/printf.c                         0x00000000   Number         0  _printf_dec.o ABSOLUTE
    ../clib/printf.c                         0x00000000   Number         0  _printf_char_file.o ABSOLUTE
    ../clib/printf.c                         0x00000000   Number         0  _printf_hex_ll.o ABSOLUTE
    ../clib/printf.c                         0x00000000   Number         0  _printf_hex_int.o ABSOLUTE
    ../clib/printf.c                         0x00000000   Number         0  _sputc.o ABSOLUTE
    ../clib/printf.c                         0x00000000   Number         0  _printf_hex_int_ptr.o ABSOLUTE
    ../clib/printf.c                         0x00000000   Number         0  _printf_intcommon.o ABSOLUTE
    ../clib/printf.c                         0x00000000   Number         0  _printf_char_common.o ABSOLUTE
    ../clib/printf.c                         0x00000000   Number         0  _printf_hex_int_ll.o ABSOLUTE
    ../clib/printf.c                         0x00000000   Number         0  _printf_hex_ptr.o ABSOLUTE
    ../clib/printf.c                         0x00000000   Number         0  _printf_hex_ll_ptr.o ABSOLUTE
    ../clib/printf.c                         0x00000000   Number         0  _printf_hex_int_ll_ptr.o ABSOLUTE
    ../clib/printf.c                         0x00000000   Number         0  __printf_flags.o ABSOLUTE
    ../clib/printf.c                         0x00000000   Number         0  __printf_ss.o ABSOLUTE
    ../clib/printf.c                         0x00000000   Number         0  __printf_flags_ss.o ABSOLUTE
    ../clib/printf.c                         0x00000000   Number         0  __printf_wp.o ABSOLUTE
    ../clib/printf.c                         0x00000000   Number         0  noretval__2sprintf.o ABSOLUTE
    ../clib/printf.c                         0x00000000   Number         0  _printf_pad.o ABSOLUTE
    ../clib/printf.c                         0x00000000   Number         0  __printf_flags_wp.o ABSOLUTE
    ../clib/printf.c                         0x00000000   Number         0  __printf_ss_wp.o ABSOLUTE
    ../clib/printf.c                         0x00000000   Number         0  __printf_flags_ss_wp.o ABSOLUTE
    ../clib/printf_percent.s                 0x00000000   Number         0  _printf_x.o ABSOLUTE
    ../clib/printf_percent.s                 0x00000000   Number         0  _printf_percent_end.o ABSOLUTE
    ../clib/printf_percent.s                 0x00000000   Number         0  _printf_d.o ABSOLUTE
    ../clib/printf_percent.s                 0x00000000   Number         0  _printf_percent.o ABSOLUTE
    ../clib/signal.c                         0x00000000   Number         0  defsig_abrt_inner.o ABSOLUTE
    ../clib/signal.c                         0x00000000   Number         0  __raise.o ABSOLUTE
    ../clib/signal.c                         0x00000000   Number         0  defsig_fpe_inner.o ABSOLUTE
    ../clib/signal.c                         0x00000000   Number         0  defsig_exit.o ABSOLUTE
    ../clib/signal.c                         0x00000000   Number         0  defsig_general.o ABSOLUTE
    ../clib/signal.c                         0x00000000   Number         0  defsig_fpe_formal.o ABSOLUTE
    ../clib/signal.c                         0x00000000   Number         0  defsig_fpe_outer.o ABSOLUTE
    ../clib/signal.c                         0x00000000   Number         0  defsig_cppl_inner.o ABSOLUTE
    ../clib/signal.c                         0x00000000   Number         0  defsig_other.o ABSOLUTE
    ../clib/signal.c                         0x00000000   Number         0  defsig_segv_inner.o ABSOLUTE
    ../clib/signal.c                         0x00000000   Number         0  defsig_pvfn_inner.o ABSOLUTE
    ../clib/signal.c                         0x00000000   Number         0  defsig_stak_inner.o ABSOLUTE
    ../clib/signal.c                         0x00000000   Number         0  defsig_rtmem_formal.o ABSOLUTE
    ../clib/signal.c                         0x00000000   Number         0  defsig_rtmem_outer.o ABSOLUTE
    ../clib/signal.c                         0x00000000   Number         0  defsig_rtmem_inner.o ABSOLUTE
    ../clib/signal.c                         0x00000000   Number         0  defsig_rtred_inner.o ABSOLUTE
    ../clib/signal.s                         0x00000000   Number         0  defsig.o ABSOLUTE
    ../clib/stdlib.c                         0x00000000   Number         0  exit.o ABSOLUTE
    ../fplib/cfplib/fpinit.c                 0x00000000   Number         0  fpinit.o ABSOLUTE
    C:\Keil_v5\ARM\PACK\Nuvoton\NuMicro_DFP\1.0.7\Device\NANO100BN\Driver\clk.c 0x00000000   Number         0  clk.o ABSOLUTE
    C:\Keil_v5\ARM\PACK\Nuvoton\NuMicro_DFP\1.0.7\Device\NANO100BN\Driver\gpio.c 0x00000000   Number         0  gpio.o ABSOLUTE
    C:\Keil_v5\ARM\PACK\Nuvoton\NuMicro_DFP\1.0.7\Device\NANO100BN\Driver\sys.c 0x00000000   Number         0  sys.o ABSOLUTE
    C:\Keil_v5\ARM\PACK\Nuvoton\NuMicro_DFP\1.0.7\Device\NANO100BN\Driver\timer.c 0x00000000   Number         0  timer.o ABSOLUTE
    C:\Keil_v5\ARM\PACK\Nuvoton\NuMicro_DFP\1.0.7\Device\NANO100BN\Driver\uart.c 0x00000000   Number         0  uart.o ABSOLUTE
    C:\\Keil_v5\\ARM\\PACK\\Nuvoton\\NuMicro_DFP\\1.0.7\\Device\\NANO100BN\\Driver\\clk.c 0x00000000   Number         0  clk.o ABSOLUTE
    C:\\Keil_v5\\ARM\\PACK\\Nuvoton\\NuMicro_DFP\\1.0.7\\Device\\NANO100BN\\Driver\\gpio.c 0x00000000   Number         0  gpio.o ABSOLUTE
    C:\\Keil_v5\\ARM\\PACK\\Nuvoton\\NuMicro_DFP\\1.0.7\\Device\\NANO100BN\\Driver\\sys.c 0x00000000   Number         0  sys.o ABSOLUTE
    C:\\Keil_v5\\ARM\\PACK\\Nuvoton\\NuMicro_DFP\\1.0.7\\Device\\NANO100BN\\Driver\\timer.c 0x00000000   Number         0  timer.o ABSOLUTE
    C:\\Keil_v5\\ARM\\PACK\\Nuvoton\\NuMicro_DFP\\1.0.7\\Device\\NANO100BN\\Driver\\uart.c 0x00000000   Number         0  uart.o ABSOLUTE
    RTE\Device\NANO130KE3BN\retarget.c       0x00000000   Number         0  retarget.o ABSOLUTE
    RTE\Device\NANO130KE3BN\startup_Nano100Series.s 0x00000000   Number         0  startup_nano100series.o ABSOLUTE
    RTE\Device\NANO130KE3BN\system_Nano100Series.c 0x00000000   Number         0  system_nano100series.o ABSOLUTE
    RTE\\Device\\NANO130KE3BN\\retarget.c    0x00000000   Number         0  retarget.o ABSOLUTE
    RTE\\Device\\NANO130KE3BN\\system_Nano100Series.c 0x00000000   Number         0  system_nano100series.o ABSOLUTE
    dc.s                                     0x00000000   Number         0  dc.o ABSOLUTE
    kd1602.c                                 0x00000000   Number         0  kd1602.o ABSOLUTE
    kd1602.c                                 0x00000000   Number         0  kd1602.o ABSOLUTE
    main.c                                   0x00000000   Number         0  main.o ABSOLUTE
    main.c                                   0x00000000   Number         0  main.o ABSOLUTE
    my_bh1750.c                              0x00000000   Number         0  my_bh1750.o ABSOLUTE
    my_bh1750.c                              0x00000000   Number         0  my_bh1750.o ABSOLUTE
    my_i2c.c                                 0x00000000   Number         0  my_i2c.o ABSOLUTE
    my_i2c.c                                 0x00000000   Number         0  my_i2c.o ABSOLUTE
    my_max30102.c                            0x00000000   Number         0  my_max30102.o ABSOLUTE
    my_max30102.c                            0x00000000   Number         0  my_max30102.o ABSOLUTE
    my_max30102_setWR.c                      0x00000000   Number         0  my_max30102_setwr.o ABSOLUTE
    my_max30102_setWR.c                      0x00000000   Number         0  my_max30102_setwr.o ABSOLUTE
    my_systick.c                             0x00000000   Number         0  my_systick.o ABSOLUTE
    my_systick.c                             0x00000000   Number         0  my_systick.o ABSOLUTE
    my_timer.c                               0x00000000   Number         0  my_timer.o ABSOLUTE
    my_timer.c                               0x00000000   Number         0  my_timer.o ABSOLUTE
    my_uart.c                                0x00000000   Number         0  my_uart.o ABSOLUTE
    my_uart.c                                0x00000000   Number         0  my_uart.o ABSOLUTE
    !!!main                                  0x000000c0   Section        8  __main.o(!!!main)
    !!!scatter                               0x000000c8   Section       60  __scatter.o(!!!scatter)
    !!handler_copy                           0x00000104   Section       26  __scatter_copy.o(!!handler_copy)
    !!handler_zi                             0x00000120   Section       28  __scatter_zi.o(!!handler_zi)
    .ARM.Collect$$_printf_percent$$00000000  0x0000013c   Section        2  _printf_percent.o(.ARM.Collect$$_printf_percent$$00000000)
    .ARM.Collect$$_printf_percent$$00000009  0x0000013e   Section       10  _printf_d.o(.ARM.Collect$$_printf_percent$$00000009)
    .ARM.Collect$$_printf_percent$$0000000C  0x00000148   Section       10  _printf_x.o(.ARM.Collect$$_printf_percent$$0000000C)
    .ARM.Collect$$_printf_percent$$00000017  0x00000152   Section        4  _printf_percent_end.o(.ARM.Collect$$_printf_percent$$00000017)
    .ARM.Collect$$libinit$$00000000          0x00000156   Section        2  libinit.o(.ARM.Collect$$libinit$$00000000)
    .ARM.Collect$$libinit$$00000002          0x00000158   Section        0  libinit2.o(.ARM.Collect$$libinit$$00000002)
    .ARM.Collect$$libinit$$00000004          0x00000158   Section        0  libinit2.o(.ARM.Collect$$libinit$$00000004)
    .ARM.Collect$$libinit$$0000000A          0x00000158   Section        0  libinit2.o(.ARM.Collect$$libinit$$0000000A)
    .ARM.Collect$$libinit$$0000000C          0x00000158   Section        0  libinit2.o(.ARM.Collect$$libinit$$0000000C)
    .ARM.Collect$$libinit$$0000000E          0x00000158   Section        0  libinit2.o(.ARM.Collect$$libinit$$0000000E)
    .ARM.Collect$$libinit$$00000011          0x00000158   Section        0  libinit2.o(.ARM.Collect$$libinit$$00000011)
    .ARM.Collect$$libinit$$00000013          0x00000158   Section        0  libinit2.o(.ARM.Collect$$libinit$$00000013)
    .ARM.Collect$$libinit$$00000015          0x00000158   Section        0  libinit2.o(.ARM.Collect$$libinit$$00000015)
    .ARM.Collect$$libinit$$00000017          0x00000158   Section        0  libinit2.o(.ARM.Collect$$libinit$$00000017)
    .ARM.Collect$$libinit$$00000019          0x00000158   Section        0  libinit2.o(.ARM.Collect$$libinit$$00000019)
    .ARM.Collect$$libinit$$0000001B          0x00000158   Section        0  libinit2.o(.ARM.Collect$$libinit$$0000001B)
    .ARM.Collect$$libinit$$0000001D          0x00000158   Section        0  libinit2.o(.ARM.Collect$$libinit$$0000001D)
    .ARM.Collect$$libinit$$0000001F          0x00000158   Section        0  libinit2.o(.ARM.Collect$$libinit$$0000001F)
    .ARM.Collect$$libinit$$00000021          0x00000158   Section        0  libinit2.o(.ARM.Collect$$libinit$$00000021)
    .ARM.Collect$$libinit$$00000023          0x00000158   Section        0  libinit2.o(.ARM.Collect$$libinit$$00000023)
    .ARM.Collect$$libinit$$00000025          0x00000158   Section        0  libinit2.o(.ARM.Collect$$libinit$$00000025)
    .ARM.Collect$$libinit$$0000002C          0x00000158   Section        0  libinit2.o(.ARM.Collect$$libinit$$0000002C)
    .ARM.Collect$$libinit$$0000002E          0x00000158   Section        0  libinit2.o(.ARM.Collect$$libinit$$0000002E)
    .ARM.Collect$$libinit$$00000030          0x00000158   Section        0  libinit2.o(.ARM.Collect$$libinit$$00000030)
    .ARM.Collect$$libinit$$00000032          0x00000158   Section        0  libinit2.o(.ARM.Collect$$libinit$$00000032)
    .ARM.Collect$$libinit$$00000033          0x00000158   Section        2  libinit2.o(.ARM.Collect$$libinit$$00000033)
    .ARM.Collect$$libshutdown$$00000000      0x0000015a   Section        2  libshutdown.o(.ARM.Collect$$libshutdown$$00000000)
    .ARM.Collect$$libshutdown$$00000002      0x0000015c   Section        0  libshutdown2.o(.ARM.Collect$$libshutdown$$00000002)
    .ARM.Collect$$libshutdown$$00000004      0x0000015c   Section        0  libshutdown2.o(.ARM.Collect$$libshutdown$$00000004)
    .ARM.Collect$$libshutdown$$00000007      0x0000015c   Section        0  libshutdown2.o(.ARM.Collect$$libshutdown$$00000007)
    .ARM.Collect$$libshutdown$$0000000A      0x0000015c   Section        0  libshutdown2.o(.ARM.Collect$$libshutdown$$0000000A)
    .ARM.Collect$$libshutdown$$0000000C      0x0000015c   Section        0  libshutdown2.o(.ARM.Collect$$libshutdown$$0000000C)
    .ARM.Collect$$libshutdown$$0000000F      0x0000015c   Section        0  libshutdown2.o(.ARM.Collect$$libshutdown$$0000000F)
    .ARM.Collect$$libshutdown$$00000010      0x0000015c   Section        2  libshutdown2.o(.ARM.Collect$$libshutdown$$00000010)
    .ARM.Collect$$rtentry$$00000000          0x0000015e   Section        0  __rtentry.o(.ARM.Collect$$rtentry$$00000000)
    .ARM.Collect$$rtentry$$00000002          0x0000015e   Section        0  __rtentry2.o(.ARM.Collect$$rtentry$$00000002)
    .ARM.Collect$$rtentry$$00000004          0x0000015e   Section        6  __rtentry4.o(.ARM.Collect$$rtentry$$00000004)
    .ARM.Collect$$rtentry$$00000009          0x00000164   Section        0  __rtentry2.o(.ARM.Collect$$rtentry$$00000009)
    .ARM.Collect$$rtentry$$0000000A          0x00000164   Section        4  __rtentry2.o(.ARM.Collect$$rtentry$$0000000A)
    .ARM.Collect$$rtentry$$0000000C          0x00000168   Section        0  __rtentry2.o(.ARM.Collect$$rtentry$$0000000C)
    .ARM.Collect$$rtentry$$0000000D          0x00000168   Section        8  __rtentry2.o(.ARM.Collect$$rtentry$$0000000D)
    .ARM.Collect$$rtexit$$00000000           0x00000170   Section        2  rtexit.o(.ARM.Collect$$rtexit$$00000000)
    .ARM.Collect$$rtexit$$00000002           0x00000172   Section        0  rtexit2.o(.ARM.Collect$$rtexit$$00000002)
    .ARM.Collect$$rtexit$$00000003           0x00000172   Section        4  rtexit2.o(.ARM.Collect$$rtexit$$00000003)
    .ARM.Collect$$rtexit$$00000004           0x00000176   Section        6  rtexit2.o(.ARM.Collect$$rtexit$$00000004)
    .emb_text                                0x0000017c   Section       28  retarget.o(.emb_text)
    .text                                    0x00000198   Section       96  startup_nano100series.o(.text)
    .text                                    0x000001f8   Section        0  llsdiv.o(.text)
    .text                                    0x00000268   Section        0  noretval__2printf.o(.text)
    .text                                    0x00000284   Section        0  noretval__2sprintf.o(.text)
    .text                                    0x000002ac   Section        0  _printf_pad.o(.text)
    .text                                    0x000002fc   Section        0  _printf_dec.o(.text)
    .text                                    0x00000368   Section        0  _printf_hex_int.o(.text)
    .text                                    0x000003c0   Section        0  __printf_wp.o(.text)
    .text                                    0x000004ce   Section      346  aeabi_sdiv.o(.text)
    .text                                    0x00000628   Section        0  heapauxi.o(.text)
    .text                                    0x0000062e   Section        0  lludiv.o(.text)
    .text                                    0x00000730   Section        0  _printf_intcommon.o(.text)
    .text                                    0x000007e0   Section        0  _printf_char_common.o(.text)
    _printf_input_char                       0x000007e1   Thumb Code    10  _printf_char_common.o(.text)
    .text                                    0x00000810   Section        0  _sputc.o(.text)
    .text                                    0x0000081c   Section        0  _printf_char_file.o(.text)
    .text                                    0x00000844   Section        0  rtudiv10.o(.text)
    .text                                    0x0000086c   Section       62  sys_stackheap_outer.o(.text)
    .text                                    0x000008aa   Section        0  exit.o(.text)
    .text                                    0x000008bc   Section        8  libspace.o(.text)
    .text                                    0x000008c4   Section        0  sys_exit.o(.text)
    .text                                    0x000008d0   Section        2  use_no_semi.o(.text)
    .text                                    0x000008d2   Section        0  indicate_semi.o(.text)
    i.CLK_EnableModuleClock                  0x000008d4   Section        0  clk.o(i.CLK_EnableModuleClock)
    i.CLK_SetModuleClock                     0x000008f8   Section        0  clk.o(i.CLK_SetModuleClock)
    i.GPIO_SetMode                           0x0000095c   Section        0  gpio.o(i.GPIO_SetMode)
    i.Hard_Fault_Handler                     0x0000098c   Section        0  retarget.o(i.Hard_Fault_Handler)
    __tagsym$$used                           0x0000098d   Number         0  retarget.o(i.Hard_Fault_Handler)
    i.NVIC_SetPriority                       0x000009b8   Section        0  my_systick.o(i.NVIC_SetPriority)
    NVIC_SetPriority                         0x000009b9   Thumb Code   110  my_systick.o(i.NVIC_SetPriority)
    i.SendChar                               0x00000a30   Section        0  retarget.o(i.SendChar)
    i.SendChar_ToUART                        0x00000a3c   Section        0  retarget.o(i.SendChar_ToUART)
    i.SysTick_Handler                        0x00000a70   Section        0  my_systick.o(i.SysTick_Handler)
    i.TIMER_Delay                            0x00000a80   Section        0  timer.o(i.TIMER_Delay)
    i.TIMER_GetModuleClock                   0x00000b34   Section        0  timer.o(i.TIMER_GetModuleClock)
    i.TIMER_Open                             0x00000bb4   Section        0  timer.o(i.TIMER_Open)
    i.TMR0_IRQHandler                        0x00000c1c   Section        0  my_timer.o(i.TMR0_IRQHandler)
    i.UART0_IRQHandler                       0x00000c2c   Section        0  my_uart.o(i.UART0_IRQHandler)
    i.__ARM_common_ll_muluu                  0x00000c3c   Section        0  timer.o(i.__ARM_common_ll_muluu)
    i._is_digit                              0x00000c6c   Section        0  __printf_wp.o(i._is_digit)
    i.delay                                  0x00000c7a   Section        0  kd1602.o(i.delay)
    delay                                    0x00000c7b   Thumb Code    16  kd1602.o(i.delay)
    i.delay                                  0x00000c8a   Section        0  my_i2c.o(i.delay)
    delay                                    0x00000c8b   Thumb Code    12  my_i2c.o(i.delay)
    i.ferror                                 0x00000c96   Section        0  retarget.o(i.ferror)
    i.fputc                                  0x00000c9e   Section        0  retarget.o(i.fputc)
    i.hr_spo2_id1                            0x00000cae   Section        0  my_max30102.o(i.hr_spo2_id1)
    i.hr_spo2_id2                            0x00000cc6   Section        0  my_max30102.o(i.hr_spo2_id2)
    i.i2c_read                               0x00000ce0   Section        0  my_i2c.o(i.i2c_read)
    i.i2c_start                              0x00000e64   Section        0  my_i2c.o(i.i2c_start)
    i.i2c_stop                               0x00000ec8   Section        0  my_i2c.o(i.i2c_stop)
    i.i2c_write                              0x00000ef4   Section        0  my_i2c.o(i.i2c_write)
    i.init_systick                           0x00001030   Section        0  my_systick.o(i.init_systick)
    i.init_timer0                            0x00001074   Section        0  my_timer.o(i.init_timer0)
    i.lcd_cmd                                0x000010f4   Section        0  kd1602.o(i.lcd_cmd)
    i.lcd_init                               0x00001130   Section        0  kd1602.o(i.lcd_init)
    i.lcd_print                              0x000011d4   Section        0  kd1602.o(i.lcd_print)
    i.lcd_put                                0x000011f8   Section        0  kd1602.o(i.lcd_put)
    i.main                                   0x00001238   Section        0  main.o(i.main)
    i.set_read_1                             0x000012a4   Section        0  my_max30102_setwr.o(i.set_read_1)
    i.set_write_2                            0x000012c4   Section        0  my_max30102_setwr.o(i.set_write_2)
    i.stackDump                              0x000012dc   Section        0  retarget.o(i.stackDump)
    .constdata                               0x00001384   Section       16  timer.o(.constdata)
    .constdata                               0x00001394   Section       40  _printf_hex_int.o(.constdata)
    uc_hextab                                0x00001394   Data          20  _printf_hex_int.o(.constdata)
    lc_hextab                                0x000013a8   Data          20  _printf_hex_int.o(.constdata)
    .data                                    0x20000000   Section        4  my_systick.o(.data)
    .data                                    0x20000004   Section        8  retarget.o(.data)
    .data                                    0x2000000c   Section        8  system_nano100series.o(.data)
    .bss                                     0x20000014   Section       96  libspace.o(.bss)
    HEAP                                     0x20000078   Section     1280  startup_nano100series.o(HEAP)
    Heap_Mem                                 0x20000078   Data        1280  startup_nano100series.o(HEAP)
    STACK                                    0x20000578   Section     1280  startup_nano100series.o(STACK)
    Stack_Mem                                0x20000578   Data        1280  startup_nano100series.o(STACK)
    __initial_sp                             0x20000a78   Data           0  startup_nano100series.o(STACK)

    Global Symbols

    Symbol Name                              Value     Ov Type        Size  Object(Section)

    BuildAttributes$$THM_ISAv3M$S$PE$A:L22$X:L11$S22$IEEE1$IW$USESV6$~STKCKD$USESV7$~SHL$OSPACE$ROPI$EBA8$UX$STANDARDLIB$REQ8$PRES8$EABIv2 0x00000000   Number         0  anon$$obj.o ABSOLUTE
    __ARM_use_no_argv                        0x00000000   Number         0  main.o ABSOLUTE
    __Vectors                                0x00000000   Data           4  startup_nano100series.o(RESET)
    _printf_flags                            0x00000000   Number         0  printf_stubs.o ABSOLUTE
    _printf_return_value                     0x00000000   Number         0  printf_stubs.o ABSOLUTE
    _printf_sizespec                         0x00000000   Number         0  printf_stubs.o ABSOLUTE
    _printf_widthprec                        0x00000000   Number         0  printf_stubs.o ABSOLUTE
    __ARM_exceptions_init                     - Undefined Weak Reference
    __alloca_initialize                       - Undefined Weak Reference
    __arm_preinit_                            - Undefined Weak Reference
    __cpp_initialize__aeabi_                  - Undefined Weak Reference
    __cxa_finalize                            - Undefined Weak Reference
    __rt_locale                               - Undefined Weak Reference
    __sigvec_lookup                           - Undefined Weak Reference
    _atexit_init                              - Undefined Weak Reference
    _call_atexit_fns                          - Undefined Weak Reference
    _clock_init                               - Undefined Weak Reference
    _fp_trap_init                             - Undefined Weak Reference
    _fp_trap_shutdown                         - Undefined Weak Reference
    _get_lc_collate                           - Undefined Weak Reference
    _get_lc_ctype                             - Undefined Weak Reference
    _get_lc_monetary                          - Undefined Weak Reference
    _get_lc_numeric                           - Undefined Weak Reference
    _get_lc_time                              - Undefined Weak Reference
    _getenv_init                              - Undefined Weak Reference
    _handle_redirection                       - Undefined Weak Reference
    _init_alloc                               - Undefined Weak Reference
    _init_user_alloc                          - Undefined Weak Reference
    _initio                                   - Undefined Weak Reference
    _printf_truncate_signed                   - Undefined Weak Reference
    _printf_truncate_unsigned                 - Undefined Weak Reference
    _rand_init                                - Undefined Weak Reference
    _signal_finish                            - Undefined Weak Reference
    _signal_init                              - Undefined Weak Reference
    _terminate_alloc                          - Undefined Weak Reference
    _terminate_user_alloc                     - Undefined Weak Reference
    _terminateio                              - Undefined Weak Reference
    __main                                   0x000000c1   Thumb Code     8  __main.o(!!!main)
    __scatterload                            0x000000c9   Thumb Code     0  __scatter.o(!!!scatter)
    __scatterload_rt2                        0x000000c9   Thumb Code    52  __scatter.o(!!!scatter)
    __scatterload_rt2_thumb_only             0x000000c9   Thumb Code     0  __scatter.o(!!!scatter)
    __scatterload_null                       0x000000d9   Thumb Code     0  __scatter.o(!!!scatter)
    __scatterload_copy                       0x00000105   Thumb Code    26  __scatter_copy.o(!!handler_copy)
    __scatterload_zeroinit                   0x00000121   Thumb Code    28  __scatter_zi.o(!!handler_zi)
    _printf_percent                          0x0000013d   Thumb Code     0  _printf_percent.o(.ARM.Collect$$_printf_percent$$00000000)
    _printf_d                                0x0000013f   Thumb Code     0  _printf_d.o(.ARM.Collect$$_printf_percent$$00000009)
    _printf_x                                0x00000149   Thumb Code     0  _printf_x.o(.ARM.Collect$$_printf_percent$$0000000C)
    _printf_percent_end                      0x00000153   Thumb Code     0  _printf_percent_end.o(.ARM.Collect$$_printf_percent$$00000017)
    __rt_lib_init                            0x00000157   Thumb Code     0  libinit.o(.ARM.Collect$$libinit$$00000000)
    __rt_lib_init_alloca_1                   0x00000159   Thumb Code     0  libinit2.o(.ARM.Collect$$libinit$$0000002E)
    __rt_lib_init_argv_1                     0x00000159   Thumb Code     0  libinit2.o(.ARM.Collect$$libinit$$0000002C)
    __rt_lib_init_atexit_1                   0x00000159   Thumb Code     0  libinit2.o(.ARM.Collect$$libinit$$0000001B)
    __rt_lib_init_clock_1                    0x00000159   Thumb Code     0  libinit2.o(.ARM.Collect$$libinit$$00000021)
    __rt_lib_init_cpp_1                      0x00000159   Thumb Code     0  libinit2.o(.ARM.Collect$$libinit$$00000032)
    __rt_lib_init_exceptions_1               0x00000159   Thumb Code     0  libinit2.o(.ARM.Collect$$libinit$$00000030)
    __rt_lib_init_fp_1                       0x00000159   Thumb Code     0  libinit2.o(.ARM.Collect$$libinit$$00000002)
    __rt_lib_init_fp_trap_1                  0x00000159   Thumb Code     0  libinit2.o(.ARM.Collect$$libinit$$0000001F)
    __rt_lib_init_getenv_1                   0x00000159   Thumb Code     0  libinit2.o(.ARM.Collect$$libinit$$00000023)
    __rt_lib_init_heap_1                     0x00000159   Thumb Code     0  libinit2.o(.ARM.Collect$$libinit$$0000000A)
    __rt_lib_init_lc_collate_1               0x00000159   Thumb Code     0  libinit2.o(.ARM.Collect$$libinit$$00000011)
    __rt_lib_init_lc_ctype_1                 0x00000159   Thumb Code     0  libinit2.o(.ARM.Collect$$libinit$$00000013)
    __rt_lib_init_lc_monetary_1              0x00000159   Thumb Code     0  libinit2.o(.ARM.Collect$$libinit$$00000015)
    __rt_lib_init_lc_numeric_1               0x00000159   Thumb Code     0  libinit2.o(.ARM.Collect$$libinit$$00000017)
    __rt_lib_init_lc_time_1                  0x00000159   Thumb Code     0  libinit2.o(.ARM.Collect$$libinit$$00000019)
    __rt_lib_init_preinit_1                  0x00000159   Thumb Code     0  libinit2.o(.ARM.Collect$$libinit$$00000004)
    __rt_lib_init_rand_1                     0x00000159   Thumb Code     0  libinit2.o(.ARM.Collect$$libinit$$0000000E)
    __rt_lib_init_return                     0x00000159   Thumb Code     0  libinit2.o(.ARM.Collect$$libinit$$00000033)
    __rt_lib_init_signal_1                   0x00000159   Thumb Code     0  libinit2.o(.ARM.Collect$$libinit$$0000001D)
    __rt_lib_init_stdio_1                    0x00000159   Thumb Code     0  libinit2.o(.ARM.Collect$$libinit$$00000025)
    __rt_lib_init_user_alloc_1               0x00000159   Thumb Code     0  libinit2.o(.ARM.Collect$$libinit$$0000000C)
    __rt_lib_shutdown                        0x0000015b   Thumb Code     0  libshutdown.o(.ARM.Collect$$libshutdown$$00000000)
    __rt_lib_shutdown_cpp_1                  0x0000015d   Thumb Code     0  libshutdown2.o(.ARM.Collect$$libshutdown$$00000002)
    __rt_lib_shutdown_fp_trap_1              0x0000015d   Thumb Code     0  libshutdown2.o(.ARM.Collect$$libshutdown$$00000007)
    __rt_lib_shutdown_heap_1                 0x0000015d   Thumb Code     0  libshutdown2.o(.ARM.Collect$$libshutdown$$0000000F)
    __rt_lib_shutdown_return                 0x0000015d   Thumb Code     0  libshutdown2.o(.ARM.Collect$$libshutdown$$00000010)
    __rt_lib_shutdown_signal_1               0x0000015d   Thumb Code     0  libshutdown2.o(.ARM.Collect$$libshutdown$$0000000A)
    __rt_lib_shutdown_stdio_1                0x0000015d   Thumb Code     0  libshutdown2.o(.ARM.Collect$$libshutdown$$00000004)
    __rt_lib_shutdown_user_alloc_1           0x0000015d   Thumb Code     0  libshutdown2.o(.ARM.Collect$$libshutdown$$0000000C)
    __rt_entry                               0x0000015f   Thumb Code     0  __rtentry.o(.ARM.Collect$$rtentry$$00000000)
    __rt_entry_presh_1                       0x0000015f   Thumb Code     0  __rtentry2.o(.ARM.Collect$$rtentry$$00000002)
    __rt_entry_sh                            0x0000015f   Thumb Code     0  __rtentry4.o(.ARM.Collect$$rtentry$$00000004)
    __rt_entry_li                            0x00000165   Thumb Code     0  __rtentry2.o(.ARM.Collect$$rtentry$$0000000A)
    __rt_entry_postsh_1                      0x00000165   Thumb Code     0  __rtentry2.o(.ARM.Collect$$rtentry$$00000009)
    __rt_entry_main                          0x00000169   Thumb Code     0  __rtentry2.o(.ARM.Collect$$rtentry$$0000000D)
    __rt_entry_postli_1                      0x00000169   Thumb Code     0  __rtentry2.o(.ARM.Collect$$rtentry$$0000000C)
    __rt_exit                                0x00000171   Thumb Code     0  rtexit.o(.ARM.Collect$$rtexit$$00000000)
    __rt_exit_ls                             0x00000173   Thumb Code     0  rtexit2.o(.ARM.Collect$$rtexit$$00000003)
    __rt_exit_prels_1                        0x00000173   Thumb Code     0  rtexit2.o(.ARM.Collect$$rtexit$$00000002)
    __rt_exit_exit                           0x00000177   Thumb Code     0  rtexit2.o(.ARM.Collect$$rtexit$$00000004)
    HardFault_Handler                        0x0000017d   Thumb Code    24  retarget.o(.emb_text)
    Reset_Handler                            0x00000199   Thumb Code    28  startup_nano100series.o(.text)
    NMI_Handler                              0x000001b5   Thumb Code     2  startup_nano100series.o(.text)
    SVC_Handler                              0x000001b9   Thumb Code     2  startup_nano100series.o(.text)
    PendSV_Handler                           0x000001bb   Thumb Code     2  startup_nano100series.o(.text)
    ADC_IRQHandler                           0x000001bf   Thumb Code     0  startup_nano100series.o(.text)
    BOD_IRQHandler                           0x000001bf   Thumb Code     0  startup_nano100series.o(.text)
    DAC_IRQHandler                           0x000001bf   Thumb Code     0  startup_nano100series.o(.text)
    EINT0_IRQHandler                         0x000001bf   Thumb Code     0  startup_nano100series.o(.text)
    EINT1_IRQHandler                         0x000001bf   Thumb Code     0  startup_nano100series.o(.text)
    GPABC_IRQHandler                         0x000001bf   Thumb Code     0  startup_nano100series.o(.text)
    GPDEF_IRQHandler                         0x000001bf   Thumb Code     0  startup_nano100series.o(.text)
    HIRC_IRQHandler                          0x000001bf   Thumb Code     0  startup_nano100series.o(.text)
    I2C0_IRQHandler                          0x000001bf   Thumb Code     0  startup_nano100series.o(.text)
    I2C1_IRQHandler                          0x000001bf   Thumb Code     0  startup_nano100series.o(.text)
    I2S_IRQHandler                           0x000001bf   Thumb Code     0  startup_nano100series.o(.text)
    LCD_IRQHandler                           0x000001bf   Thumb Code     0  startup_nano100series.o(.text)
    PDMA_IRQHandler                          0x000001bf   Thumb Code     0  startup_nano100series.o(.text)
    PDWU_IRQHandler                          0x000001bf   Thumb Code     0  startup_nano100series.o(.text)
    PWM0_IRQHandler                          0x000001bf   Thumb Code     0  startup_nano100series.o(.text)
    PWM1_IRQHandler                          0x000001bf   Thumb Code     0  startup_nano100series.o(.text)
    RTC_IRQHandler                           0x000001bf   Thumb Code     0  startup_nano100series.o(.text)
    SC0_IRQHandler                           0x000001bf   Thumb Code     0  startup_nano100series.o(.text)
    SC1_IRQHandler                           0x000001bf   Thumb Code     0  startup_nano100series.o(.text)
    SC2_IRQHandler                           0x000001bf   Thumb Code     0  startup_nano100series.o(.text)
    SPI0_IRQHandler                          0x000001bf   Thumb Code     0  startup_nano100series.o(.text)
    SPI1_IRQHandler                          0x000001bf   Thumb Code     0  startup_nano100series.o(.text)
    SPI2_IRQHandler                          0x000001bf   Thumb Code     0  startup_nano100series.o(.text)
    TMR1_IRQHandler                          0x000001bf   Thumb Code     0  startup_nano100series.o(.text)
    TMR2_IRQHandler                          0x000001bf   Thumb Code     0  startup_nano100series.o(.text)
    TMR3_IRQHandler                          0x000001bf   Thumb Code     0  startup_nano100series.o(.text)
    UART1_IRQHandler                         0x000001bf   Thumb Code     0  startup_nano100series.o(.text)
    USBD_IRQHandler                          0x000001bf   Thumb Code     0  startup_nano100series.o(.text)
    WDT_IRQHandler                           0x000001bf   Thumb Code     0  startup_nano100series.o(.text)
    __user_initial_stackheap                 0x000001c1   Thumb Code     0  startup_nano100series.o(.text)
    __aeabi_ldivmod                          0x000001f9   Thumb Code   112  llsdiv.o(.text)
    _ll_sdiv                                 0x000001f9   Thumb Code     0  llsdiv.o(.text)
    __2printf                                0x00000269   Thumb Code    22  noretval__2printf.o(.text)
    __2sprintf                               0x00000285   Thumb Code    36  noretval__2sprintf.o(.text)
    _printf_pre_padding                      0x000002ad   Thumb Code    44  _printf_pad.o(.text)
    _printf_post_padding                     0x000002d9   Thumb Code    34  _printf_pad.o(.text)
    _printf_int_dec                          0x000002fd   Thumb Code    90  _printf_dec.o(.text)
    _printf_int_hex                          0x00000369   Thumb Code    84  _printf_hex_int.o(.text)
    _printf_longlong_hex                     0x00000369   Thumb Code     0  _printf_hex_int.o(.text)
    __printf                                 0x000003c1   Thumb Code   270  __printf_wp.o(.text)
    __aeabi_uidiv                            0x000004cf   Thumb Code     0  aeabi_sdiv.o(.text)
    __aeabi_uidivmod                         0x000004cf   Thumb Code    20  aeabi_sdiv.o(.text)
    __aeabi_idiv                             0x000004e3   Thumb Code     0  aeabi_sdiv.o(.text)
    __aeabi_idivmod                          0x000004e3   Thumb Code   326  aeabi_sdiv.o(.text)
    __use_two_region_memory                  0x00000629   Thumb Code     2  heapauxi.o(.text)
    __rt_heap_escrow$2region                 0x0000062b   Thumb Code     2  heapauxi.o(.text)
    __rt_heap_expand$2region                 0x0000062d   Thumb Code     2  heapauxi.o(.text)
    __aeabi_uldivmod                         0x0000062f   Thumb Code   258  lludiv.o(.text)
    _ll_udiv                                 0x0000062f   Thumb Code     0  lludiv.o(.text)
    _printf_int_common                       0x00000731   Thumb Code   176  _printf_intcommon.o(.text)
    _printf_char_common                      0x000007eb   Thumb Code    32  _printf_char_common.o(.text)
    _sputc                                   0x00000811   Thumb Code    10  _sputc.o(.text)
    _printf_char_file                        0x0000081d   Thumb Code    34  _printf_char_file.o(.text)
    __rt_udiv10                              0x00000845   Thumb Code    40  rtudiv10.o(.text)
    __user_setup_stackheap                   0x0000086d   Thumb Code    62  sys_stackheap_outer.o(.text)
    exit                                     0x000008ab   Thumb Code    16  exit.o(.text)
    __user_libspace                          0x000008bd   Thumb Code     8  libspace.o(.text)
    __user_perproc_libspace                  0x000008bd   Thumb Code     0  libspace.o(.text)
    __user_perthread_libspace                0x000008bd   Thumb Code     0  libspace.o(.text)
    _sys_exit                                0x000008c5   Thumb Code     8  sys_exit.o(.text)
    __I$use$semihosting                      0x000008d1   Thumb Code     0  use_no_semi.o(.text)
    __use_no_semihosting_swi                 0x000008d1   Thumb Code     2  use_no_semi.o(.text)
    __semihosting_library_function           0x000008d3   Thumb Code     0  indicate_semi.o(.text)
    CLK_EnableModuleClock                    0x000008d5   Thumb Code    32  clk.o(i.CLK_EnableModuleClock)
    CLK_SetModuleClock                       0x000008f9   Thumb Code    94  clk.o(i.CLK_SetModuleClock)
    GPIO_SetMode                             0x0000095d   Thumb Code    46  gpio.o(i.GPIO_SetMode)
    Hard_Fault_Handler                       0x0000098d   Thumb Code    18  retarget.o(i.Hard_Fault_Handler)
    SendChar                                 0x00000a31   Thumb Code    12  retarget.o(i.SendChar)
    SendChar_ToUART                          0x00000a3d   Thumb Code    48  retarget.o(i.SendChar_ToUART)
    SysTick_Handler                          0x00000a71   Thumb Code    12  my_systick.o(i.SysTick_Handler)
    TIMER_Delay                              0x00000a81   Thumb Code   168  timer.o(i.TIMER_Delay)
    TIMER_GetModuleClock                     0x00000b35   Thumb Code   102  timer.o(i.TIMER_GetModuleClock)
    TIMER_Open                               0x00000bb5   Thumb Code   102  timer.o(i.TIMER_Open)
    TMR0_IRQHandler                          0x00000c1d   Thumb Code    12  my_timer.o(i.TMR0_IRQHandler)
    UART0_IRQHandler                         0x00000c2d   Thumb Code    12  my_uart.o(i.UART0_IRQHandler)
    __ARM_common_ll_muluu                    0x00000c3d   Thumb Code    48  timer.o(i.__ARM_common_ll_muluu)
    _is_digit                                0x00000c6d   Thumb Code    14  __printf_wp.o(i._is_digit)
    ferror                                   0x00000c97   Thumb Code     8  retarget.o(i.ferror)
    fputc                                    0x00000c9f   Thumb Code    16  retarget.o(i.fputc)
    hr_spo2_id1                              0x00000caf   Thumb Code    24  my_max30102.o(i.hr_spo2_id1)
    hr_spo2_id2                              0x00000cc7   Thumb Code    24  my_max30102.o(i.hr_spo2_id2)
    i2c_read                                 0x00000ce1   Thumb Code   384  my_i2c.o(i.i2c_read)
    i2c_start                                0x00000e65   Thumb Code    92  my_i2c.o(i.i2c_start)
    i2c_stop                                 0x00000ec9   Thumb Code    40  my_i2c.o(i.i2c_stop)
    i2c_write                                0x00000ef5   Thumb Code   310  my_i2c.o(i.i2c_write)
    init_systick                             0x00001031   Thumb Code    54  my_systick.o(i.init_systick)
    init_timer0                              0x00001075   Thumb Code   112  my_timer.o(i.init_timer0)
    lcd_cmd                                  0x000010f5   Thumb Code    52  kd1602.o(i.lcd_cmd)
    lcd_init                                 0x00001131   Thumb Code   128  kd1602.o(i.lcd_init)
    lcd_print                                0x000011d5   Thumb Code    34  kd1602.o(i.lcd_print)
    lcd_put                                  0x000011f9   Thumb Code    54  kd1602.o(i.lcd_put)
    main                                     0x00001239   Thumb Code    74  main.o(i.main)
    set_read_1                               0x000012a5   Thumb Code    32  my_max30102_setwr.o(i.set_read_1)
    set_write_2                              0x000012c5   Thumb Code    24  my_max30102_setwr.o(i.set_write_2)
    stackDump                                0x000012dd   Thumb Code    70  retarget.o(i.stackDump)
    Region$$Table$$Base                      0x000013bc   Number         0  anon$$obj.o(Region$$Table)
    Region$$Table$$Limit                     0x000013dc   Number         0  anon$$obj.o(Region$$Table)
    tick                                     0x20000000   Data           4  my_systick.o(.data)
    __stdout                                 0x20000004   Data           4  retarget.o(.data)
    __stdin                                  0x20000008   Data           4  retarget.o(.data)
    SystemCoreClock                          0x2000000c   Data           4  system_nano100series.o(.data)
    CyclesPerUs                              0x20000010   Data           4  system_nano100series.o(.data)
    __libspace_start                         0x20000014   Data          96  libspace.o(.bss)
    __temporary_stack_top$libspace           0x20000074   Data           0  libspace.o(.bss)



==============================================================================

Memory Map of the image

  Image Entry point : 0x00000199

  Load Region LR_1 (Base: 0x00000000, Size: 0x000013f0, Max: 0xffffffff, ABSOLUTE)

    Execution Region ER_RO (Base: 0x00000000, Size: 0x000013dc, Max: 0xffffffff, ABSOLUTE)

    Base Addr    Size         Type   Attr      Idx    E Section Name        Object

    0x00000000   0x000000c0   Data   RO          971    RESET               startup_nano100series.o
    0x000000c0   0x00000008   Code   RO         1082  * !!!main             c_p.l(__main.o)
    0x000000c8   0x0000003c   Code   RO         1268    !!!scatter          c_p.l(__scatter.o)
    0x00000104   0x0000001a   Code   RO         1270    !!handler_copy      c_p.l(__scatter_copy.o)
    0x0000011e   0x00000002   PAD
    0x00000120   0x0000001c   Code   RO         1272    !!handler_zi        c_p.l(__scatter_zi.o)
    0x0000013c   0x00000002   Code   RO         1075    .ARM.Collect$$_printf_percent$$00000000  c_p.l(_printf_percent.o)
    0x0000013e   0x0000000a   Code   RO         1074    .ARM.Collect$$_printf_percent$$00000009  c_p.l(_printf_d.o)
    0x00000148   0x0000000a   Code   RO         1073    .ARM.Collect$$_printf_percent$$0000000C  c_p.l(_printf_x.o)
    0x00000152   0x00000004   Code   RO         1099    .ARM.Collect$$_printf_percent$$00000017  c_p.l(_printf_percent_end.o)
    0x00000156   0x00000002   Code   RO         1139    .ARM.Collect$$libinit$$00000000  c_p.l(libinit.o)
    0x00000158   0x00000000   Code   RO         1153    .ARM.Collect$$libinit$$00000002  c_p.l(libinit2.o)
    0x00000158   0x00000000   Code   RO         1155    .ARM.Collect$$libinit$$00000004  c_p.l(libinit2.o)
    0x00000158   0x00000000   Code   RO         1158    .ARM.Collect$$libinit$$0000000A  c_p.l(libinit2.o)
    0x00000158   0x00000000   Code   RO         1160    .ARM.Collect$$libinit$$0000000C  c_p.l(libinit2.o)
    0x00000158   0x00000000   Code   RO         1162    .ARM.Collect$$libinit$$0000000E  c_p.l(libinit2.o)
    0x00000158   0x00000000   Code   RO         1165    .ARM.Collect$$libinit$$00000011  c_p.l(libinit2.o)
    0x00000158   0x00000000   Code   RO         1167    .ARM.Collect$$libinit$$00000013  c_p.l(libinit2.o)
    0x00000158   0x00000000   Code   RO         1169    .ARM.Collect$$libinit$$00000015  c_p.l(libinit2.o)
    0x00000158   0x00000000   Code   RO         1171    .ARM.Collect$$libinit$$00000017  c_p.l(libinit2.o)
    0x00000158   0x00000000   Code   RO         1173    .ARM.Collect$$libinit$$00000019  c_p.l(libinit2.o)
    0x00000158   0x00000000   Code   RO         1175    .ARM.Collect$$libinit$$0000001B  c_p.l(libinit2.o)
    0x00000158   0x00000000   Code   RO         1177    .ARM.Collect$$libinit$$0000001D  c_p.l(libinit2.o)
    0x00000158   0x00000000   Code   RO         1179    .ARM.Collect$$libinit$$0000001F  c_p.l(libinit2.o)
    0x00000158   0x00000000   Code   RO         1181    .ARM.Collect$$libinit$$00000021  c_p.l(libinit2.o)
    0x00000158   0x00000000   Code   RO         1183    .ARM.Collect$$libinit$$00000023  c_p.l(libinit2.o)
    0x00000158   0x00000000   Code   RO         1185    .ARM.Collect$$libinit$$00000025  c_p.l(libinit2.o)
    0x00000158   0x00000000   Code   RO         1189    .ARM.Collect$$libinit$$0000002C  c_p.l(libinit2.o)
    0x00000158   0x00000000   Code   RO         1191    .ARM.Collect$$libinit$$0000002E  c_p.l(libinit2.o)
    0x00000158   0x00000000   Code   RO         1193    .ARM.Collect$$libinit$$00000030  c_p.l(libinit2.o)
    0x00000158   0x00000000   Code   RO         1195    .ARM.Collect$$libinit$$00000032  c_p.l(libinit2.o)
    0x00000158   0x00000002   Code   RO         1196    .ARM.Collect$$libinit$$00000033  c_p.l(libinit2.o)
    0x0000015a   0x00000002   Code   RO         1225    .ARM.Collect$$libshutdown$$00000000  c_p.l(libshutdown.o)
    0x0000015c   0x00000000   Code   RO         1251    .ARM.Collect$$libshutdown$$00000002  c_p.l(libshutdown2.o)
    0x0000015c   0x00000000   Code   RO         1253    .ARM.Collect$$libshutdown$$00000004  c_p.l(libshutdown2.o)
    0x0000015c   0x00000000   Code   RO         1256    .ARM.Collect$$libshutdown$$00000007  c_p.l(libshutdown2.o)
    0x0000015c   0x00000000   Code   RO         1259    .ARM.Collect$$libshutdown$$0000000A  c_p.l(libshutdown2.o)
    0x0000015c   0x00000000   Code   RO         1261    .ARM.Collect$$libshutdown$$0000000C  c_p.l(libshutdown2.o)
    0x0000015c   0x00000000   Code   RO         1264    .ARM.Collect$$libshutdown$$0000000F  c_p.l(libshutdown2.o)
    0x0000015c   0x00000002   Code   RO         1265    .ARM.Collect$$libshutdown$$00000010  c_p.l(libshutdown2.o)
    0x0000015e   0x00000000   Code   RO         1084    .ARM.Collect$$rtentry$$00000000  c_p.l(__rtentry.o)
    0x0000015e   0x00000000   Code   RO         1103    .ARM.Collect$$rtentry$$00000002  c_p.l(__rtentry2.o)
    0x0000015e   0x00000006   Code   RO         1115    .ARM.Collect$$rtentry$$00000004  c_p.l(__rtentry4.o)
    0x00000164   0x00000000   Code   RO         1105    .ARM.Collect$$rtentry$$00000009  c_p.l(__rtentry2.o)
    0x00000164   0x00000004   Code   RO         1106    .ARM.Collect$$rtentry$$0000000A  c_p.l(__rtentry2.o)
    0x00000168   0x00000000   Code   RO         1108    .ARM.Collect$$rtentry$$0000000C  c_p.l(__rtentry2.o)
    0x00000168   0x00000008   Code   RO         1109    .ARM.Collect$$rtentry$$0000000D  c_p.l(__rtentry2.o)
    0x00000170   0x00000002   Code   RO         1144    .ARM.Collect$$rtexit$$00000000  c_p.l(rtexit.o)
    0x00000172   0x00000000   Code   RO         1200    .ARM.Collect$$rtexit$$00000002  c_p.l(rtexit2.o)
    0x00000172   0x00000004   Code   RO         1201    .ARM.Collect$$rtexit$$00000003  c_p.l(rtexit2.o)
    0x00000176   0x00000006   Code   RO         1202    .ARM.Collect$$rtexit$$00000004  c_p.l(rtexit2.o)
    0x0000017c   0x0000001c   Code   RO          880    .emb_text           retarget.o
    0x00000198   0x00000060   Code   RO          972  * .text               startup_nano100series.o
    0x000001f8   0x00000070   Code   RO         1016    .text               c_p.l(llsdiv.o)
    0x00000268   0x0000001c   Code   RO         1022    .text               c_p.l(noretval__2printf.o)
    0x00000284   0x00000028   Code   RO         1024    .text               c_p.l(noretval__2sprintf.o)
    0x000002ac   0x0000004e   Code   RO         1028    .text               c_p.l(_printf_pad.o)
    0x000002fa   0x00000002   PAD
    0x000002fc   0x0000006c   Code   RO         1030    .text               c_p.l(_printf_dec.o)
    0x00000368   0x00000058   Code   RO         1035    .text               c_p.l(_printf_hex_int.o)
    0x000003c0   0x0000010e   Code   RO         1061    .text               c_p.l(__printf_wp.o)
    0x000004ce   0x0000015a   Code   RO         1076    .text               c_p.l(aeabi_sdiv.o)
    0x00000628   0x00000006   Code   RO         1080    .text               c_p.l(heapauxi.o)
    0x0000062e   0x00000102   Code   RO         1089    .text               c_p.l(lludiv.o)
    0x00000730   0x000000b0   Code   RO         1091    .text               c_p.l(_printf_intcommon.o)
    0x000007e0   0x00000030   Code   RO         1093    .text               c_p.l(_printf_char_common.o)
    0x00000810   0x0000000a   Code   RO         1095    .text               c_p.l(_sputc.o)
    0x0000081a   0x00000002   PAD
    0x0000081c   0x00000028   Code   RO         1097    .text               c_p.l(_printf_char_file.o)
    0x00000844   0x00000028   Code   RO         1100    .text               c_p.l(rtudiv10.o)
    0x0000086c   0x0000003e   Code   RO         1125    .text               c_p.l(sys_stackheap_outer.o)
    0x000008aa   0x00000010   Code   RO         1128    .text               c_p.l(exit.o)
    0x000008ba   0x00000002   PAD
    0x000008bc   0x00000008   Code   RO         1140    .text               c_p.l(libspace.o)
    0x000008c4   0x0000000c   Code   RO         1197    .text               c_p.l(sys_exit.o)
    0x000008d0   0x00000002   Code   RO         1214    .text               c_p.l(use_no_semi.o)
    0x000008d2   0x00000000   Code   RO         1216    .text               c_p.l(indicate_semi.o)
    0x000008d2   0x00000002   PAD
    0x000008d4   0x00000024   Code   RO          408    i.CLK_EnableModuleClock  clk.o
    0x000008f8   0x00000064   Code   RO          421    i.CLK_SetModuleClock  clk.o
    0x0000095c   0x0000002e   Code   RO          551    i.GPIO_SetMode      gpio.o
    0x0000098a   0x00000002   PAD
    0x0000098c   0x0000002c   Code   RO          882    i.Hard_Fault_Handler  retarget.o
    0x000009b8   0x00000078   Code   RO          206    i.NVIC_SetPriority  my_systick.o
    0x00000a30   0x0000000c   Code   RO          884    i.SendChar          retarget.o
    0x00000a3c   0x00000034   Code   RO          885    i.SendChar_ToUART   retarget.o
    0x00000a70   0x00000010   Code   RO          207    i.SysTick_Handler   my_systick.o
    0x00000a80   0x000000b4   Code   RO          668    i.TIMER_Delay       timer.o
    0x00000b34   0x00000080   Code   RO          675    i.TIMER_GetModuleClock  timer.o
    0x00000bb4   0x00000066   Code   RO          676    i.TIMER_Open        timer.o
    0x00000c1a   0x00000002   PAD
    0x00000c1c   0x00000010   Code   RO          318    i.TMR0_IRQHandler   my_timer.o
    0x00000c2c   0x00000010   Code   RO          250    i.UART0_IRQHandler  my_uart.o
    0x00000c3c   0x00000030   Code   RO          749    i.__ARM_common_ll_muluu  timer.o
    0x00000c6c   0x0000000e   Code   RO         1063    i._is_digit         c_p.l(__printf_wp.o)
    0x00000c7a   0x00000010   Code   RO          120    i.delay             kd1602.o
    0x00000c8a   0x0000000c   Code   RO          163    i.delay             my_i2c.o
    0x00000c96   0x00000008   Code   RO          887    i.ferror            retarget.o
    0x00000c9e   0x00000010   Code   RO          889    i.fputc             retarget.o
    0x00000cae   0x00000018   Code   RO          376    i.hr_spo2_id1       my_max30102.o
    0x00000cc6   0x00000018   Code   RO          377    i.hr_spo2_id2       my_max30102.o
    0x00000cde   0x00000002   PAD
    0x00000ce0   0x00000184   Code   RO          164    i.i2c_read          my_i2c.o
    0x00000e64   0x00000064   Code   RO          165    i.i2c_start         my_i2c.o
    0x00000ec8   0x0000002c   Code   RO          166    i.i2c_stop          my_i2c.o
    0x00000ef4   0x0000013c   Code   RO          167    i.i2c_write         my_i2c.o
    0x00001030   0x00000044   Code   RO          209    i.init_systick      my_systick.o
    0x00001074   0x00000080   Code   RO          319    i.init_timer0       my_timer.o
    0x000010f4   0x0000003c   Code   RO          121    i.lcd_cmd           kd1602.o
    0x00001130   0x000000a4   Code   RO          122    i.lcd_init          kd1602.o
    0x000011d4   0x00000022   Code   RO          123    i.lcd_print         kd1602.o
    0x000011f6   0x00000002   PAD
    0x000011f8   0x00000040   Code   RO          124    i.lcd_put           kd1602.o
    0x00001238   0x0000006c   Code   RO            3    i.main              main.o
    0x000012a4   0x00000020   Code   RO          350    i.set_read_1        my_max30102_setwr.o
    0x000012c4   0x00000018   Code   RO          351    i.set_write_2       my_max30102_setwr.o
    0x000012dc   0x000000a8   Code   RO          891    i.stackDump         retarget.o
    0x00001384   0x00000010   Data   RO          679    .constdata          timer.o
    0x00001394   0x00000028   Data   RO         1036    .constdata          c_p.l(_printf_hex_int.o)
    0x000013bc   0x00000020   Data   RO         1266    Region$$Table       anon$$obj.o


    Execution Region ER_RW (Base: 0x20000000, Size: 0x00000014, Max: 0xffffffff, ABSOLUTE)

    Base Addr    Size         Type   Attr      Idx    E Section Name        Object

    0x20000000   0x00000004   Data   RW          210    .data               my_systick.o
    0x20000004   0x00000008   Data   RW          892    .data               retarget.o
    0x2000000c   0x00000008   Data   RW          981    .data               system_nano100series.o


    Execution Region ER_ZI (Base: 0x20000014, Size: 0x00000a64, Max: 0xffffffff, ABSOLUTE)

    Base Addr    Size         Type   Attr      Idx    E Section Name        Object

    0x20000014   0x00000060   Zero   RW         1141    .bss                c_p.l(libspace.o)
    0x20000074   0x00000004   PAD
    0x20000078   0x00000500   Zero   RW          970    HEAP                startup_nano100series.o
    0x20000578   0x00000500   Zero   RW          969    STACK               startup_nano100series.o


==============================================================================

Image component sizes


      Code (inc. data)   RO Data    RW Data    ZI Data      Debug   Object Name

       136         10          0          0          0       1289   clk.o
        46          0          0          0          0       1019   gpio.o
       338         54          0          0          0       2147   kd1602.o
       108         34          0          0          0     116339   main.o
       860         22          0          0          0       3114   my_i2c.o
        48          0          0          0          0        844   my_max30102.o
        56          0          0          0          0       1023   my_max30102_setwr.o
       204         28          0          4          0       7660   my_systick.o
       144         20          0          0          0      31900   my_timer.o
        16          4          0          0          0       6523   my_uart.o
       328        132          0          8          0       5133   retarget.o
        96         46        192          0       2560        624   startup_nano100series.o
         0          0          0          8          0        266   system_nano100series.o
       458         38         16          0          0       2814   timer.o

    ----------------------------------------------------------------------
      2846        388        240         20       2560     180695   Object Totals
         0          0         32          0          0          0   (incl. Generated)
         8          0          0          0          0          0   (incl. Padding)

    ----------------------------------------------------------------------

      Code (inc. data)   RO Data    RW Data    ZI Data      Debug   Library Member Name

         8          0          0          0          0         68   __main.o
       284          0          0          0          0        136   __printf_wp.o
         0          0          0          0          0          0   __rtentry.o
        12          0          0          0          0          0   __rtentry2.o
         6          0          0          0          0          0   __rtentry4.o
        60          8          0          0          0          0   __scatter.o
        26          0          0          0          0          0   __scatter_copy.o
        28          0          0          0          0          0   __scatter_zi.o
        48          6          0          0          0         88   _printf_char_common.o
        40          6          0          0          0         72   _printf_char_file.o
        10          0          0          0          0          0   _printf_d.o
       108         18          0          0          0         76   _printf_dec.o
        88          4         40          0          0         72   _printf_hex_int.o
       176          0          0          0          0         84   _printf_intcommon.o
        78          0          0          0          0        100   _printf_pad.o
         2          0          0          0          0          0   _printf_percent.o
         4          0          0          0          0          0   _printf_percent_end.o
        10          0          0          0          0          0   _printf_x.o
        10          0          0          0          0         60   _sputc.o
       346          0          0          0          0         92   aeabi_sdiv.o
        16          0          0          0          0         68   exit.o
         6          0          0          0          0        136   heapauxi.o
         0          0          0          0          0          0   indicate_semi.o
         2          0          0          0          0          0   libinit.o
         2          0          0          0          0          0   libinit2.o
         2          0          0          0          0          0   libshutdown.o
         2          0          0          0          0          0   libshutdown2.o
         8          4          0          0         96         68   libspace.o
       112          0          0          0          0         72   llsdiv.o
       258          0          0          0          0         88   lludiv.o
        28          6          0          0          0         84   noretval__2printf.o
        40          4          0          0          0         84   noretval__2sprintf.o
         2          0          0          0          0          0   rtexit.o
        10          0          0          0          0          0   rtexit2.o
        40          0          0          0          0         60   rtudiv10.o
        12          4          0          0          0         60   sys_exit.o
        62          0          0          0          0         80   sys_stackheap_outer.o
         2          0          0          0          0         68   use_no_semi.o

    ----------------------------------------------------------------------
      1958         60         40          0        100       1716   Library Totals
        10          0          0          0          4          0   (incl. Padding)

    ----------------------------------------------------------------------

      Code (inc. data)   RO Data    RW Data    ZI Data      Debug   Library Name

      1948         60         40          0         96       1716   c_p.l

    ----------------------------------------------------------------------
      1958         60         40          0        100       1716   Library Totals

    ----------------------------------------------------------------------

==============================================================================


      Code (inc. data)   RO Data    RW Data    ZI Data      Debug   

      4804        448        280         20       2660     180191   Grand Totals
      4804        448        280         20       2660     180191   ELF Image Totals
      4804        448        280         20          0          0   ROM Totals

==============================================================================

    Total RO  Size (Code + RO Data)                 5084 (   4.96kB)
    Total RW  Size (RW Data + ZI Data)              2680 (   2.62kB)
    Total ROM Size (Code + RO Data + RW Data)       5104 (   4.98kB)

==============================================================================

